LYT-Net 2024 (c) Brateanu, A., Balmez, R., Avram A., Orhei, C.C.
(15/03/2025 22:33:03) Training on dataset: LOLv2_Real
(15/03/2025 22:33:03) Loading dataset LOLv2_Real.
(15/03/2025 22:33:05) Successfully loaded dataset.
(15/03/2025 22:33:07) Starting training.
(15/03/2025 22:35:15) Epoch 1 | GT-PSNR: 21.73 | PSNR: 12.16 | SSIM: 0.757 | loss=1.447791
(15/03/2025 22:35:15) Saved model as net_psnr_21.73_ssim_0.757_epoch_1_dataset_LOLv2_Real.h5.
(15/03/2025 22:36:53) Epoch 2 | GT-PSNR: 23.06 | PSNR: 17.40 | SSIM: 0.787 | loss=0.431577
(15/03/2025 22:36:53) Saved model as net_psnr_23.06_ssim_0.787_epoch_2_dataset_LOLv2_Real.h5.
(15/03/2025 22:38:31) Epoch 3 | GT-PSNR: 23.21 | PSNR: 16.61 | SSIM: 0.789 | loss=1.589609
(15/03/2025 22:38:32) Saved model as net_psnr_23.21_ssim_0.789_epoch_3_dataset_LOLv2_Real.h5.
(15/03/2025 22:40:09) Epoch 4 | GT-PSNR: 22.42 | PSNR: 14.20 | SSIM: 0.779 | loss=0.589421
(15/03/2025 22:41:48) Epoch 5 | GT-PSNR: 24.00 | PSNR: 16.16 | SSIM: 0.798 | loss=0.411763
(15/03/2025 22:41:48) Saved model as net_psnr_24.00_ssim_0.798_epoch_5_dataset_LOLv2_Real.h5.
(15/03/2025 22:43:26) Epoch 6 | GT-PSNR: 23.48 | PSNR: 19.49 | SSIM: 0.795 | loss=0.463372
(15/03/2025 22:45:04) Epoch 7 | GT-PSNR: 24.85 | PSNR: 15.55 | SSIM: 0.812 | loss=0.602194
(15/03/2025 22:45:04) Saved model as net_psnr_24.85_ssim_0.812_epoch_7_dataset_LOLv2_Real.h5.
(15/03/2025 22:46:43) Epoch 8 | GT-PSNR: 24.24 | PSNR: 18.12 | SSIM: 0.805 | loss=0.869733
(15/03/2025 22:48:21) Epoch 9 | GT-PSNR: 24.21 | PSNR: 19.05 | SSIM: 0.806 | loss=0.860368
(15/03/2025 22:50:00) Epoch 10 | GT-PSNR: 25.74 | PSNR: 19.20 | SSIM: 0.830 | loss=0.382601
(15/03/2025 22:50:00) Saved model as net_psnr_25.74_ssim_0.830_epoch_10_dataset_LOLv2_Real.h5.
(15/03/2025 22:51:38) Epoch 11 | GT-PSNR: 22.95 | PSNR: 17.43 | SSIM: 0.784 | loss=0.400274
(15/03/2025 22:53:17) Epoch 12 | GT-PSNR: 23.20 | PSNR: 16.15 | SSIM: 0.791 | loss=0.634791
(15/03/2025 22:54:57) Epoch 13 | GT-PSNR: 23.80 | PSNR: 17.27 | SSIM: 0.804 | loss=0.418465
(15/03/2025 22:56:35) Epoch 14 | GT-PSNR: 25.24 | PSNR: 16.50 | SSIM: 0.826 | loss=0.432989
(15/03/2025 22:58:14) Epoch 15 | GT-PSNR: 25.29 | PSNR: 15.34 | SSIM: 0.833 | loss=0.582799
(15/03/2025 22:59:53) Epoch 16 | GT-PSNR: 25.58 | PSNR: 18.82 | SSIM: 0.835 | loss=0.511254
(15/03/2025 23:01:32) Epoch 17 | GT-PSNR: 25.84 | PSNR: 17.41 | SSIM: 0.837 | loss=0.498847
(15/03/2025 23:01:32) Saved model as net_psnr_25.84_ssim_0.837_epoch_17_dataset_LOLv2_Real.h5.
(15/03/2025 23:03:11) Epoch 18 | GT-PSNR: 25.18 | PSNR: 16.26 | SSIM: 0.824 | loss=0.678119
(15/03/2025 23:04:49) Epoch 19 | GT-PSNR: 24.46 | PSNR: 20.11 | SSIM: 0.813 | loss=0.510438
(15/03/2025 23:06:28) Epoch 20 | GT-PSNR: 24.65 | PSNR: 18.86 | SSIM: 0.822 | loss=0.848526
(15/03/2025 23:08:07) Epoch 21 | GT-PSNR: 26.12 | PSNR: 18.13 | SSIM: 0.841 | loss=1.466423
(15/03/2025 23:08:07) Saved model as net_psnr_26.12_ssim_0.841_epoch_21_dataset_LOLv2_Real.h5.
(15/03/2025 23:09:47) Epoch 22 | GT-PSNR: 25.64 | PSNR: 19.12 | SSIM: 0.836 | loss=0.916350
(15/03/2025 23:11:26) Epoch 23 | GT-PSNR: 24.78 | PSNR: 15.18 | SSIM: 0.831 | loss=0.221300
(15/03/2025 23:13:05) Epoch 24 | GT-PSNR: 24.10 | PSNR: 17.80 | SSIM: 0.806 | loss=1.358664
(15/03/2025 23:14:44) Epoch 25 | GT-PSNR: 25.80 | PSNR: 20.38 | SSIM: 0.836 | loss=0.298846
(15/03/2025 23:16:23) Epoch 26 | GT-PSNR: 24.23 | PSNR: 19.85 | SSIM: 0.815 | loss=0.838944
(15/03/2025 23:18:02) Epoch 27 | GT-PSNR: 25.14 | PSNR: 16.90 | SSIM: 0.832 | loss=0.409214
(15/03/2025 23:19:42) Epoch 28 | GT-PSNR: 26.13 | PSNR: 16.57 | SSIM: 0.842 | loss=1.076902
(15/03/2025 23:19:42) Saved model as net_psnr_26.13_ssim_0.842_epoch_28_dataset_LOLv2_Real.h5.
(15/03/2025 23:21:21) Epoch 29 | GT-PSNR: 25.22 | PSNR: 19.93 | SSIM: 0.834 | loss=0.863143
(15/03/2025 23:23:00) Epoch 30 | GT-PSNR: 25.65 | PSNR: 20.69 | SSIM: 0.836 | loss=0.324213
(15/03/2025 23:24:39) Epoch 31 | GT-PSNR: 24.47 | PSNR: 16.26 | SSIM: 0.826 | loss=0.417961
(15/03/2025 23:26:18) Epoch 32 | GT-PSNR: 24.87 | PSNR: 17.86 | SSIM: 0.832 | loss=0.301741
(15/03/2025 23:27:56) Epoch 33 | GT-PSNR: 25.84 | PSNR: 19.92 | SSIM: 0.844 | loss=1.148140
(15/03/2025 23:29:35) Epoch 34 | GT-PSNR: 25.23 | PSNR: 19.24 | SSIM: 0.821 | loss=0.781304
(15/03/2025 23:31:14) Epoch 35 | GT-PSNR: 24.75 | PSNR: 18.65 | SSIM: 0.829 | loss=0.599416
(15/03/2025 23:32:53) Epoch 36 | GT-PSNR: 26.31 | PSNR: 18.94 | SSIM: 0.852 | loss=0.695800
(15/03/2025 23:32:53) Saved model as net_psnr_26.31_ssim_0.852_epoch_36_dataset_LOLv2_Real.h5.
(15/03/2025 23:34:32) Epoch 37 | GT-PSNR: 24.92 | PSNR: 19.73 | SSIM: 0.839 | loss=0.199388
(15/03/2025 23:36:11) Epoch 38 | GT-PSNR: 24.08 | PSNR: 18.30 | SSIM: 0.822 | loss=0.656893
(15/03/2025 23:37:50) Epoch 39 | GT-PSNR: 26.98 | PSNR: 20.64 | SSIM: 0.857 | loss=0.281104
(15/03/2025 23:37:51) Saved model as net_psnr_26.98_ssim_0.857_epoch_39_dataset_LOLv2_Real.h5.
(15/03/2025 23:39:30) Epoch 40 | GT-PSNR: 25.25 | PSNR: 18.41 | SSIM: 0.836 | loss=0.427718
(15/03/2025 23:41:10) Epoch 41 | GT-PSNR: 24.11 | PSNR: 16.68 | SSIM: 0.826 | loss=0.458041
(15/03/2025 23:42:49) Epoch 42 | GT-PSNR: 24.63 | PSNR: 17.18 | SSIM: 0.829 | loss=1.048622
(15/03/2025 23:44:28) Epoch 43 | GT-PSNR: 26.89 | PSNR: 22.19 | SSIM: 0.856 | loss=0.288601
(15/03/2025 23:46:07) Epoch 44 | GT-PSNR: 25.37 | PSNR: 20.41 | SSIM: 0.842 | loss=0.342239
(15/03/2025 23:47:45) Epoch 45 | GT-PSNR: 25.18 | PSNR: 18.79 | SSIM: 0.838 | loss=0.373694
(15/03/2025 23:49:23) Epoch 46 | GT-PSNR: 25.96 | PSNR: 21.01 | SSIM: 0.851 | loss=0.646652
(15/03/2025 23:51:01) Epoch 47 | GT-PSNR: 25.11 | PSNR: 19.94 | SSIM: 0.841 | loss=0.969827
(15/03/2025 23:52:39) Epoch 48 | GT-PSNR: 24.62 | PSNR: 18.34 | SSIM: 0.834 | loss=0.482645
(15/03/2025 23:54:17) Epoch 49 | GT-PSNR: 26.19 | PSNR: 20.14 | SSIM: 0.850 | loss=0.243149
(15/03/2025 23:55:54) Epoch 50 | GT-PSNR: 24.13 | PSNR: 18.74 | SSIM: 0.827 | loss=0.455588
(15/03/2025 23:57:32) Epoch 51 | GT-PSNR: 23.27 | PSNR: 15.73 | SSIM: 0.819 | loss=0.543436
(15/03/2025 23:59:10) Epoch 52 | GT-PSNR: 25.02 | PSNR: 18.27 | SSIM: 0.841 | loss=1.138391
(16/03/2025 00:00:48) Epoch 53 | GT-PSNR: 25.10 | PSNR: 17.06 | SSIM: 0.842 | loss=0.740009
(16/03/2025 00:02:25) Epoch 54 | GT-PSNR: 25.58 | PSNR: 17.50 | SSIM: 0.850 | loss=0.319377
(16/03/2025 00:04:03) Epoch 55 | GT-PSNR: 26.43 | PSNR: 19.15 | SSIM: 0.854 | loss=0.404597
(16/03/2025 00:05:41) Epoch 56 | GT-PSNR: 23.62 | PSNR: 19.34 | SSIM: 0.814 | loss=0.434479
(16/03/2025 00:07:18) Epoch 57 | GT-PSNR: 25.84 | PSNR: 16.68 | SSIM: 0.851 | loss=0.412219
(16/03/2025 00:08:55) Epoch 58 | GT-PSNR: 23.58 | PSNR: 17.83 | SSIM: 0.812 | loss=0.294690
(16/03/2025 00:10:34) Epoch 59 | GT-PSNR: 25.53 | PSNR: 17.45 | SSIM: 0.844 | loss=0.384738
(16/03/2025 00:12:11) Epoch 60 | GT-PSNR: 25.44 | PSNR: 17.35 | SSIM: 0.849 | loss=0.344402
(16/03/2025 00:13:48) Epoch 61 | GT-PSNR: 25.47 | PSNR: 19.32 | SSIM: 0.848 | loss=0.241590
(16/03/2025 00:15:26) Epoch 62 | GT-PSNR: 25.09 | PSNR: 15.48 | SSIM: 0.848 | loss=1.131345
(16/03/2025 00:17:04) Epoch 63 | GT-PSNR: 26.06 | PSNR: 20.06 | SSIM: 0.851 | loss=0.388670
(16/03/2025 00:18:42) Epoch 64 | GT-PSNR: 23.26 | PSNR: 18.23 | SSIM: 0.805 | loss=0.551924
(16/03/2025 00:20:19) Epoch 65 | GT-PSNR: 26.37 | PSNR: 17.17 | SSIM: 0.857 | loss=0.520934
(16/03/2025 00:21:57) Epoch 66 | GT-PSNR: 25.95 | PSNR: 19.88 | SSIM: 0.850 | loss=0.266992
(16/03/2025 00:23:35) Epoch 67 | GT-PSNR: 24.81 | PSNR: 18.56 | SSIM: 0.834 | loss=0.424650
(16/03/2025 00:25:13) Epoch 68 | GT-PSNR: 23.85 | PSNR: 14.91 | SSIM: 0.831 | loss=0.843895
(16/03/2025 00:26:51) Epoch 69 | GT-PSNR: 25.26 | PSNR: 20.18 | SSIM: 0.840 | loss=0.467769
(16/03/2025 00:28:29) Epoch 70 | GT-PSNR: 23.36 | PSNR: 14.54 | SSIM: 0.820 | loss=0.442263
(16/03/2025 00:30:07) Epoch 71 | GT-PSNR: 25.29 | PSNR: 15.01 | SSIM: 0.850 | loss=0.369375
(16/03/2025 00:31:44) Epoch 72 | GT-PSNR: 24.44 | PSNR: 20.40 | SSIM: 0.831 | loss=0.678352
(16/03/2025 00:33:22) Epoch 73 | GT-PSNR: 25.15 | PSNR: 17.72 | SSIM: 0.845 | loss=0.457354
(16/03/2025 00:34:59) Epoch 74 | GT-PSNR: 23.76 | PSNR: 17.57 | SSIM: 0.814 | loss=0.484962
(16/03/2025 00:36:37) Epoch 75 | GT-PSNR: 24.71 | PSNR: 19.95 | SSIM: 0.837 | loss=0.300299
(16/03/2025 00:38:15) Epoch 76 | GT-PSNR: 26.28 | PSNR: 20.11 | SSIM: 0.855 | loss=0.473696
(16/03/2025 00:39:53) Epoch 77 | GT-PSNR: 23.51 | PSNR: 17.17 | SSIM: 0.819 | loss=0.654952
(16/03/2025 00:41:30) Epoch 78 | GT-PSNR: 22.95 | PSNR: 17.58 | SSIM: 0.806 | loss=0.283168
(16/03/2025 00:43:08) Epoch 79 | GT-PSNR: 26.22 | PSNR: 18.00 | SSIM: 0.856 | loss=0.321380
(16/03/2025 00:44:46) Epoch 80 | GT-PSNR: 25.03 | PSNR: 17.51 | SSIM: 0.842 | loss=0.206974
(16/03/2025 00:46:23) Epoch 81 | GT-PSNR: 25.19 | PSNR: 18.50 | SSIM: 0.843 | loss=0.662061
(16/03/2025 00:48:01) Epoch 82 | GT-PSNR: 25.43 | PSNR: 17.35 | SSIM: 0.847 | loss=0.381449
(16/03/2025 00:49:38) Epoch 83 | GT-PSNR: 23.69 | PSNR: 14.65 | SSIM: 0.826 | loss=0.880716
(16/03/2025 00:51:16) Epoch 84 | GT-PSNR: 21.88 | PSNR: 15.67 | SSIM: 0.787 | loss=0.582422
(16/03/2025 00:52:54) Epoch 85 | GT-PSNR: 25.13 | PSNR: 17.85 | SSIM: 0.841 | loss=0.358123
(16/03/2025 00:54:32) Epoch 86 | GT-PSNR: 24.88 | PSNR: 16.53 | SSIM: 0.842 | loss=0.642730
(16/03/2025 00:56:09) Epoch 87 | GT-PSNR: 21.82 | PSNR: 17.24 | SSIM: 0.773 | loss=0.232984
(16/03/2025 00:57:47) Epoch 88 | GT-PSNR: 24.48 | PSNR: 20.46 | SSIM: 0.829 | loss=0.385380
(16/03/2025 00:59:24) Epoch 89 | GT-PSNR: 25.56 | PSNR: 18.56 | SSIM: 0.848 | loss=0.320672
(16/03/2025 01:01:01) Epoch 90 | GT-PSNR: 25.63 | PSNR: 17.55 | SSIM: 0.847 | loss=0.247248
(16/03/2025 01:02:39) Epoch 91 | GT-PSNR: 26.38 | PSNR: 21.38 | SSIM: 0.856 | loss=0.352747
(16/03/2025 01:04:16) Epoch 92 | GT-PSNR: 24.88 | PSNR: 17.40 | SSIM: 0.841 | loss=0.202097
(16/03/2025 01:05:54) Epoch 93 | GT-PSNR: 24.81 | PSNR: 19.18 | SSIM: 0.832 | loss=0.672940
(16/03/2025 01:07:31) Epoch 94 | GT-PSNR: 25.09 | PSNR: 19.23 | SSIM: 0.840 | loss=0.559564
(16/03/2025 01:09:09) Epoch 95 | GT-PSNR: 25.13 | PSNR: 17.86 | SSIM: 0.842 | loss=0.368193
(16/03/2025 01:10:47) Epoch 96 | GT-PSNR: 25.12 | PSNR: 19.98 | SSIM: 0.843 | loss=0.310677
(16/03/2025 01:12:25) Epoch 97 | GT-PSNR: 25.49 | PSNR: 17.84 | SSIM: 0.848 | loss=0.886428
(16/03/2025 01:14:02) Epoch 98 | GT-PSNR: 25.95 | PSNR: 19.20 | SSIM: 0.853 | loss=0.301886
(16/03/2025 01:15:39) Epoch 99 | GT-PSNR: 24.58 | PSNR: 17.13 | SSIM: 0.838 | loss=0.469917
(16/03/2025 01:17:17) Epoch 100 | GT-PSNR: 23.55 | PSNR: 17.53 | SSIM: 0.816 | loss=0.241661
(16/03/2025 01:18:54) Epoch 101 | GT-PSNR: 24.03 | PSNR: 17.74 | SSIM: 0.823 | loss=0.246905
(16/03/2025 01:20:32) Epoch 102 | GT-PSNR: 26.43 | PSNR: 21.04 | SSIM: 0.857 | loss=1.370339
(16/03/2025 01:22:09) Epoch 103 | GT-PSNR: 24.05 | PSNR: 18.23 | SSIM: 0.828 | loss=0.526030
(16/03/2025 01:23:47) Epoch 104 | GT-PSNR: 25.80 | PSNR: 17.60 | SSIM: 0.854 | loss=0.497379
(16/03/2025 01:25:24) Epoch 105 | GT-PSNR: 25.49 | PSNR: 20.45 | SSIM: 0.848 | loss=0.338753
(16/03/2025 01:27:02) Epoch 106 | GT-PSNR: 25.67 | PSNR: 18.22 | SSIM: 0.855 | loss=0.365436
(16/03/2025 01:28:39) Epoch 107 | GT-PSNR: 24.94 | PSNR: 18.83 | SSIM: 0.841 | loss=0.238380
(16/03/2025 01:30:16) Epoch 108 | GT-PSNR: 25.08 | PSNR: 18.91 | SSIM: 0.839 | loss=0.931005
(16/03/2025 01:31:54) Epoch 109 | GT-PSNR: 25.03 | PSNR: 20.00 | SSIM: 0.844 | loss=0.520289
(16/03/2025 01:33:32) Epoch 110 | GT-PSNR: 24.96 | PSNR: 19.03 | SSIM: 0.836 | loss=0.702652
(16/03/2025 01:35:10) Epoch 111 | GT-PSNR: 24.99 | PSNR: 18.14 | SSIM: 0.841 | loss=0.517198
(16/03/2025 01:36:47) Epoch 112 | GT-PSNR: 25.00 | PSNR: 18.78 | SSIM: 0.845 | loss=0.454723
(16/03/2025 01:38:25) Epoch 113 | GT-PSNR: 24.40 | PSNR: 18.87 | SSIM: 0.830 | loss=1.161445
(16/03/2025 01:40:03) Epoch 114 | GT-PSNR: 26.05 | PSNR: 17.46 | SSIM: 0.853 | loss=0.702680
(16/03/2025 01:41:41) Epoch 115 | GT-PSNR: 25.71 | PSNR: 17.31 | SSIM: 0.853 | loss=0.828361
(16/03/2025 01:43:19) Epoch 116 | GT-PSNR: 24.49 | PSNR: 16.97 | SSIM: 0.837 | loss=0.448117
(16/03/2025 01:44:56) Epoch 117 | GT-PSNR: 24.61 | PSNR: 19.05 | SSIM: 0.834 | loss=0.289921
(16/03/2025 01:46:34) Epoch 118 | GT-PSNR: 25.12 | PSNR: 17.24 | SSIM: 0.846 | loss=0.801514
(16/03/2025 01:48:11) Epoch 119 | GT-PSNR: 24.24 | PSNR: 16.18 | SSIM: 0.832 | loss=0.783568
(16/03/2025 01:49:49) Epoch 120 | GT-PSNR: 25.30 | PSNR: 18.84 | SSIM: 0.848 | loss=1.250968
(16/03/2025 01:51:27) Epoch 121 | GT-PSNR: 24.11 | PSNR: 19.72 | SSIM: 0.820 | loss=0.371048
(16/03/2025 01:53:04) Epoch 122 | GT-PSNR: 25.13 | PSNR: 18.08 | SSIM: 0.845 | loss=0.289225
(16/03/2025 01:54:43) Epoch 123 | GT-PSNR: 26.98 | PSNR: 19.93 | SSIM: 0.865 | loss=0.622359
(16/03/2025 01:54:43) Saved model as net_psnr_26.98_ssim_0.865_epoch_123_dataset_LOLv2_Real.h5.
(16/03/2025 01:56:20) Epoch 124 | GT-PSNR: 24.92 | PSNR: 16.08 | SSIM: 0.844 | loss=0.658123
(16/03/2025 01:57:58) Epoch 125 | GT-PSNR: 25.51 | PSNR: 17.35 | SSIM: 0.852 | loss=0.972718
(16/03/2025 01:59:36) Epoch 126 | GT-PSNR: 24.56 | PSNR: 19.24 | SSIM: 0.835 | loss=0.261872
(16/03/2025 02:01:14) Epoch 127 | GT-PSNR: 25.48 | PSNR: 19.87 | SSIM: 0.846 | loss=0.545913
(16/03/2025 02:02:51) Epoch 128 | GT-PSNR: 24.89 | PSNR: 20.54 | SSIM: 0.837 | loss=0.596492
(16/03/2025 02:04:30) Epoch 129 | GT-PSNR: 25.41 | PSNR: 17.21 | SSIM: 0.850 | loss=0.696385
(16/03/2025 02:06:07) Epoch 130 | GT-PSNR: 25.29 | PSNR: 20.58 | SSIM: 0.822 | loss=1.096815
(16/03/2025 02:07:45) Epoch 131 | GT-PSNR: 25.00 | PSNR: 18.42 | SSIM: 0.838 | loss=0.192329
(16/03/2025 02:09:22) Epoch 132 | GT-PSNR: 24.55 | PSNR: 18.54 | SSIM: 0.831 | loss=0.479186
(16/03/2025 02:11:00) Epoch 133 | GT-PSNR: 23.91 | PSNR: 15.39 | SSIM: 0.831 | loss=0.343528
(16/03/2025 02:12:38) Epoch 134 | GT-PSNR: 26.77 | PSNR: 21.64 | SSIM: 0.866 | loss=0.424649
(16/03/2025 02:14:16) Epoch 135 | GT-PSNR: 25.02 | PSNR: 17.81 | SSIM: 0.843 | loss=0.848715
(16/03/2025 02:15:55) Epoch 136 | GT-PSNR: 25.35 | PSNR: 18.96 | SSIM: 0.850 | loss=0.886639
(16/03/2025 02:17:32) Epoch 137 | GT-PSNR: 24.33 | PSNR: 20.02 | SSIM: 0.827 | loss=0.834294
(16/03/2025 02:19:10) Epoch 138 | GT-PSNR: 24.91 | PSNR: 19.53 | SSIM: 0.843 | loss=0.508848
(16/03/2025 02:20:48) Epoch 139 | GT-PSNR: 25.33 | PSNR: 16.01 | SSIM: 0.849 | loss=0.418400
(16/03/2025 02:22:26) Epoch 140 | GT-PSNR: 26.31 | PSNR: 20.07 | SSIM: 0.859 | loss=0.462715
(16/03/2025 02:24:04) Epoch 141 | GT-PSNR: 24.65 | PSNR: 17.44 | SSIM: 0.841 | loss=0.454627
(16/03/2025 02:25:41) Epoch 142 | GT-PSNR: 25.33 | PSNR: 16.16 | SSIM: 0.850 | loss=0.429153
(16/03/2025 02:27:19) Epoch 143 | GT-PSNR: 23.32 | PSNR: 16.63 | SSIM: 0.812 | loss=0.176247
(16/03/2025 02:28:56) Epoch 144 | GT-PSNR: 25.91 | PSNR: 20.42 | SSIM: 0.854 | loss=0.429316
(16/03/2025 02:30:34) Epoch 145 | GT-PSNR: 24.62 | PSNR: 17.66 | SSIM: 0.838 | loss=0.469716
(16/03/2025 02:32:12) Epoch 146 | GT-PSNR: 24.76 | PSNR: 18.70 | SSIM: 0.840 | loss=0.272803
(16/03/2025 02:33:50) Epoch 147 | GT-PSNR: 23.71 | PSNR: 16.91 | SSIM: 0.825 | loss=0.887005
(16/03/2025 02:35:28) Epoch 148 | GT-PSNR: 24.16 | PSNR: 17.20 | SSIM: 0.827 | loss=0.221535
(16/03/2025 02:37:05) Epoch 149 | GT-PSNR: 24.56 | PSNR: 18.11 | SSIM: 0.833 | loss=0.421931
(16/03/2025 02:38:43) Epoch 150 | GT-PSNR: 25.85 | PSNR: 16.49 | SSIM: 0.859 | loss=0.439405
(16/03/2025 02:40:21) Epoch 151 | GT-PSNR: 24.51 | PSNR: 15.58 | SSIM: 0.836 | loss=0.614106
(16/03/2025 02:41:59) Epoch 152 | GT-PSNR: 23.11 | PSNR: 16.17 | SSIM: 0.812 | loss=0.493901
(16/03/2025 02:43:37) Epoch 153 | GT-PSNR: 24.98 | PSNR: 19.20 | SSIM: 0.843 | loss=0.437638
(16/03/2025 02:45:14) Epoch 154 | GT-PSNR: 25.76 | PSNR: 18.64 | SSIM: 0.856 | loss=0.290444
(16/03/2025 02:46:51) Epoch 155 | GT-PSNR: 24.18 | PSNR: 18.21 | SSIM: 0.830 | loss=0.434087
(16/03/2025 02:48:29) Epoch 156 | GT-PSNR: 25.13 | PSNR: 18.52 | SSIM: 0.847 | loss=0.661286
(16/03/2025 02:50:07) Epoch 157 | GT-PSNR: 25.21 | PSNR: 19.47 | SSIM: 0.849 | loss=0.516598
(16/03/2025 02:51:45) Epoch 158 | GT-PSNR: 24.33 | PSNR: 17.45 | SSIM: 0.836 | loss=0.278910
(16/03/2025 02:53:23) Epoch 159 | GT-PSNR: 24.84 | PSNR: 17.92 | SSIM: 0.841 | loss=0.198614
(16/03/2025 02:55:01) Epoch 160 | GT-PSNR: 25.14 | PSNR: 18.17 | SSIM: 0.845 | loss=0.274571
(16/03/2025 02:56:39) Epoch 161 | GT-PSNR: 24.56 | PSNR: 17.77 | SSIM: 0.838 | loss=0.413769
(16/03/2025 02:58:17) Epoch 162 | GT-PSNR: 25.54 | PSNR: 19.09 | SSIM: 0.852 | loss=0.287870
(16/03/2025 02:59:55) Epoch 163 | GT-PSNR: 25.17 | PSNR: 16.39 | SSIM: 0.849 | loss=0.098609
(16/03/2025 03:01:33) Epoch 164 | GT-PSNR: 25.33 | PSNR: 16.95 | SSIM: 0.853 | loss=0.468633
(16/03/2025 03:03:11) Epoch 165 | GT-PSNR: 24.86 | PSNR: 18.69 | SSIM: 0.845 | loss=0.153934
(16/03/2025 03:04:50) Epoch 166 | GT-PSNR: 21.93 | PSNR: 15.33 | SSIM: 0.799 | loss=0.412272
(16/03/2025 03:06:28) Epoch 167 | GT-PSNR: 25.80 | PSNR: 18.19 | SSIM: 0.855 | loss=0.498367
(16/03/2025 03:08:06) Epoch 168 | GT-PSNR: 24.71 | PSNR: 17.85 | SSIM: 0.838 | loss=0.377352
(16/03/2025 03:09:44) Epoch 169 | GT-PSNR: 24.77 | PSNR: 17.77 | SSIM: 0.841 | loss=0.233312
(16/03/2025 03:11:21) Epoch 170 | GT-PSNR: 26.02 | PSNR: 19.05 | SSIM: 0.858 | loss=0.387735
(16/03/2025 03:13:00) Epoch 171 | GT-PSNR: 25.47 | PSNR: 19.02 | SSIM: 0.845 | loss=0.372295
(16/03/2025 03:14:38) Epoch 172 | GT-PSNR: 22.81 | PSNR: 18.22 | SSIM: 0.802 | loss=1.037551
(16/03/2025 03:16:16) Epoch 173 | GT-PSNR: 25.47 | PSNR: 19.38 | SSIM: 0.848 | loss=0.297625
(16/03/2025 03:17:53) Epoch 174 | GT-PSNR: 24.64 | PSNR: 19.27 | SSIM: 0.834 | loss=0.519260
(16/03/2025 03:19:31) Epoch 175 | GT-PSNR: 24.51 | PSNR: 16.56 | SSIM: 0.839 | loss=0.399432
(16/03/2025 03:21:09) Epoch 176 | GT-PSNR: 24.71 | PSNR: 16.73 | SSIM: 0.840 | loss=0.251243
(16/03/2025 03:22:47) Epoch 177 | GT-PSNR: 24.15 | PSNR: 15.73 | SSIM: 0.832 | loss=0.371400
(16/03/2025 03:24:24) Epoch 178 | GT-PSNR: 25.56 | PSNR: 20.35 | SSIM: 0.847 | loss=1.021942
(16/03/2025 03:26:02) Epoch 179 | GT-PSNR: 25.15 | PSNR: 17.86 | SSIM: 0.850 | loss=0.576306
(16/03/2025 03:27:40) Epoch 180 | GT-PSNR: 24.90 | PSNR: 17.02 | SSIM: 0.841 | loss=0.651563
(16/03/2025 03:29:17) Epoch 181 | GT-PSNR: 25.35 | PSNR: 17.17 | SSIM: 0.851 | loss=0.436837
(16/03/2025 03:30:55) Epoch 182 | GT-PSNR: 24.51 | PSNR: 17.37 | SSIM: 0.833 | loss=0.602726
(16/03/2025 03:32:33) Epoch 183 | GT-PSNR: 24.14 | PSNR: 18.84 | SSIM: 0.828 | loss=1.041801
(16/03/2025 03:34:11) Epoch 184 | GT-PSNR: 25.73 | PSNR: 19.46 | SSIM: 0.851 | loss=0.463189
(16/03/2025 03:35:48) Epoch 185 | GT-PSNR: 25.19 | PSNR: 19.15 | SSIM: 0.849 | loss=0.197112
(16/03/2025 03:37:27) Epoch 186 | GT-PSNR: 25.27 | PSNR: 17.18 | SSIM: 0.849 | loss=0.475427
(16/03/2025 03:39:05) Epoch 187 | GT-PSNR: 25.27 | PSNR: 17.91 | SSIM: 0.849 | loss=0.589161
(16/03/2025 03:40:43) Epoch 188 | GT-PSNR: 24.47 | PSNR: 18.64 | SSIM: 0.836 | loss=0.418356
(16/03/2025 03:42:20) Epoch 189 | GT-PSNR: 25.60 | PSNR: 18.38 | SSIM: 0.852 | loss=0.632505
(16/03/2025 03:43:58) Epoch 190 | GT-PSNR: 24.40 | PSNR: 17.20 | SSIM: 0.836 | loss=0.294945
(16/03/2025 03:45:36) Epoch 191 | GT-PSNR: 25.76 | PSNR: 18.44 | SSIM: 0.854 | loss=0.606182
(16/03/2025 03:47:14) Epoch 192 | GT-PSNR: 25.34 | PSNR: 16.96 | SSIM: 0.852 | loss=1.023112
(16/03/2025 03:48:52) Epoch 193 | GT-PSNR: 25.51 | PSNR: 18.04 | SSIM: 0.849 | loss=0.712293
(16/03/2025 03:50:30) Epoch 194 | GT-PSNR: 24.29 | PSNR: 17.50 | SSIM: 0.833 | loss=0.455512
(16/03/2025 03:52:08) Epoch 195 | GT-PSNR: 23.11 | PSNR: 17.25 | SSIM: 0.810 | loss=0.300245
(16/03/2025 03:53:47) Epoch 196 | GT-PSNR: 22.71 | PSNR: 16.13 | SSIM: 0.804 | loss=0.636992
(16/03/2025 03:55:25) Epoch 197 | GT-PSNR: 26.47 | PSNR: 19.82 | SSIM: 0.863 | loss=1.143798
(16/03/2025 03:57:03) Epoch 198 | GT-PSNR: 24.83 | PSNR: 19.59 | SSIM: 0.839 | loss=0.328400
(16/03/2025 03:58:41) Epoch 199 | GT-PSNR: 24.57 | PSNR: 18.97 | SSIM: 0.839 | loss=0.306740
(16/03/2025 04:00:19) Epoch 200 | GT-PSNR: 26.03 | PSNR: 19.60 | SSIM: 0.857 | loss=0.535185
(16/03/2025 04:01:57) Epoch 201 | GT-PSNR: 23.72 | PSNR: 16.78 | SSIM: 0.820 | loss=0.434663
(16/03/2025 04:03:35) Epoch 202 | GT-PSNR: 25.93 | PSNR: 18.85 | SSIM: 0.855 | loss=0.772305
(16/03/2025 04:05:13) Epoch 203 | GT-PSNR: 24.51 | PSNR: 16.62 | SSIM: 0.838 | loss=0.220752
(16/03/2025 04:06:50) Epoch 204 | GT-PSNR: 25.30 | PSNR: 17.40 | SSIM: 0.852 | loss=0.317829
(16/03/2025 04:08:29) Epoch 205 | GT-PSNR: 25.50 | PSNR: 17.88 | SSIM: 0.853 | loss=0.419403
(16/03/2025 04:10:07) Epoch 206 | GT-PSNR: 23.52 | PSNR: 19.17 | SSIM: 0.819 | loss=0.522022
(16/03/2025 04:11:45) Epoch 207 | GT-PSNR: 24.58 | PSNR: 16.21 | SSIM: 0.837 | loss=1.085212
(16/03/2025 04:13:23) Epoch 208 | GT-PSNR: 23.61 | PSNR: 17.59 | SSIM: 0.816 | loss=0.337269
(16/03/2025 04:15:01) Epoch 209 | GT-PSNR: 24.65 | PSNR: 17.91 | SSIM: 0.835 | loss=0.840988
(16/03/2025 04:16:39) Epoch 210 | GT-PSNR: 25.98 | PSNR: 16.78 | SSIM: 0.853 | loss=0.275830
(16/03/2025 04:18:17) Epoch 211 | GT-PSNR: 25.46 | PSNR: 20.13 | SSIM: 0.849 | loss=0.580226
(16/03/2025 04:19:55) Epoch 212 | GT-PSNR: 24.47 | PSNR: 18.32 | SSIM: 0.838 | loss=0.249644
(16/03/2025 04:21:33) Epoch 213 | GT-PSNR: 26.07 | PSNR: 20.38 | SSIM: 0.856 | loss=0.597656
(16/03/2025 04:23:11) Epoch 214 | GT-PSNR: 25.05 | PSNR: 17.85 | SSIM: 0.842 | loss=0.325453
(16/03/2025 04:24:49) Epoch 215 | GT-PSNR: 24.36 | PSNR: 17.42 | SSIM: 0.830 | loss=0.684174
(16/03/2025 04:27:08) Epoch 216 | GT-PSNR: 25.39 | PSNR: 16.39 | SSIM: 0.852 | loss=0.226606
(16/03/2025 04:28:45) Epoch 217 | GT-PSNR: 25.56 | PSNR: 20.40 | SSIM: 0.845 | loss=0.250558
(16/03/2025 04:30:23) Epoch 218 | GT-PSNR: 25.32 | PSNR: 19.87 | SSIM: 0.847 | loss=0.146833
(16/03/2025 04:32:01) Epoch 219 | GT-PSNR: 25.53 | PSNR: 19.93 | SSIM: 0.848 | loss=0.176786
(16/03/2025 04:33:39) Epoch 220 | GT-PSNR: 25.36 | PSNR: 17.53 | SSIM: 0.849 | loss=0.645921
(16/03/2025 04:35:18) Epoch 221 | GT-PSNR: 24.72 | PSNR: 17.05 | SSIM: 0.847 | loss=0.946030
(16/03/2025 04:36:55) Epoch 222 | GT-PSNR: 26.15 | PSNR: 19.43 | SSIM: 0.860 | loss=0.392184
(16/03/2025 04:38:34) Epoch 223 | GT-PSNR: 25.73 | PSNR: 18.76 | SSIM: 0.851 | loss=1.078335
(16/03/2025 04:40:10) Epoch 224 | GT-PSNR: 24.70 | PSNR: 18.16 | SSIM: 0.840 | loss=0.333311
(16/03/2025 04:41:48) Epoch 225 | GT-PSNR: 25.80 | PSNR: 17.17 | SSIM: 0.856 | loss=0.777636
(16/03/2025 04:43:27) Epoch 226 | GT-PSNR: 25.37 | PSNR: 17.93 | SSIM: 0.853 | loss=0.309113
(16/03/2025 04:45:05) Epoch 227 | GT-PSNR: 25.35 | PSNR: 19.83 | SSIM: 0.840 | loss=0.443769
(16/03/2025 04:46:43) Epoch 228 | GT-PSNR: 26.51 | PSNR: 20.02 | SSIM: 0.858 | loss=0.260364
(16/03/2025 04:48:21) Epoch 229 | GT-PSNR: 26.53 | PSNR: 18.82 | SSIM: 0.861 | loss=0.249334
(16/03/2025 04:49:59) Epoch 230 | GT-PSNR: 26.41 | PSNR: 19.14 | SSIM: 0.863 | loss=0.498166
(16/03/2025 04:51:38) Epoch 231 | GT-PSNR: 25.38 | PSNR: 18.03 | SSIM: 0.850 | loss=0.805774
(16/03/2025 04:53:16) Epoch 232 | GT-PSNR: 24.12 | PSNR: 15.57 | SSIM: 0.838 | loss=0.939852
(16/03/2025 04:54:54) Epoch 233 | GT-PSNR: 25.34 | PSNR: 17.54 | SSIM: 0.850 | loss=0.499368
(16/03/2025 04:56:33) Epoch 234 | GT-PSNR: 23.50 | PSNR: 16.96 | SSIM: 0.817 | loss=0.265560
(16/03/2025 04:58:11) Epoch 235 | GT-PSNR: 24.92 | PSNR: 18.36 | SSIM: 0.840 | loss=0.396049
(16/03/2025 04:59:48) Epoch 236 | GT-PSNR: 24.88 | PSNR: 16.76 | SSIM: 0.846 | loss=0.892274
(16/03/2025 05:01:26) Epoch 237 | GT-PSNR: 24.83 | PSNR: 17.89 | SSIM: 0.843 | loss=0.311563
(16/03/2025 05:03:04) Epoch 238 | GT-PSNR: 24.84 | PSNR: 17.80 | SSIM: 0.840 | loss=0.982158
(16/03/2025 05:04:42) Epoch 239 | GT-PSNR: 24.97 | PSNR: 17.02 | SSIM: 0.844 | loss=0.318847
(16/03/2025 05:06:21) Epoch 240 | GT-PSNR: 23.69 | PSNR: 18.54 | SSIM: 0.813 | loss=0.467026
(16/03/2025 05:07:59) Epoch 241 | GT-PSNR: 26.32 | PSNR: 18.37 | SSIM: 0.858 | loss=0.248868
(16/03/2025 05:09:37) Epoch 242 | GT-PSNR: 25.49 | PSNR: 17.54 | SSIM: 0.856 | loss=0.218159
(16/03/2025 05:11:14) Epoch 243 | GT-PSNR: 23.63 | PSNR: 17.16 | SSIM: 0.824 | loss=1.459622
(16/03/2025 05:12:52) Epoch 244 | GT-PSNR: 25.77 | PSNR: 20.16 | SSIM: 0.853 | loss=0.340204
(16/03/2025 05:14:29) Epoch 245 | GT-PSNR: 25.84 | PSNR: 20.15 | SSIM: 0.851 | loss=0.221658
(16/03/2025 05:16:07) Epoch 246 | GT-PSNR: 25.73 | PSNR: 19.35 | SSIM: 0.853 | loss=0.426489
(16/03/2025 05:17:44) Epoch 247 | GT-PSNR: 25.76 | PSNR: 17.56 | SSIM: 0.852 | loss=0.250962
(16/03/2025 05:19:23) Epoch 248 | GT-PSNR: 25.43 | PSNR: 19.19 | SSIM: 0.844 | loss=0.313458
(16/03/2025 05:21:02) Epoch 249 | GT-PSNR: 24.86 | PSNR: 18.58 | SSIM: 0.838 | loss=0.239365
(16/03/2025 05:22:40) Epoch 250 | GT-PSNR: 25.93 | PSNR: 20.13 | SSIM: 0.854 | loss=0.560910
(16/03/2025 05:24:18) Epoch 251 | GT-PSNR: 26.13 | PSNR: 20.08 | SSIM: 0.857 | loss=0.407032
(16/03/2025 05:25:55) Epoch 252 | GT-PSNR: 25.43 | PSNR: 18.47 | SSIM: 0.850 | loss=0.676923
(16/03/2025 05:27:33) Epoch 253 | GT-PSNR: 25.77 | PSNR: 18.18 | SSIM: 0.853 | loss=0.491736
(16/03/2025 05:29:11) Epoch 254 | GT-PSNR: 25.42 | PSNR: 18.92 | SSIM: 0.852 | loss=0.572862
(16/03/2025 05:30:48) Epoch 255 | GT-PSNR: 25.92 | PSNR: 17.36 | SSIM: 0.858 | loss=0.401869
(16/03/2025 05:32:26) Epoch 256 | GT-PSNR: 24.84 | PSNR: 18.75 | SSIM: 0.840 | loss=0.949840
(16/03/2025 05:34:04) Epoch 257 | GT-PSNR: 24.37 | PSNR: 17.53 | SSIM: 0.826 | loss=0.478590
(16/03/2025 05:35:43) Epoch 258 | GT-PSNR: 24.50 | PSNR: 18.23 | SSIM: 0.834 | loss=0.610237
(16/03/2025 05:37:21) Epoch 259 | GT-PSNR: 24.86 | PSNR: 16.84 | SSIM: 0.847 | loss=0.496736
(16/03/2025 05:38:59) Epoch 260 | GT-PSNR: 26.42 | PSNR: 18.76 | SSIM: 0.863 | loss=0.367849
(16/03/2025 05:40:37) Epoch 261 | GT-PSNR: 25.87 | PSNR: 18.81 | SSIM: 0.852 | loss=1.056067
(16/03/2025 05:42:15) Epoch 262 | GT-PSNR: 25.26 | PSNR: 19.07 | SSIM: 0.846 | loss=0.356816
(16/03/2025 05:43:53) Epoch 263 | GT-PSNR: 24.58 | PSNR: 17.76 | SSIM: 0.838 | loss=0.294516
(16/03/2025 05:45:30) Epoch 264 | GT-PSNR: 26.13 | PSNR: 19.59 | SSIM: 0.860 | loss=0.333871
(16/03/2025 05:47:07) Epoch 265 | GT-PSNR: 24.34 | PSNR: 18.45 | SSIM: 0.826 | loss=1.063999
(16/03/2025 05:48:43) Epoch 266 | GT-PSNR: 25.48 | PSNR: 18.54 | SSIM: 0.849 | loss=0.295917
(16/03/2025 05:50:20) Epoch 267 | GT-PSNR: 25.51 | PSNR: 18.02 | SSIM: 0.849 | loss=0.608895
(16/03/2025 05:51:56) Epoch 268 | GT-PSNR: 24.32 | PSNR: 17.94 | SSIM: 0.826 | loss=0.434915
(16/03/2025 05:53:33) Epoch 269 | GT-PSNR: 25.65 | PSNR: 18.50 | SSIM: 0.852 | loss=0.236655
(16/03/2025 05:55:09) Epoch 270 | GT-PSNR: 25.44 | PSNR: 18.71 | SSIM: 0.847 | loss=0.428533
(16/03/2025 05:56:46) Epoch 271 | GT-PSNR: 24.75 | PSNR: 18.01 | SSIM: 0.843 | loss=0.489628
(16/03/2025 05:58:22) Epoch 272 | GT-PSNR: 24.66 | PSNR: 16.67 | SSIM: 0.844 | loss=0.307025
(16/03/2025 05:59:58) Epoch 273 | GT-PSNR: 26.29 | PSNR: 17.21 | SSIM: 0.862 | loss=0.408027
(16/03/2025 06:01:35) Epoch 274 | GT-PSNR: 26.17 | PSNR: 19.14 | SSIM: 0.858 | loss=0.303890
(16/03/2025 06:03:11) Epoch 275 | GT-PSNR: 24.54 | PSNR: 17.09 | SSIM: 0.841 | loss=0.274774
(16/03/2025 06:04:48) Epoch 276 | GT-PSNR: 24.99 | PSNR: 18.61 | SSIM: 0.836 | loss=0.682436
(16/03/2025 06:06:24) Epoch 277 | GT-PSNR: 25.02 | PSNR: 18.16 | SSIM: 0.837 | loss=0.778242
(16/03/2025 06:08:01) Epoch 278 | GT-PSNR: 24.07 | PSNR: 17.03 | SSIM: 0.828 | loss=0.298821
(16/03/2025 06:09:38) Epoch 279 | GT-PSNR: 24.16 | PSNR: 18.80 | SSIM: 0.829 | loss=0.699667
(16/03/2025 06:11:15) Epoch 280 | GT-PSNR: 25.58 | PSNR: 19.75 | SSIM: 0.853 | loss=0.408459
(16/03/2025 06:12:52) Epoch 281 | GT-PSNR: 26.17 | PSNR: 19.75 | SSIM: 0.858 | loss=0.316915
(16/03/2025 06:14:29) Epoch 282 | GT-PSNR: 24.87 | PSNR: 17.70 | SSIM: 0.843 | loss=0.202220
(16/03/2025 06:16:05) Epoch 283 | GT-PSNR: 25.87 | PSNR: 20.11 | SSIM: 0.853 | loss=0.309678
(16/03/2025 06:17:41) Epoch 284 | GT-PSNR: 24.96 | PSNR: 17.40 | SSIM: 0.850 | loss=0.482633
(16/03/2025 06:19:18) Epoch 285 | GT-PSNR: 24.25 | PSNR: 17.24 | SSIM: 0.837 | loss=1.028218
(16/03/2025 06:20:54) Epoch 286 | GT-PSNR: 24.43 | PSNR: 17.27 | SSIM: 0.835 | loss=0.245839
(16/03/2025 06:22:30) Epoch 287 | GT-PSNR: 24.64 | PSNR: 17.95 | SSIM: 0.839 | loss=0.490470
(16/03/2025 06:24:06) Epoch 288 | GT-PSNR: 25.86 | PSNR: 19.97 | SSIM: 0.856 | loss=0.243395
(16/03/2025 06:25:42) Epoch 289 | GT-PSNR: 25.36 | PSNR: 19.06 | SSIM: 0.849 | loss=0.262638
(16/03/2025 06:27:18) Epoch 290 | GT-PSNR: 24.71 | PSNR: 17.00 | SSIM: 0.844 | loss=0.246031
(16/03/2025 06:28:55) Epoch 291 | GT-PSNR: 25.89 | PSNR: 18.28 | SSIM: 0.856 | loss=0.313446
(16/03/2025 06:30:31) Epoch 292 | GT-PSNR: 23.94 | PSNR: 18.62 | SSIM: 0.826 | loss=0.197125
(16/03/2025 06:32:08) Epoch 293 | GT-PSNR: 25.56 | PSNR: 16.57 | SSIM: 0.851 | loss=0.411545
(16/03/2025 06:33:44) Epoch 294 | GT-PSNR: 25.59 | PSNR: 16.34 | SSIM: 0.854 | loss=0.839457
(16/03/2025 06:35:21) Epoch 295 | GT-PSNR: 26.34 | PSNR: 18.84 | SSIM: 0.860 | loss=0.392062
(16/03/2025 06:36:57) Epoch 296 | GT-PSNR: 25.54 | PSNR: 19.40 | SSIM: 0.854 | loss=0.626338
(16/03/2025 06:38:33) Epoch 297 | GT-PSNR: 25.35 | PSNR: 18.87 | SSIM: 0.849 | loss=0.274668
(16/03/2025 06:40:10) Epoch 298 | GT-PSNR: 25.48 | PSNR: 18.90 | SSIM: 0.848 | loss=0.228482
(16/03/2025 06:41:46) Epoch 299 | GT-PSNR: 26.05 | PSNR: 18.08 | SSIM: 0.863 | loss=0.303292
(16/03/2025 06:43:22) Epoch 300 | GT-PSNR: 24.49 | PSNR: 17.07 | SSIM: 0.838 | loss=0.541395
(16/03/2025 06:44:58) Epoch 301 | GT-PSNR: 25.41 | PSNR: 17.03 | SSIM: 0.856 | loss=0.353060
(16/03/2025 06:46:34) Epoch 302 | GT-PSNR: 25.33 | PSNR: 19.66 | SSIM: 0.842 | loss=0.520667
(16/03/2025 06:48:10) Epoch 303 | GT-PSNR: 25.17 | PSNR: 18.22 | SSIM: 0.848 | loss=0.730576
(16/03/2025 06:49:47) Epoch 304 | GT-PSNR: 24.58 | PSNR: 17.72 | SSIM: 0.839 | loss=0.222152
(16/03/2025 06:51:23) Epoch 305 | GT-PSNR: 26.16 | PSNR: 18.20 | SSIM: 0.854 | loss=0.663313
(16/03/2025 06:53:00) Epoch 306 | GT-PSNR: 26.37 | PSNR: 20.22 | SSIM: 0.856 | loss=0.569437
(16/03/2025 06:54:37) Epoch 307 | GT-PSNR: 25.79 | PSNR: 17.74 | SSIM: 0.858 | loss=0.605448
(16/03/2025 06:56:13) Epoch 308 | GT-PSNR: 23.20 | PSNR: 16.48 | SSIM: 0.816 | loss=0.279397
(16/03/2025 06:57:50) Epoch 309 | GT-PSNR: 25.14 | PSNR: 19.45 | SSIM: 0.842 | loss=0.838372
(16/03/2025 06:59:27) Epoch 310 | GT-PSNR: 25.89 | PSNR: 20.07 | SSIM: 0.852 | loss=0.270863
(16/03/2025 07:01:03) Epoch 311 | GT-PSNR: 24.46 | PSNR: 16.61 | SSIM: 0.835 | loss=0.274584
(16/03/2025 07:02:40) Epoch 312 | GT-PSNR: 26.02 | PSNR: 19.56 | SSIM: 0.857 | loss=0.789937
(16/03/2025 07:04:17) Epoch 313 | GT-PSNR: 26.05 | PSNR: 19.11 | SSIM: 0.857 | loss=0.218980
(16/03/2025 07:05:54) Epoch 314 | GT-PSNR: 25.56 | PSNR: 17.93 | SSIM: 0.858 | loss=0.462202
(16/03/2025 07:07:31) Epoch 315 | GT-PSNR: 25.68 | PSNR: 17.78 | SSIM: 0.853 | loss=0.522315
(16/03/2025 07:09:07) Epoch 316 | GT-PSNR: 23.51 | PSNR: 17.14 | SSIM: 0.814 | loss=0.720083
(16/03/2025 07:10:44) Epoch 317 | GT-PSNR: 24.59 | PSNR: 18.48 | SSIM: 0.833 | loss=0.278662
(16/03/2025 07:12:21) Epoch 318 | GT-PSNR: 24.99 | PSNR: 19.78 | SSIM: 0.845 | loss=0.275827
(16/03/2025 07:13:58) Epoch 319 | GT-PSNR: 26.04 | PSNR: 17.49 | SSIM: 0.857 | loss=0.910219
(16/03/2025 07:15:35) Epoch 320 | GT-PSNR: 24.49 | PSNR: 18.55 | SSIM: 0.832 | loss=0.299177
(16/03/2025 07:17:11) Epoch 321 | GT-PSNR: 24.84 | PSNR: 18.18 | SSIM: 0.844 | loss=0.835325
(16/03/2025 07:18:48) Epoch 322 | GT-PSNR: 25.11 | PSNR: 16.98 | SSIM: 0.847 | loss=0.657676
(16/03/2025 07:20:25) Epoch 323 | GT-PSNR: 25.04 | PSNR: 19.04 | SSIM: 0.846 | loss=0.209322
(16/03/2025 07:22:01) Epoch 324 | GT-PSNR: 25.96 | PSNR: 19.97 | SSIM: 0.859 | loss=1.059554
(16/03/2025 07:23:38) Epoch 325 | GT-PSNR: 25.67 | PSNR: 19.86 | SSIM: 0.849 | loss=0.317256
(16/03/2025 07:25:15) Epoch 326 | GT-PSNR: 24.22 | PSNR: 17.66 | SSIM: 0.832 | loss=0.409413
(16/03/2025 07:26:52) Epoch 327 | GT-PSNR: 26.13 | PSNR: 18.85 | SSIM: 0.860 | loss=1.189768
(16/03/2025 07:28:28) Epoch 328 | GT-PSNR: 25.25 | PSNR: 19.18 | SSIM: 0.850 | loss=0.445249
(16/03/2025 07:30:05) Epoch 329 | GT-PSNR: 25.29 | PSNR: 19.05 | SSIM: 0.850 | loss=0.347711
(16/03/2025 07:31:41) Epoch 330 | GT-PSNR: 25.69 | PSNR: 19.22 | SSIM: 0.852 | loss=0.208540
(16/03/2025 07:33:18) Epoch 331 | GT-PSNR: 25.05 | PSNR: 15.79 | SSIM: 0.855 | loss=0.250160
(16/03/2025 07:34:55) Epoch 332 | GT-PSNR: 26.44 | PSNR: 20.18 | SSIM: 0.863 | loss=0.492663
(16/03/2025 07:36:32) Epoch 333 | GT-PSNR: 23.90 | PSNR: 16.27 | SSIM: 0.831 | loss=0.283480
(16/03/2025 07:38:10) Epoch 334 | GT-PSNR: 25.48 | PSNR: 17.66 | SSIM: 0.851 | loss=0.296180
(16/03/2025 07:39:46) Epoch 335 | GT-PSNR: 25.95 | PSNR: 18.42 | SSIM: 0.855 | loss=0.112529
(16/03/2025 07:41:23) Epoch 336 | GT-PSNR: 25.34 | PSNR: 17.35 | SSIM: 0.855 | loss=0.742229
(16/03/2025 07:42:59) Epoch 337 | GT-PSNR: 25.88 | PSNR: 19.47 | SSIM: 0.858 | loss=0.189832
(16/03/2025 07:44:36) Epoch 338 | GT-PSNR: 25.10 | PSNR: 16.66 | SSIM: 0.846 | loss=0.276874
(16/03/2025 07:46:14) Epoch 339 | GT-PSNR: 24.94 | PSNR: 16.95 | SSIM: 0.844 | loss=0.251678
(16/03/2025 07:47:51) Epoch 340 | GT-PSNR: 25.41 | PSNR: 19.71 | SSIM: 0.849 | loss=0.273792
(16/03/2025 07:49:27) Epoch 341 | GT-PSNR: 25.70 | PSNR: 18.54 | SSIM: 0.854 | loss=0.933430
(16/03/2025 07:51:04) Epoch 342 | GT-PSNR: 25.62 | PSNR: 18.34 | SSIM: 0.853 | loss=0.329430
(16/03/2025 07:52:41) Epoch 343 | GT-PSNR: 24.11 | PSNR: 18.55 | SSIM: 0.825 | loss=0.495997
(16/03/2025 07:54:19) Epoch 344 | GT-PSNR: 25.81 | PSNR: 18.33 | SSIM: 0.858 | loss=0.228282
(16/03/2025 07:55:56) Epoch 345 | GT-PSNR: 25.69 | PSNR: 18.71 | SSIM: 0.857 | loss=0.439006
(16/03/2025 07:57:33) Epoch 346 | GT-PSNR: 24.83 | PSNR: 16.43 | SSIM: 0.844 | loss=0.418736
(16/03/2025 07:59:10) Epoch 347 | GT-PSNR: 26.23 | PSNR: 20.04 | SSIM: 0.858 | loss=0.173107
(16/03/2025 08:00:48) Epoch 348 | GT-PSNR: 25.93 | PSNR: 19.32 | SSIM: 0.856 | loss=0.659685
(16/03/2025 08:02:25) Epoch 349 | GT-PSNR: 23.88 | PSNR: 15.93 | SSIM: 0.833 | loss=0.317259
(16/03/2025 08:04:02) Epoch 350 | GT-PSNR: 26.03 | PSNR: 18.09 | SSIM: 0.859 | loss=0.397985
(16/03/2025 08:05:40) Epoch 351 | GT-PSNR: 24.81 | PSNR: 16.80 | SSIM: 0.845 | loss=0.446121
(16/03/2025 08:07:17) Epoch 352 | GT-PSNR: 25.15 | PSNR: 18.85 | SSIM: 0.845 | loss=0.605640
(16/03/2025 08:08:54) Epoch 353 | GT-PSNR: 25.90 | PSNR: 18.39 | SSIM: 0.856 | loss=0.269547
(16/03/2025 08:10:31) Epoch 354 | GT-PSNR: 25.90 | PSNR: 20.03 | SSIM: 0.857 | loss=0.232596
(16/03/2025 08:12:08) Epoch 355 | GT-PSNR: 25.29 | PSNR: 17.79 | SSIM: 0.849 | loss=0.176808
(16/03/2025 08:13:46) Epoch 356 | GT-PSNR: 25.35 | PSNR: 17.73 | SSIM: 0.849 | loss=0.532219
(16/03/2025 08:15:23) Epoch 357 | GT-PSNR: 25.69 | PSNR: 18.83 | SSIM: 0.853 | loss=0.152084
(16/03/2025 08:17:00) Epoch 358 | GT-PSNR: 25.66 | PSNR: 18.00 | SSIM: 0.855 | loss=0.298702
(16/03/2025 08:18:39) Epoch 359 | GT-PSNR: 25.29 | PSNR: 17.64 | SSIM: 0.845 | loss=0.379236
(16/03/2025 08:20:16) Epoch 360 | GT-PSNR: 25.70 | PSNR: 18.65 | SSIM: 0.856 | loss=0.392034
(16/03/2025 08:21:53) Epoch 361 | GT-PSNR: 25.88 | PSNR: 18.55 | SSIM: 0.856 | loss=1.562618
(16/03/2025 08:23:30) Epoch 362 | GT-PSNR: 25.54 | PSNR: 18.01 | SSIM: 0.852 | loss=0.247060
(16/03/2025 08:25:07) Epoch 363 | GT-PSNR: 26.18 | PSNR: 17.45 | SSIM: 0.862 | loss=0.753086
(16/03/2025 08:26:44) Epoch 364 | GT-PSNR: 25.93 | PSNR: 17.60 | SSIM: 0.858 | loss=0.372679
(16/03/2025 08:28:21) Epoch 365 | GT-PSNR: 26.04 | PSNR: 18.53 | SSIM: 0.859 | loss=0.265275
(16/03/2025 08:29:59) Epoch 366 | GT-PSNR: 25.09 | PSNR: 17.28 | SSIM: 0.848 | loss=0.388354
(16/03/2025 08:31:36) Epoch 367 | GT-PSNR: 24.81 | PSNR: 18.00 | SSIM: 0.837 | loss=0.600616
(16/03/2025 08:33:14) Epoch 368 | GT-PSNR: 24.92 | PSNR: 19.07 | SSIM: 0.840 | loss=0.572098
(16/03/2025 08:34:51) Epoch 369 | GT-PSNR: 25.02 | PSNR: 18.28 | SSIM: 0.846 | loss=0.200253
(16/03/2025 08:36:29) Epoch 370 | GT-PSNR: 25.07 | PSNR: 17.38 | SSIM: 0.848 | loss=0.312560
(16/03/2025 08:38:07) Epoch 371 | GT-PSNR: 25.46 | PSNR: 17.36 | SSIM: 0.854 | loss=0.411399
(16/03/2025 08:39:45) Epoch 372 | GT-PSNR: 25.04 | PSNR: 17.28 | SSIM: 0.844 | loss=0.471662
(16/03/2025 08:41:23) Epoch 373 | GT-PSNR: 25.24 | PSNR: 17.78 | SSIM: 0.851 | loss=0.434426
(16/03/2025 08:43:00) Epoch 374 | GT-PSNR: 24.39 | PSNR: 16.93 | SSIM: 0.838 | loss=0.350772
(16/03/2025 08:44:38) Epoch 375 | GT-PSNR: 26.65 | PSNR: 19.21 | SSIM: 0.866 | loss=0.842678
(16/03/2025 08:46:17) Epoch 376 | GT-PSNR: 24.80 | PSNR: 18.11 | SSIM: 0.841 | loss=0.429273
(16/03/2025 08:47:55) Epoch 377 | GT-PSNR: 25.68 | PSNR: 19.20 | SSIM: 0.851 | loss=0.398603
(16/03/2025 08:49:33) Epoch 378 | GT-PSNR: 24.43 | PSNR: 17.14 | SSIM: 0.839 | loss=0.170293
(16/03/2025 08:51:11) Epoch 379 | GT-PSNR: 25.47 | PSNR: 18.61 | SSIM: 0.848 | loss=0.122115
(16/03/2025 08:52:49) Epoch 380 | GT-PSNR: 25.52 | PSNR: 17.66 | SSIM: 0.853 | loss=0.611544
(16/03/2025 08:54:27) Epoch 381 | GT-PSNR: 25.85 | PSNR: 19.13 | SSIM: 0.855 | loss=0.188168
(16/03/2025 08:56:06) Epoch 382 | GT-PSNR: 24.72 | PSNR: 17.38 | SSIM: 0.843 | loss=0.704188
(16/03/2025 08:57:43) Epoch 383 | GT-PSNR: 24.86 | PSNR: 18.08 | SSIM: 0.840 | loss=0.169390
(16/03/2025 08:59:22) Epoch 384 | GT-PSNR: 24.55 | PSNR: 18.15 | SSIM: 0.839 | loss=0.637970
(16/03/2025 09:00:59) Epoch 385 | GT-PSNR: 24.01 | PSNR: 17.43 | SSIM: 0.829 | loss=1.001254
(16/03/2025 09:02:37) Epoch 386 | GT-PSNR: 25.86 | PSNR: 18.98 | SSIM: 0.854 | loss=1.324645
(16/03/2025 09:04:15) Epoch 387 | GT-PSNR: 25.04 | PSNR: 17.14 | SSIM: 0.848 | loss=0.853015
(16/03/2025 09:05:54) Epoch 388 | GT-PSNR: 25.33 | PSNR: 18.07 | SSIM: 0.848 | loss=0.166928
(16/03/2025 09:07:31) Epoch 389 | GT-PSNR: 25.17 | PSNR: 17.38 | SSIM: 0.849 | loss=0.437368
(16/03/2025 09:09:09) Epoch 390 | GT-PSNR: 25.88 | PSNR: 18.37 | SSIM: 0.858 | loss=0.387620
(16/03/2025 09:10:45) Epoch 391 | GT-PSNR: 25.14 | PSNR: 19.12 | SSIM: 0.841 | loss=0.351081
(16/03/2025 09:12:21) Epoch 392 | GT-PSNR: 25.22 | PSNR: 17.97 | SSIM: 0.850 | loss=0.535221
(16/03/2025 09:13:57) Epoch 393 | GT-PSNR: 25.24 | PSNR: 17.74 | SSIM: 0.851 | loss=0.091219
(16/03/2025 09:15:32) Epoch 394 | GT-PSNR: 25.27 | PSNR: 18.93 | SSIM: 0.846 | loss=0.559218
(16/03/2025 09:17:09) Epoch 395 | GT-PSNR: 26.26 | PSNR: 18.37 | SSIM: 0.862 | loss=0.462019
(16/03/2025 09:18:44) Epoch 396 | GT-PSNR: 25.69 | PSNR: 17.94 | SSIM: 0.858 | loss=1.193605
(16/03/2025 09:20:20) Epoch 397 | GT-PSNR: 25.87 | PSNR: 18.02 | SSIM: 0.855 | loss=0.126608
(16/03/2025 09:21:55) Epoch 398 | GT-PSNR: 24.72 | PSNR: 17.57 | SSIM: 0.842 | loss=0.438886
(16/03/2025 09:23:31) Epoch 399 | GT-PSNR: 26.02 | PSNR: 18.26 | SSIM: 0.859 | loss=0.519095
(16/03/2025 09:25:08) Epoch 400 | GT-PSNR: 25.21 | PSNR: 16.91 | SSIM: 0.852 | loss=1.042416
(16/03/2025 09:26:45) Epoch 401 | GT-PSNR: 24.59 | PSNR: 17.97 | SSIM: 0.838 | loss=0.292666
(16/03/2025 09:28:21) Epoch 402 | GT-PSNR: 25.69 | PSNR: 17.56 | SSIM: 0.855 | loss=0.233857
(16/03/2025 09:29:58) Epoch 403 | GT-PSNR: 25.98 | PSNR: 19.05 | SSIM: 0.857 | loss=0.264824
(16/03/2025 09:31:34) Epoch 404 | GT-PSNR: 24.60 | PSNR: 19.27 | SSIM: 0.836 | loss=0.363208
(16/03/2025 09:33:12) Epoch 405 | GT-PSNR: 25.60 | PSNR: 17.66 | SSIM: 0.856 | loss=0.471921
(16/03/2025 09:34:48) Epoch 406 | GT-PSNR: 25.44 | PSNR: 17.67 | SSIM: 0.849 | loss=0.262626
(16/03/2025 09:36:24) Epoch 407 | GT-PSNR: 25.04 | PSNR: 18.36 | SSIM: 0.845 | loss=0.508998
(16/03/2025 09:37:59) Epoch 408 | GT-PSNR: 25.26 | PSNR: 18.90 | SSIM: 0.847 | loss=0.518709
(16/03/2025 09:39:35) Epoch 409 | GT-PSNR: 25.37 | PSNR: 16.88 | SSIM: 0.852 | loss=0.816870
(16/03/2025 09:41:10) Epoch 410 | GT-PSNR: 25.75 | PSNR: 18.51 | SSIM: 0.849 | loss=0.271795
(16/03/2025 09:42:47) Epoch 411 | GT-PSNR: 23.96 | PSNR: 16.95 | SSIM: 0.831 | loss=0.422179
(16/03/2025 09:44:23) Epoch 412 | GT-PSNR: 24.86 | PSNR: 19.28 | SSIM: 0.837 | loss=0.494770
(16/03/2025 09:46:00) Epoch 413 | GT-PSNR: 26.02 | PSNR: 19.72 | SSIM: 0.859 | loss=0.383842
(16/03/2025 09:47:36) Epoch 414 | GT-PSNR: 24.52 | PSNR: 18.28 | SSIM: 0.832 | loss=0.233761
(16/03/2025 09:49:12) Epoch 415 | GT-PSNR: 25.18 | PSNR: 18.52 | SSIM: 0.844 | loss=0.150310
(16/03/2025 09:50:48) Epoch 416 | GT-PSNR: 25.48 | PSNR: 18.77 | SSIM: 0.851 | loss=0.469708
(16/03/2025 09:52:25) Epoch 417 | GT-PSNR: 25.15 | PSNR: 18.64 | SSIM: 0.848 | loss=0.800158
(16/03/2025 09:54:01) Epoch 418 | GT-PSNR: 26.56 | PSNR: 20.56 | SSIM: 0.860 | loss=0.443899
(16/03/2025 09:55:38) Epoch 419 | GT-PSNR: 25.01 | PSNR: 16.39 | SSIM: 0.851 | loss=0.341520
(16/03/2025 09:57:13) Epoch 420 | GT-PSNR: 24.53 | PSNR: 18.88 | SSIM: 0.835 | loss=0.540965
(16/03/2025 09:58:49) Epoch 421 | GT-PSNR: 26.40 | PSNR: 18.28 | SSIM: 0.866 | loss=0.379396
(16/03/2025 10:00:25) Epoch 422 | GT-PSNR: 25.24 | PSNR: 19.18 | SSIM: 0.847 | loss=0.236974
(16/03/2025 10:02:01) Epoch 423 | GT-PSNR: 25.64 | PSNR: 18.82 | SSIM: 0.852 | loss=0.458133
(16/03/2025 10:03:37) Epoch 424 | GT-PSNR: 24.62 | PSNR: 18.12 | SSIM: 0.842 | loss=0.369461
(16/03/2025 10:05:13) Epoch 425 | GT-PSNR: 23.79 | PSNR: 17.85 | SSIM: 0.820 | loss=0.753355
(16/03/2025 10:06:49) Epoch 426 | GT-PSNR: 24.71 | PSNR: 17.53 | SSIM: 0.840 | loss=0.363698
(16/03/2025 10:08:24) Epoch 427 | GT-PSNR: 25.48 | PSNR: 18.70 | SSIM: 0.854 | loss=0.921785
(16/03/2025 10:09:59) Epoch 428 | GT-PSNR: 25.42 | PSNR: 17.03 | SSIM: 0.851 | loss=0.228851
(16/03/2025 10:11:37) Epoch 429 | GT-PSNR: 25.54 | PSNR: 18.55 | SSIM: 0.849 | loss=0.970038
(16/03/2025 10:13:12) Epoch 430 | GT-PSNR: 24.96 | PSNR: 17.97 | SSIM: 0.844 | loss=1.062668
(16/03/2025 10:14:49) Epoch 431 | GT-PSNR: 24.91 | PSNR: 19.09 | SSIM: 0.838 | loss=0.487981
(16/03/2025 10:16:25) Epoch 432 | GT-PSNR: 25.09 | PSNR: 17.81 | SSIM: 0.847 | loss=0.485278
(16/03/2025 10:18:02) Epoch 433 | GT-PSNR: 25.30 | PSNR: 18.84 | SSIM: 0.844 | loss=0.291853
(16/03/2025 10:19:39) Epoch 434 | GT-PSNR: 25.45 | PSNR: 18.94 | SSIM: 0.846 | loss=0.373673
(16/03/2025 10:21:15) Epoch 435 | GT-PSNR: 25.02 | PSNR: 18.46 | SSIM: 0.845 | loss=0.126014
(16/03/2025 10:22:51) Epoch 436 | GT-PSNR: 25.52 | PSNR: 18.59 | SSIM: 0.850 | loss=0.469929
(16/03/2025 10:24:29) Epoch 437 | GT-PSNR: 25.25 | PSNR: 17.97 | SSIM: 0.850 | loss=0.272862
(16/03/2025 10:26:06) Epoch 438 | GT-PSNR: 25.93 | PSNR: 18.31 | SSIM: 0.856 | loss=0.239651
(16/03/2025 10:27:42) Epoch 439 | GT-PSNR: 25.43 | PSNR: 18.28 | SSIM: 0.848 | loss=0.261921
(16/03/2025 10:29:18) Epoch 440 | GT-PSNR: 26.00 | PSNR: 19.85 | SSIM: 0.854 | loss=0.472881
(16/03/2025 10:30:54) Epoch 441 | GT-PSNR: 25.97 | PSNR: 18.78 | SSIM: 0.857 | loss=0.487050
(16/03/2025 10:32:30) Epoch 442 | GT-PSNR: 26.04 | PSNR: 19.68 | SSIM: 0.859 | loss=0.232707
(16/03/2025 10:34:06) Epoch 443 | GT-PSNR: 24.00 | PSNR: 17.03 | SSIM: 0.834 | loss=0.410937
(16/03/2025 10:35:42) Epoch 444 | GT-PSNR: 25.14 | PSNR: 18.66 | SSIM: 0.852 | loss=0.413222
(16/03/2025 10:37:19) Epoch 445 | GT-PSNR: 25.64 | PSNR: 18.67 | SSIM: 0.856 | loss=0.555862
(16/03/2025 10:38:56) Epoch 446 | GT-PSNR: 25.81 | PSNR: 19.24 | SSIM: 0.856 | loss=0.596894
(16/03/2025 10:40:33) Epoch 447 | GT-PSNR: 24.45 | PSNR: 17.78 | SSIM: 0.840 | loss=0.411052
(16/03/2025 10:42:09) Epoch 448 | GT-PSNR: 24.61 | PSNR: 18.15 | SSIM: 0.839 | loss=0.219527
(16/03/2025 10:43:47) Epoch 449 | GT-PSNR: 25.82 | PSNR: 19.71 | SSIM: 0.856 | loss=0.630358
(16/03/2025 10:45:24) Epoch 450 | GT-PSNR: 25.55 | PSNR: 19.40 | SSIM: 0.848 | loss=0.221924
(16/03/2025 10:47:01) Epoch 451 | GT-PSNR: 25.26 | PSNR: 19.35 | SSIM: 0.845 | loss=0.209554
(16/03/2025 10:48:37) Epoch 452 | GT-PSNR: 26.00 | PSNR: 20.32 | SSIM: 0.853 | loss=0.378403
(16/03/2025 10:50:13) Epoch 453 | GT-PSNR: 24.57 | PSNR: 19.03 | SSIM: 0.833 | loss=0.244949
(16/03/2025 10:51:49) Epoch 454 | GT-PSNR: 25.34 | PSNR: 18.23 | SSIM: 0.849 | loss=0.512154
(16/03/2025 10:53:25) Epoch 455 | GT-PSNR: 24.64 | PSNR: 18.07 | SSIM: 0.841 | loss=0.207760
(16/03/2025 10:55:02) Epoch 456 | GT-PSNR: 25.71 | PSNR: 18.87 | SSIM: 0.855 | loss=0.203707
(16/03/2025 10:56:38) Epoch 457 | GT-PSNR: 25.03 | PSNR: 18.79 | SSIM: 0.848 | loss=0.452001
(16/03/2025 10:58:14) Epoch 458 | GT-PSNR: 25.52 | PSNR: 18.18 | SSIM: 0.854 | loss=0.347765
(16/03/2025 10:59:50) Epoch 459 | GT-PSNR: 24.91 | PSNR: 16.96 | SSIM: 0.846 | loss=0.324870
(16/03/2025 11:01:25) Epoch 460 | GT-PSNR: 24.64 | PSNR: 17.92 | SSIM: 0.837 | loss=0.334994
(16/03/2025 11:03:01) Epoch 461 | GT-PSNR: 25.93 | PSNR: 19.04 | SSIM: 0.857 | loss=0.316640
(16/03/2025 11:04:37) Epoch 462 | GT-PSNR: 25.20 | PSNR: 18.59 | SSIM: 0.847 | loss=1.229836
(16/03/2025 11:06:13) Epoch 463 | GT-PSNR: 25.42 | PSNR: 19.09 | SSIM: 0.851 | loss=0.330408
(16/03/2025 11:07:49) Epoch 464 | GT-PSNR: 25.50 | PSNR: 19.23 | SSIM: 0.846 | loss=0.430837
(16/03/2025 11:09:24) Epoch 465 | GT-PSNR: 26.08 | PSNR: 18.74 | SSIM: 0.857 | loss=0.365643
(16/03/2025 11:11:00) Epoch 466 | GT-PSNR: 25.26 | PSNR: 18.24 | SSIM: 0.845 | loss=0.284922
(16/03/2025 11:12:37) Epoch 467 | GT-PSNR: 26.18 | PSNR: 19.74 | SSIM: 0.858 | loss=0.412757
(16/03/2025 11:14:14) Epoch 468 | GT-PSNR: 25.04 | PSNR: 18.67 | SSIM: 0.844 | loss=0.831929
(16/03/2025 11:15:50) Epoch 469 | GT-PSNR: 24.78 | PSNR: 17.52 | SSIM: 0.841 | loss=0.563255
(16/03/2025 11:17:27) Epoch 470 | GT-PSNR: 25.78 | PSNR: 18.71 | SSIM: 0.856 | loss=0.520344
(16/03/2025 11:19:03) Epoch 471 | GT-PSNR: 25.73 | PSNR: 18.69 | SSIM: 0.854 | loss=0.901635
(16/03/2025 11:20:40) Epoch 472 | GT-PSNR: 25.23 | PSNR: 17.70 | SSIM: 0.851 | loss=0.419687
(16/03/2025 11:22:15) Epoch 473 | GT-PSNR: 25.28 | PSNR: 17.57 | SSIM: 0.847 | loss=0.343810
(16/03/2025 11:23:51) Epoch 474 | GT-PSNR: 25.37 | PSNR: 19.40 | SSIM: 0.847 | loss=0.325365
(16/03/2025 11:25:26) Epoch 475 | GT-PSNR: 24.97 | PSNR: 16.80 | SSIM: 0.851 | loss=0.302670
(16/03/2025 11:27:01) Epoch 476 | GT-PSNR: 25.26 | PSNR: 19.29 | SSIM: 0.851 | loss=0.353932
(16/03/2025 11:28:38) Epoch 477 | GT-PSNR: 24.78 | PSNR: 18.22 | SSIM: 0.839 | loss=0.872284
(16/03/2025 11:30:13) Epoch 478 | GT-PSNR: 25.72 | PSNR: 18.75 | SSIM: 0.851 | loss=0.491068
(16/03/2025 11:31:50) Epoch 479 | GT-PSNR: 25.46 | PSNR: 19.00 | SSIM: 0.850 | loss=0.855056
(16/03/2025 11:33:27) Epoch 480 | GT-PSNR: 25.94 | PSNR: 18.89 | SSIM: 0.854 | loss=0.391849
(16/03/2025 11:35:03) Epoch 481 | GT-PSNR: 24.73 | PSNR: 19.28 | SSIM: 0.836 | loss=0.319710
(16/03/2025 11:36:39) Epoch 482 | GT-PSNR: 25.58 | PSNR: 18.65 | SSIM: 0.853 | loss=0.784015
(16/03/2025 11:38:14) Epoch 483 | GT-PSNR: 25.05 | PSNR: 19.00 | SSIM: 0.842 | loss=0.460112
(16/03/2025 11:39:49) Epoch 484 | GT-PSNR: 25.01 | PSNR: 17.66 | SSIM: 0.848 | loss=0.797497
(16/03/2025 11:41:25) Epoch 485 | GT-PSNR: 25.11 | PSNR: 19.07 | SSIM: 0.846 | loss=0.351522
(16/03/2025 11:43:01) Epoch 486 | GT-PSNR: 25.38 | PSNR: 18.54 | SSIM: 0.852 | loss=0.160742
(16/03/2025 11:44:37) Epoch 487 | GT-PSNR: 25.66 | PSNR: 18.67 | SSIM: 0.856 | loss=0.328637
(16/03/2025 11:46:13) Epoch 488 | GT-PSNR: 25.09 | PSNR: 17.62 | SSIM: 0.852 | loss=0.602046
(16/03/2025 11:47:48) Epoch 489 | GT-PSNR: 25.23 | PSNR: 17.81 | SSIM: 0.852 | loss=0.266388
(16/03/2025 11:49:24) Epoch 490 | GT-PSNR: 25.44 | PSNR: 18.10 | SSIM: 0.855 | loss=0.957157
(16/03/2025 11:50:59) Epoch 491 | GT-PSNR: 25.48 | PSNR: 18.52 | SSIM: 0.851 | loss=0.300669
(16/03/2025 11:52:34) Epoch 492 | GT-PSNR: 25.81 | PSNR: 18.65 | SSIM: 0.854 | loss=0.682662
(16/03/2025 11:54:10) Epoch 493 | GT-PSNR: 24.92 | PSNR: 17.89 | SSIM: 0.846 | loss=0.266050
(16/03/2025 11:55:45) Epoch 494 | GT-PSNR: 25.96 | PSNR: 18.86 | SSIM: 0.858 | loss=0.348806
(16/03/2025 11:57:20) Epoch 495 | GT-PSNR: 25.05 | PSNR: 17.24 | SSIM: 0.846 | loss=0.435546
(16/03/2025 11:58:56) Epoch 496 | GT-PSNR: 24.99 | PSNR: 18.08 | SSIM: 0.845 | loss=0.288218
(16/03/2025 12:00:32) Epoch 497 | GT-PSNR: 26.11 | PSNR: 19.23 | SSIM: 0.860 | loss=0.615152
(16/03/2025 12:02:08) Epoch 498 | GT-PSNR: 25.54 | PSNR: 17.91 | SSIM: 0.852 | loss=0.332529
(16/03/2025 12:03:44) Epoch 499 | GT-PSNR: 25.02 | PSNR: 17.79 | SSIM: 0.846 | loss=0.196207
(16/03/2025 12:05:19) Epoch 500 | GT-PSNR: 24.86 | PSNR: 17.61 | SSIM: 0.845 | loss=0.296301
(16/03/2025 12:06:55) Epoch 501 | GT-PSNR: 25.20 | PSNR: 18.92 | SSIM: 0.846 | loss=0.648064
(16/03/2025 12:08:31) Epoch 502 | GT-PSNR: 25.17 | PSNR: 17.75 | SSIM: 0.847 | loss=0.814484
(16/03/2025 12:10:06) Epoch 503 | GT-PSNR: 25.78 | PSNR: 19.01 | SSIM: 0.853 | loss=0.122427
(16/03/2025 12:11:42) Epoch 504 | GT-PSNR: 24.98 | PSNR: 17.63 | SSIM: 0.847 | loss=0.373149
(16/03/2025 12:13:17) Epoch 505 | GT-PSNR: 25.33 | PSNR: 17.93 | SSIM: 0.848 | loss=0.319873
(16/03/2025 12:14:53) Epoch 506 | GT-PSNR: 25.03 | PSNR: 17.76 | SSIM: 0.850 | loss=0.979065
(16/03/2025 12:16:29) Epoch 507 | GT-PSNR: 24.78 | PSNR: 17.84 | SSIM: 0.846 | loss=1.146481
(16/03/2025 12:18:04) Epoch 508 | GT-PSNR: 24.94 | PSNR: 18.58 | SSIM: 0.843 | loss=0.121425
(16/03/2025 12:19:40) Epoch 509 | GT-PSNR: 25.17 | PSNR: 18.39 | SSIM: 0.849 | loss=1.194708
(16/03/2025 12:21:17) Epoch 510 | GT-PSNR: 25.53 | PSNR: 19.38 | SSIM: 0.850 | loss=0.498460
(16/03/2025 12:22:53) Epoch 511 | GT-PSNR: 24.83 | PSNR: 17.26 | SSIM: 0.848 | loss=0.576760
(16/03/2025 12:24:30) Epoch 512 | GT-PSNR: 25.44 | PSNR: 18.64 | SSIM: 0.851 | loss=0.736431
(16/03/2025 12:26:06) Epoch 513 | GT-PSNR: 25.19 | PSNR: 17.47 | SSIM: 0.850 | loss=0.303646
(16/03/2025 12:27:42) Epoch 514 | GT-PSNR: 25.59 | PSNR: 18.81 | SSIM: 0.851 | loss=0.557649
(16/03/2025 12:29:18) Epoch 515 | GT-PSNR: 25.27 | PSNR: 18.40 | SSIM: 0.847 | loss=0.353216
(16/03/2025 12:30:54) Epoch 516 | GT-PSNR: 24.82 | PSNR: 18.34 | SSIM: 0.842 | loss=0.289672
(16/03/2025 12:32:31) Epoch 517 | GT-PSNR: 24.80 | PSNR: 17.67 | SSIM: 0.845 | loss=0.208414
(16/03/2025 12:34:07) Epoch 518 | GT-PSNR: 25.82 | PSNR: 18.88 | SSIM: 0.854 | loss=0.545553
(16/03/2025 12:35:42) Epoch 519 | GT-PSNR: 25.42 | PSNR: 18.43 | SSIM: 0.851 | loss=0.226781
(16/03/2025 12:37:18) Epoch 520 | GT-PSNR: 25.57 | PSNR: 17.56 | SSIM: 0.856 | loss=0.216928
(16/03/2025 12:38:55) Epoch 521 | GT-PSNR: 25.01 | PSNR: 18.27 | SSIM: 0.847 | loss=0.303692
(16/03/2025 12:40:31) Epoch 522 | GT-PSNR: 24.00 | PSNR: 17.40 | SSIM: 0.833 | loss=0.215028
(16/03/2025 12:42:07) Epoch 523 | GT-PSNR: 25.70 | PSNR: 19.37 | SSIM: 0.855 | loss=0.523937
(16/03/2025 12:43:43) Epoch 524 | GT-PSNR: 25.04 | PSNR: 18.59 | SSIM: 0.845 | loss=0.683598
(16/03/2025 12:45:19) Epoch 525 | GT-PSNR: 25.87 | PSNR: 19.54 | SSIM: 0.857 | loss=0.795358
(16/03/2025 12:46:55) Epoch 526 | GT-PSNR: 25.26 | PSNR: 18.31 | SSIM: 0.847 | loss=0.423077
(16/03/2025 12:48:32) Epoch 527 | GT-PSNR: 25.01 | PSNR: 18.28 | SSIM: 0.845 | loss=0.633665
(16/03/2025 12:50:09) Epoch 528 | GT-PSNR: 25.41 | PSNR: 19.50 | SSIM: 0.852 | loss=0.567658
(16/03/2025 12:51:46) Epoch 529 | GT-PSNR: 24.48 | PSNR: 17.07 | SSIM: 0.838 | loss=0.790205
(16/03/2025 12:53:21) Epoch 530 | GT-PSNR: 25.41 | PSNR: 18.18 | SSIM: 0.854 | loss=0.335634
(16/03/2025 12:54:57) Epoch 531 | GT-PSNR: 25.31 | PSNR: 18.85 | SSIM: 0.848 | loss=0.705010
(16/03/2025 12:56:33) Epoch 532 | GT-PSNR: 25.53 | PSNR: 18.12 | SSIM: 0.853 | loss=0.833837
(16/03/2025 12:58:09) Epoch 533 | GT-PSNR: 25.59 | PSNR: 19.09 | SSIM: 0.850 | loss=0.760370
(16/03/2025 12:59:45) Epoch 534 | GT-PSNR: 24.71 | PSNR: 17.53 | SSIM: 0.843 | loss=0.358826
(16/03/2025 13:01:22) Epoch 535 | GT-PSNR: 25.84 | PSNR: 18.96 | SSIM: 0.856 | loss=0.267418
(16/03/2025 13:02:59) Epoch 536 | GT-PSNR: 25.53 | PSNR: 18.47 | SSIM: 0.854 | loss=0.699187
(16/03/2025 13:04:36) Epoch 537 | GT-PSNR: 25.14 | PSNR: 18.17 | SSIM: 0.850 | loss=0.212126
(16/03/2025 13:06:13) Epoch 538 | GT-PSNR: 25.15 | PSNR: 17.98 | SSIM: 0.847 | loss=0.650255
(16/03/2025 13:07:49) Epoch 539 | GT-PSNR: 24.70 | PSNR: 18.49 | SSIM: 0.835 | loss=0.393563
(16/03/2025 13:09:25) Epoch 540 | GT-PSNR: 24.79 | PSNR: 18.27 | SSIM: 0.842 | loss=0.671377
(16/03/2025 13:11:01) Epoch 541 | GT-PSNR: 25.54 | PSNR: 18.69 | SSIM: 0.848 | loss=0.640574
(16/03/2025 13:12:37) Epoch 542 | GT-PSNR: 24.71 | PSNR: 18.86 | SSIM: 0.838 | loss=0.363597
(16/03/2025 13:14:13) Epoch 543 | GT-PSNR: 25.29 | PSNR: 18.33 | SSIM: 0.846 | loss=0.469212
(16/03/2025 13:15:49) Epoch 544 | GT-PSNR: 25.59 | PSNR: 18.39 | SSIM: 0.856 | loss=0.394874
(16/03/2025 13:17:26) Epoch 545 | GT-PSNR: 24.93 | PSNR: 18.03 | SSIM: 0.845 | loss=0.201342
(16/03/2025 13:19:01) Epoch 546 | GT-PSNR: 25.46 | PSNR: 19.23 | SSIM: 0.847 | loss=0.220776
(16/03/2025 13:20:37) Epoch 547 | GT-PSNR: 24.85 | PSNR: 18.95 | SSIM: 0.840 | loss=1.075497
(16/03/2025 13:22:13) Epoch 548 | GT-PSNR: 25.16 | PSNR: 18.04 | SSIM: 0.847 | loss=0.344832
(16/03/2025 13:23:49) Epoch 549 | GT-PSNR: 24.14 | PSNR: 18.41 | SSIM: 0.833 | loss=0.401806
(16/03/2025 13:25:25) Epoch 550 | GT-PSNR: 24.71 | PSNR: 18.08 | SSIM: 0.842 | loss=0.267361
(16/03/2025 13:27:01) Epoch 551 | GT-PSNR: 24.45 | PSNR: 17.63 | SSIM: 0.839 | loss=0.427245
(16/03/2025 13:28:37) Epoch 552 | GT-PSNR: 25.70 | PSNR: 19.37 | SSIM: 0.854 | loss=0.285374
(16/03/2025 13:30:12) Epoch 553 | GT-PSNR: 26.02 | PSNR: 19.64 | SSIM: 0.857 | loss=0.691850
(16/03/2025 13:31:48) Epoch 554 | GT-PSNR: 24.75 | PSNR: 17.70 | SSIM: 0.841 | loss=0.288564
(16/03/2025 13:33:24) Epoch 555 | GT-PSNR: 25.05 | PSNR: 17.95 | SSIM: 0.845 | loss=0.268607
(16/03/2025 13:35:00) Epoch 556 | GT-PSNR: 24.77 | PSNR: 17.14 | SSIM: 0.841 | loss=0.454418
(16/03/2025 13:36:37) Epoch 557 | GT-PSNR: 25.06 | PSNR: 19.05 | SSIM: 0.844 | loss=0.225134
(16/03/2025 13:38:13) Epoch 558 | GT-PSNR: 25.72 | PSNR: 19.27 | SSIM: 0.855 | loss=0.907364
(16/03/2025 13:39:49) Epoch 559 | GT-PSNR: 24.65 | PSNR: 17.53 | SSIM: 0.843 | loss=0.495235
(16/03/2025 13:41:24) Epoch 560 | GT-PSNR: 25.33 | PSNR: 19.03 | SSIM: 0.849 | loss=0.260773
(16/03/2025 13:43:00) Epoch 561 | GT-PSNR: 24.89 | PSNR: 18.54 | SSIM: 0.843 | loss=0.817630
(16/03/2025 13:44:36) Epoch 562 | GT-PSNR: 25.56 | PSNR: 18.28 | SSIM: 0.850 | loss=0.221445
(16/03/2025 13:46:11) Epoch 563 | GT-PSNR: 24.65 | PSNR: 17.16 | SSIM: 0.840 | loss=0.320631
(16/03/2025 13:47:47) Epoch 564 | GT-PSNR: 24.97 | PSNR: 17.72 | SSIM: 0.846 | loss=0.289284
(16/03/2025 13:49:23) Epoch 565 | GT-PSNR: 25.28 | PSNR: 18.08 | SSIM: 0.851 | loss=0.675316
(16/03/2025 13:50:59) Epoch 566 | GT-PSNR: 25.12 | PSNR: 17.84 | SSIM: 0.844 | loss=0.757403
(16/03/2025 13:52:35) Epoch 567 | GT-PSNR: 25.31 | PSNR: 18.39 | SSIM: 0.850 | loss=0.267935
(16/03/2025 13:54:12) Epoch 568 | GT-PSNR: 25.81 | PSNR: 19.68 | SSIM: 0.853 | loss=0.438318
(16/03/2025 13:55:48) Epoch 569 | GT-PSNR: 25.22 | PSNR: 18.28 | SSIM: 0.850 | loss=0.452549
(16/03/2025 13:57:24) Epoch 570 | GT-PSNR: 25.32 | PSNR: 18.71 | SSIM: 0.852 | loss=0.568024
(16/03/2025 13:59:00) Epoch 571 | GT-PSNR: 25.48 | PSNR: 18.68 | SSIM: 0.853 | loss=0.653635
(16/03/2025 14:00:37) Epoch 572 | GT-PSNR: 25.79 | PSNR: 19.61 | SSIM: 0.854 | loss=0.714570
(16/03/2025 14:02:13) Epoch 573 | GT-PSNR: 25.20 | PSNR: 18.77 | SSIM: 0.847 | loss=0.413531
(16/03/2025 14:03:48) Epoch 574 | GT-PSNR: 24.83 | PSNR: 16.86 | SSIM: 0.849 | loss=0.369303
(16/03/2025 14:05:24) Epoch 575 | GT-PSNR: 25.47 | PSNR: 18.61 | SSIM: 0.853 | loss=0.710079
(16/03/2025 14:06:59) Epoch 576 | GT-PSNR: 25.14 | PSNR: 18.68 | SSIM: 0.850 | loss=0.403992
(16/03/2025 14:08:35) Epoch 577 | GT-PSNR: 25.32 | PSNR: 17.84 | SSIM: 0.853 | loss=0.508931
(16/03/2025 14:10:12) Epoch 578 | GT-PSNR: 25.63 | PSNR: 18.64 | SSIM: 0.851 | loss=0.394546
(16/03/2025 14:11:47) Epoch 579 | GT-PSNR: 25.78 | PSNR: 19.24 | SSIM: 0.853 | loss=0.590697
(16/03/2025 14:13:23) Epoch 580 | GT-PSNR: 24.88 | PSNR: 17.74 | SSIM: 0.842 | loss=0.281462
(16/03/2025 14:14:58) Epoch 581 | GT-PSNR: 25.01 | PSNR: 18.17 | SSIM: 0.847 | loss=0.354304
(16/03/2025 14:16:33) Epoch 582 | GT-PSNR: 24.80 | PSNR: 17.94 | SSIM: 0.845 | loss=0.311644
(16/03/2025 14:18:10) Epoch 583 | GT-PSNR: 25.68 | PSNR: 19.04 | SSIM: 0.853 | loss=0.421209
(16/03/2025 14:19:47) Epoch 584 | GT-PSNR: 25.34 | PSNR: 19.12 | SSIM: 0.846 | loss=0.522912
(16/03/2025 14:21:22) Epoch 585 | GT-PSNR: 25.83 | PSNR: 19.70 | SSIM: 0.853 | loss=0.352380
(16/03/2025 14:22:59) Epoch 586 | GT-PSNR: 25.24 | PSNR: 17.91 | SSIM: 0.851 | loss=0.453968
(16/03/2025 14:24:34) Epoch 587 | GT-PSNR: 24.95 | PSNR: 17.97 | SSIM: 0.845 | loss=0.417846
(16/03/2025 14:26:10) Epoch 588 | GT-PSNR: 25.26 | PSNR: 18.62 | SSIM: 0.849 | loss=0.386642
(16/03/2025 14:27:45) Epoch 589 | GT-PSNR: 25.66 | PSNR: 19.05 | SSIM: 0.854 | loss=0.287898
(16/03/2025 14:29:21) Epoch 590 | GT-PSNR: 24.77 | PSNR: 18.50 | SSIM: 0.837 | loss=0.321242
(16/03/2025 14:30:58) Epoch 591 | GT-PSNR: 26.12 | PSNR: 18.97 | SSIM: 0.861 | loss=0.346700
(16/03/2025 14:32:33) Epoch 592 | GT-PSNR: 24.71 | PSNR: 17.91 | SSIM: 0.839 | loss=0.395362
(16/03/2025 14:34:10) Epoch 593 | GT-PSNR: 25.33 | PSNR: 18.26 | SSIM: 0.849 | loss=0.219028
(16/03/2025 14:35:45) Epoch 594 | GT-PSNR: 24.49 | PSNR: 17.80 | SSIM: 0.837 | loss=0.494455
(16/03/2025 14:37:21) Epoch 595 | GT-PSNR: 25.52 | PSNR: 18.26 | SSIM: 0.852 | loss=1.755609
(16/03/2025 14:38:57) Epoch 596 | GT-PSNR: 25.38 | PSNR: 18.10 | SSIM: 0.851 | loss=0.459937
(16/03/2025 14:40:32) Epoch 597 | GT-PSNR: 25.36 | PSNR: 18.18 | SSIM: 0.847 | loss=0.233072
(16/03/2025 14:42:07) Epoch 598 | GT-PSNR: 25.18 | PSNR: 18.13 | SSIM: 0.844 | loss=0.136911
(16/03/2025 14:43:43) Epoch 599 | GT-PSNR: 25.20 | PSNR: 17.86 | SSIM: 0.849 | loss=0.253221
(16/03/2025 14:45:19) Epoch 600 | GT-PSNR: 25.16 | PSNR: 18.46 | SSIM: 0.844 | loss=0.735300
(16/03/2025 14:46:55) Epoch 601 | GT-PSNR: 24.91 | PSNR: 18.36 | SSIM: 0.841 | loss=0.497417
(16/03/2025 14:48:31) Epoch 602 | GT-PSNR: 25.35 | PSNR: 19.05 | SSIM: 0.843 | loss=0.576331
(16/03/2025 14:50:06) Epoch 603 | GT-PSNR: 25.05 | PSNR: 18.34 | SSIM: 0.842 | loss=0.300660
(16/03/2025 14:51:42) Epoch 604 | GT-PSNR: 25.47 | PSNR: 18.96 | SSIM: 0.852 | loss=0.377058
(16/03/2025 14:53:19) Epoch 605 | GT-PSNR: 25.90 | PSNR: 18.86 | SSIM: 0.857 | loss=0.364930
(16/03/2025 14:54:55) Epoch 606 | GT-PSNR: 25.70 | PSNR: 18.80 | SSIM: 0.852 | loss=0.198855
(16/03/2025 14:56:30) Epoch 607 | GT-PSNR: 25.63 | PSNR: 19.21 | SSIM: 0.853 | loss=0.392352
(16/03/2025 14:58:06) Epoch 608 | GT-PSNR: 25.41 | PSNR: 18.44 | SSIM: 0.847 | loss=0.177526
(16/03/2025 14:59:42) Epoch 609 | GT-PSNR: 25.43 | PSNR: 18.11 | SSIM: 0.852 | loss=0.557699
(16/03/2025 15:01:18) Epoch 610 | GT-PSNR: 25.83 | PSNR: 18.69 | SSIM: 0.855 | loss=0.716158
(16/03/2025 15:02:54) Epoch 611 | GT-PSNR: 25.49 | PSNR: 18.42 | SSIM: 0.850 | loss=0.252818
(16/03/2025 15:04:29) Epoch 612 | GT-PSNR: 25.71 | PSNR: 18.76 | SSIM: 0.853 | loss=0.469393
(16/03/2025 15:06:05) Epoch 613 | GT-PSNR: 25.68 | PSNR: 18.96 | SSIM: 0.853 | loss=0.239457
(16/03/2025 15:07:41) Epoch 614 | GT-PSNR: 25.84 | PSNR: 19.23 | SSIM: 0.858 | loss=0.547982
(16/03/2025 15:09:17) Epoch 615 | GT-PSNR: 24.56 | PSNR: 17.16 | SSIM: 0.839 | loss=0.155884
(16/03/2025 15:10:54) Epoch 616 | GT-PSNR: 25.64 | PSNR: 19.49 | SSIM: 0.849 | loss=0.223065
(16/03/2025 15:12:30) Epoch 617 | GT-PSNR: 24.82 | PSNR: 18.32 | SSIM: 0.844 | loss=0.370291
(16/03/2025 15:14:05) Epoch 618 | GT-PSNR: 25.13 | PSNR: 18.99 | SSIM: 0.849 | loss=0.343217
(16/03/2025 15:15:41) Epoch 619 | GT-PSNR: 25.53 | PSNR: 18.67 | SSIM: 0.850 | loss=0.526270
(16/03/2025 15:17:17) Epoch 620 | GT-PSNR: 24.93 | PSNR: 18.80 | SSIM: 0.842 | loss=0.227878
(16/03/2025 15:18:52) Epoch 621 | GT-PSNR: 25.01 | PSNR: 18.40 | SSIM: 0.846 | loss=0.375856
(16/03/2025 15:20:29) Epoch 622 | GT-PSNR: 25.67 | PSNR: 19.29 | SSIM: 0.850 | loss=0.277665
(16/03/2025 15:22:06) Epoch 623 | GT-PSNR: 25.55 | PSNR: 19.16 | SSIM: 0.849 | loss=0.365047
(16/03/2025 15:23:42) Epoch 624 | GT-PSNR: 25.66 | PSNR: 18.99 | SSIM: 0.851 | loss=0.744415
(16/03/2025 15:25:17) Epoch 625 | GT-PSNR: 25.55 | PSNR: 18.62 | SSIM: 0.852 | loss=0.580022
(16/03/2025 15:26:53) Epoch 626 | GT-PSNR: 25.95 | PSNR: 18.84 | SSIM: 0.858 | loss=0.429805
(16/03/2025 15:28:28) Epoch 627 | GT-PSNR: 24.90 | PSNR: 17.65 | SSIM: 0.843 | loss=1.781229
(16/03/2025 15:30:04) Epoch 628 | GT-PSNR: 25.46 | PSNR: 18.38 | SSIM: 0.852 | loss=0.385790
(16/03/2025 15:31:40) Epoch 629 | GT-PSNR: 24.59 | PSNR: 17.87 | SSIM: 0.839 | loss=0.385757
(16/03/2025 15:33:15) Epoch 630 | GT-PSNR: 25.05 | PSNR: 18.18 | SSIM: 0.847 | loss=0.525065
(16/03/2025 15:34:51) Epoch 631 | GT-PSNR: 24.93 | PSNR: 17.94 | SSIM: 0.847 | loss=0.550371
(16/03/2025 15:36:26) Epoch 632 | GT-PSNR: 25.31 | PSNR: 18.71 | SSIM: 0.850 | loss=0.585551
(16/03/2025 15:38:03) Epoch 633 | GT-PSNR: 25.84 | PSNR: 19.54 | SSIM: 0.857 | loss=0.287885
(16/03/2025 15:39:39) Epoch 634 | GT-PSNR: 25.07 | PSNR: 17.51 | SSIM: 0.849 | loss=0.536215
(16/03/2025 15:41:15) Epoch 635 | GT-PSNR: 25.63 | PSNR: 18.78 | SSIM: 0.857 | loss=0.363943
(16/03/2025 15:42:51) Epoch 636 | GT-PSNR: 25.51 | PSNR: 18.91 | SSIM: 0.854 | loss=0.267635
(16/03/2025 15:44:26) Epoch 637 | GT-PSNR: 24.97 | PSNR: 17.97 | SSIM: 0.846 | loss=0.501996
(16/03/2025 15:46:01) Epoch 638 | GT-PSNR: 25.09 | PSNR: 19.06 | SSIM: 0.846 | loss=0.324128
(16/03/2025 15:47:36) Epoch 639 | GT-PSNR: 25.11 | PSNR: 18.31 | SSIM: 0.846 | loss=0.234634
(16/03/2025 15:49:13) Epoch 640 | GT-PSNR: 25.38 | PSNR: 19.15 | SSIM: 0.846 | loss=0.358325
(16/03/2025 15:50:49) Epoch 641 | GT-PSNR: 24.49 | PSNR: 17.84 | SSIM: 0.838 | loss=0.290769
(16/03/2025 15:52:26) Epoch 642 | GT-PSNR: 25.50 | PSNR: 18.87 | SSIM: 0.851 | loss=0.305094
(16/03/2025 15:54:02) Epoch 643 | GT-PSNR: 25.01 | PSNR: 18.44 | SSIM: 0.847 | loss=0.191012
(16/03/2025 15:55:38) Epoch 644 | GT-PSNR: 25.41 | PSNR: 18.27 | SSIM: 0.850 | loss=0.425222
(16/03/2025 15:57:14) Epoch 645 | GT-PSNR: 25.20 | PSNR: 18.74 | SSIM: 0.849 | loss=0.273900
(16/03/2025 15:58:49) Epoch 646 | GT-PSNR: 25.43 | PSNR: 18.64 | SSIM: 0.849 | loss=0.717052
(16/03/2025 16:00:25) Epoch 647 | GT-PSNR: 24.61 | PSNR: 18.86 | SSIM: 0.839 | loss=0.123304
(16/03/2025 16:02:01) Epoch 648 | GT-PSNR: 25.35 | PSNR: 17.95 | SSIM: 0.851 | loss=0.180815
(16/03/2025 16:03:37) Epoch 649 | GT-PSNR: 25.29 | PSNR: 18.41 | SSIM: 0.851 | loss=0.603245
(16/03/2025 16:05:13) Epoch 650 | GT-PSNR: 25.50 | PSNR: 18.38 | SSIM: 0.854 | loss=0.804680
(16/03/2025 16:06:49) Epoch 651 | GT-PSNR: 25.31 | PSNR: 18.47 | SSIM: 0.850 | loss=0.258056
(16/03/2025 16:08:26) Epoch 652 | GT-PSNR: 24.82 | PSNR: 17.82 | SSIM: 0.843 | loss=0.127426
(16/03/2025 16:10:02) Epoch 653 | GT-PSNR: 25.49 | PSNR: 18.77 | SSIM: 0.851 | loss=0.253741
(16/03/2025 16:11:38) Epoch 654 | GT-PSNR: 24.99 | PSNR: 18.76 | SSIM: 0.845 | loss=0.228071
(16/03/2025 16:13:13) Epoch 655 | GT-PSNR: 25.52 | PSNR: 18.34 | SSIM: 0.853 | loss=0.446828
(16/03/2025 16:14:49) Epoch 656 | GT-PSNR: 25.12 | PSNR: 18.87 | SSIM: 0.846 | loss=0.311196
(16/03/2025 16:16:24) Epoch 657 | GT-PSNR: 25.26 | PSNR: 18.08 | SSIM: 0.850 | loss=0.296824
(16/03/2025 16:17:59) Epoch 658 | GT-PSNR: 25.81 | PSNR: 19.16 | SSIM: 0.853 | loss=0.720821
(16/03/2025 16:19:36) Epoch 659 | GT-PSNR: 25.34 | PSNR: 19.75 | SSIM: 0.845 | loss=0.622612
(16/03/2025 16:21:12) Epoch 660 | GT-PSNR: 25.62 | PSNR: 18.97 | SSIM: 0.853 | loss=0.423313
(16/03/2025 16:22:48) Epoch 661 | GT-PSNR: 25.63 | PSNR: 19.04 | SSIM: 0.852 | loss=0.948544
(16/03/2025 16:24:25) Epoch 662 | GT-PSNR: 24.74 | PSNR: 17.83 | SSIM: 0.841 | loss=0.753312
(16/03/2025 16:26:01) Epoch 663 | GT-PSNR: 24.70 | PSNR: 18.29 | SSIM: 0.840 | loss=0.354181
(16/03/2025 16:27:37) Epoch 664 | GT-PSNR: 25.69 | PSNR: 18.80 | SSIM: 0.854 | loss=0.343699
(16/03/2025 16:29:13) Epoch 665 | GT-PSNR: 25.54 | PSNR: 18.48 | SSIM: 0.854 | loss=0.482834
(16/03/2025 16:30:49) Epoch 666 | GT-PSNR: 26.14 | PSNR: 19.56 | SSIM: 0.858 | loss=0.507115
(16/03/2025 16:32:24) Epoch 667 | GT-PSNR: 25.00 | PSNR: 18.46 | SSIM: 0.845 | loss=0.629688
(16/03/2025 16:34:00) Epoch 668 | GT-PSNR: 25.75 | PSNR: 19.46 | SSIM: 0.854 | loss=0.209304
(16/03/2025 16:35:36) Epoch 669 | GT-PSNR: 25.25 | PSNR: 18.05 | SSIM: 0.851 | loss=0.625165
(16/03/2025 16:37:12) Epoch 670 | GT-PSNR: 25.23 | PSNR: 18.76 | SSIM: 0.849 | loss=0.414316
(16/03/2025 16:38:48) Epoch 671 | GT-PSNR: 24.65 | PSNR: 17.33 | SSIM: 0.843 | loss=0.097477
(16/03/2025 16:40:24) Epoch 672 | GT-PSNR: 25.93 | PSNR: 19.64 | SSIM: 0.858 | loss=0.917264
(16/03/2025 16:42:00) Epoch 673 | GT-PSNR: 25.09 | PSNR: 17.92 | SSIM: 0.848 | loss=0.347392
(16/03/2025 16:43:36) Epoch 674 | GT-PSNR: 24.77 | PSNR: 17.97 | SSIM: 0.842 | loss=0.254249
(16/03/2025 16:45:12) Epoch 675 | GT-PSNR: 24.53 | PSNR: 18.12 | SSIM: 0.838 | loss=0.310307
(16/03/2025 16:46:47) Epoch 676 | GT-PSNR: 24.80 | PSNR: 17.33 | SSIM: 0.846 | loss=0.163612
(16/03/2025 16:48:22) Epoch 677 | GT-PSNR: 25.87 | PSNR: 19.29 | SSIM: 0.857 | loss=0.557743
(16/03/2025 16:49:58) Epoch 678 | GT-PSNR: 25.31 | PSNR: 18.49 | SSIM: 0.850 | loss=0.761910
(16/03/2025 16:51:33) Epoch 679 | GT-PSNR: 25.45 | PSNR: 18.01 | SSIM: 0.853 | loss=0.297780
(16/03/2025 16:53:09) Epoch 680 | GT-PSNR: 25.29 | PSNR: 18.78 | SSIM: 0.849 | loss=1.247055
(16/03/2025 16:54:44) Epoch 681 | GT-PSNR: 25.39 | PSNR: 18.91 | SSIM: 0.851 | loss=0.235309
(16/03/2025 16:56:19) Epoch 682 | GT-PSNR: 25.98 | PSNR: 19.80 | SSIM: 0.858 | loss=0.179305
(16/03/2025 16:57:55) Epoch 683 | GT-PSNR: 24.77 | PSNR: 18.05 | SSIM: 0.844 | loss=0.176520
(16/03/2025 16:59:31) Epoch 684 | GT-PSNR: 25.28 | PSNR: 18.42 | SSIM: 0.851 | loss=0.254659
(16/03/2025 17:01:08) Epoch 685 | GT-PSNR: 25.83 | PSNR: 19.32 | SSIM: 0.856 | loss=0.715295
(16/03/2025 17:02:45) Epoch 686 | GT-PSNR: 25.24 | PSNR: 18.72 | SSIM: 0.849 | loss=0.516280
(16/03/2025 17:04:22) Epoch 687 | GT-PSNR: 25.56 | PSNR: 18.50 | SSIM: 0.854 | loss=0.243295
(16/03/2025 17:05:57) Epoch 688 | GT-PSNR: 24.73 | PSNR: 18.07 | SSIM: 0.841 | loss=0.637775
(16/03/2025 17:07:34) Epoch 689 | GT-PSNR: 25.14 | PSNR: 19.23 | SSIM: 0.844 | loss=0.323886
(16/03/2025 17:09:10) Epoch 690 | GT-PSNR: 25.70 | PSNR: 19.30 | SSIM: 0.852 | loss=0.335424
(16/03/2025 17:10:46) Epoch 691 | GT-PSNR: 25.47 | PSNR: 18.94 | SSIM: 0.850 | loss=0.233030
(16/03/2025 17:12:23) Epoch 692 | GT-PSNR: 25.33 | PSNR: 18.66 | SSIM: 0.850 | loss=0.724281
(16/03/2025 17:13:59) Epoch 693 | GT-PSNR: 25.41 | PSNR: 18.80 | SSIM: 0.853 | loss=0.354209
(16/03/2025 17:15:35) Epoch 694 | GT-PSNR: 25.11 | PSNR: 18.42 | SSIM: 0.846 | loss=0.319610
(16/03/2025 17:17:11) Epoch 695 | GT-PSNR: 25.76 | PSNR: 19.59 | SSIM: 0.853 | loss=0.305693
(16/03/2025 17:18:47) Epoch 696 | GT-PSNR: 25.41 | PSNR: 19.16 | SSIM: 0.852 | loss=0.165668
(16/03/2025 17:20:23) Epoch 697 | GT-PSNR: 25.65 | PSNR: 18.90 | SSIM: 0.854 | loss=0.473575
(16/03/2025 17:21:58) Epoch 698 | GT-PSNR: 24.68 | PSNR: 18.14 | SSIM: 0.843 | loss=0.378831
(16/03/2025 17:23:35) Epoch 699 | GT-PSNR: 25.11 | PSNR: 17.62 | SSIM: 0.851 | loss=0.621971
(16/03/2025 17:25:11) Epoch 700 | GT-PSNR: 24.93 | PSNR: 17.26 | SSIM: 0.846 | loss=0.325258
(16/03/2025 17:26:47) Epoch 701 | GT-PSNR: 25.12 | PSNR: 19.04 | SSIM: 0.844 | loss=0.507805
(16/03/2025 17:28:23) Epoch 702 | GT-PSNR: 25.07 | PSNR: 18.37 | SSIM: 0.847 | loss=0.274222
(16/03/2025 17:30:00) Epoch 703 | GT-PSNR: 25.37 | PSNR: 18.46 | SSIM: 0.852 | loss=0.460711
(16/03/2025 17:31:36) Epoch 704 | GT-PSNR: 25.50 | PSNR: 18.50 | SSIM: 0.853 | loss=0.532714
(16/03/2025 17:33:12) Epoch 705 | GT-PSNR: 25.44 | PSNR: 18.63 | SSIM: 0.852 | loss=0.525429
(16/03/2025 17:34:48) Epoch 706 | GT-PSNR: 25.39 | PSNR: 18.49 | SSIM: 0.854 | loss=0.349097
(16/03/2025 17:36:25) Epoch 707 | GT-PSNR: 25.54 | PSNR: 18.96 | SSIM: 0.849 | loss=0.418113
(16/03/2025 17:38:01) Epoch 708 | GT-PSNR: 25.58 | PSNR: 19.22 | SSIM: 0.853 | loss=0.272600
(16/03/2025 17:39:37) Epoch 709 | GT-PSNR: 24.92 | PSNR: 18.89 | SSIM: 0.842 | loss=0.346890
(16/03/2025 17:41:13) Epoch 710 | GT-PSNR: 25.56 | PSNR: 18.40 | SSIM: 0.855 | loss=0.456745
(16/03/2025 17:42:49) Epoch 711 | GT-PSNR: 25.24 | PSNR: 18.55 | SSIM: 0.849 | loss=0.154752
(16/03/2025 17:44:23) Epoch 712 | GT-PSNR: 25.71 | PSNR: 19.68 | SSIM: 0.852 | loss=0.328962
(16/03/2025 17:45:59) Epoch 713 | GT-PSNR: 25.32 | PSNR: 19.05 | SSIM: 0.849 | loss=0.162096
(16/03/2025 17:47:34) Epoch 714 | GT-PSNR: 25.36 | PSNR: 18.44 | SSIM: 0.850 | loss=0.449871
(16/03/2025 17:49:09) Epoch 715 | GT-PSNR: 25.42 | PSNR: 18.68 | SSIM: 0.849 | loss=0.406871
(16/03/2025 17:50:44) Epoch 716 | GT-PSNR: 24.76 | PSNR: 18.43 | SSIM: 0.841 | loss=0.957687
(16/03/2025 17:52:20) Epoch 717 | GT-PSNR: 25.61 | PSNR: 18.73 | SSIM: 0.854 | loss=0.480151
(16/03/2025 17:53:57) Epoch 718 | GT-PSNR: 25.28 | PSNR: 18.38 | SSIM: 0.851 | loss=0.441053
(16/03/2025 17:55:33) Epoch 719 | GT-PSNR: 25.41 | PSNR: 18.47 | SSIM: 0.853 | loss=0.497476
(16/03/2025 17:57:09) Epoch 720 | GT-PSNR: 24.89 | PSNR: 18.36 | SSIM: 0.845 | loss=0.469038
(16/03/2025 17:58:45) Epoch 721 | GT-PSNR: 25.21 | PSNR: 18.04 | SSIM: 0.852 | loss=0.609371
(16/03/2025 18:00:20) Epoch 722 | GT-PSNR: 24.95 | PSNR: 17.56 | SSIM: 0.848 | loss=1.013804
(16/03/2025 18:01:55) Epoch 723 | GT-PSNR: 24.61 | PSNR: 17.22 | SSIM: 0.846 | loss=0.115062
(16/03/2025 18:03:32) Epoch 724 | GT-PSNR: 25.52 | PSNR: 18.95 | SSIM: 0.851 | loss=0.637530
(16/03/2025 18:05:07) Epoch 725 | GT-PSNR: 25.18 | PSNR: 18.30 | SSIM: 0.848 | loss=0.258068
(16/03/2025 18:06:44) Epoch 726 | GT-PSNR: 25.53 | PSNR: 18.77 | SSIM: 0.853 | loss=0.473554
(16/03/2025 18:08:20) Epoch 727 | GT-PSNR: 25.20 | PSNR: 17.38 | SSIM: 0.853 | loss=0.413806
(16/03/2025 18:09:56) Epoch 728 | GT-PSNR: 24.96 | PSNR: 17.87 | SSIM: 0.848 | loss=0.822704
(16/03/2025 18:11:31) Epoch 729 | GT-PSNR: 25.03 | PSNR: 17.83 | SSIM: 0.849 | loss=0.361424
(16/03/2025 18:13:07) Epoch 730 | GT-PSNR: 25.68 | PSNR: 18.82 | SSIM: 0.856 | loss=0.976949
(16/03/2025 18:14:42) Epoch 731 | GT-PSNR: 25.55 | PSNR: 19.17 | SSIM: 0.851 | loss=0.589866
(16/03/2025 18:16:17) Epoch 732 | GT-PSNR: 25.16 | PSNR: 18.30 | SSIM: 0.849 | loss=0.990327
(16/03/2025 18:17:53) Epoch 733 | GT-PSNR: 25.47 | PSNR: 17.84 | SSIM: 0.854 | loss=0.314924
(16/03/2025 18:19:28) Epoch 734 | GT-PSNR: 25.11 | PSNR: 18.69 | SSIM: 0.845 | loss=0.275861
(16/03/2025 18:21:03) Epoch 735 | GT-PSNR: 24.93 | PSNR: 18.48 | SSIM: 0.843 | loss=0.202481
(16/03/2025 18:22:38) Epoch 736 | GT-PSNR: 24.35 | PSNR: 17.25 | SSIM: 0.840 | loss=0.378654
(16/03/2025 18:24:14) Epoch 737 | GT-PSNR: 25.32 | PSNR: 18.60 | SSIM: 0.847 | loss=0.291145
(16/03/2025 18:25:50) Epoch 738 | GT-PSNR: 25.53 | PSNR: 18.47 | SSIM: 0.855 | loss=1.262365
(16/03/2025 18:27:26) Epoch 739 | GT-PSNR: 25.42 | PSNR: 19.07 | SSIM: 0.850 | loss=0.257004
(16/03/2025 18:29:02) Epoch 740 | GT-PSNR: 25.62 | PSNR: 19.11 | SSIM: 0.855 | loss=0.336966
(16/03/2025 18:30:38) Epoch 741 | GT-PSNR: 25.34 | PSNR: 18.52 | SSIM: 0.849 | loss=0.181642
(16/03/2025 18:32:14) Epoch 742 | GT-PSNR: 25.36 | PSNR: 18.85 | SSIM: 0.851 | loss=0.320438
(16/03/2025 18:33:50) Epoch 743 | GT-PSNR: 25.45 | PSNR: 18.58 | SSIM: 0.851 | loss=0.308171
(16/03/2025 18:35:25) Epoch 744 | GT-PSNR: 25.45 | PSNR: 19.05 | SSIM: 0.851 | loss=0.216090
(16/03/2025 18:37:01) Epoch 745 | GT-PSNR: 25.63 | PSNR: 18.78 | SSIM: 0.855 | loss=0.236689
(16/03/2025 18:38:38) Epoch 746 | GT-PSNR: 25.84 | PSNR: 18.77 | SSIM: 0.858 | loss=0.697161
(16/03/2025 18:40:15) Epoch 747 | GT-PSNR: 25.09 | PSNR: 17.95 | SSIM: 0.848 | loss=0.392451
(16/03/2025 18:41:51) Epoch 748 | GT-PSNR: 25.46 | PSNR: 18.20 | SSIM: 0.853 | loss=0.299447
(16/03/2025 18:43:27) Epoch 749 | GT-PSNR: 25.25 | PSNR: 18.34 | SSIM: 0.850 | loss=0.155663
(16/03/2025 18:45:02) Epoch 750 | GT-PSNR: 25.52 | PSNR: 18.43 | SSIM: 0.854 | loss=0.221440
(16/03/2025 18:46:38) Epoch 751 | GT-PSNR: 25.57 | PSNR: 18.15 | SSIM: 0.854 | loss=0.304360
(16/03/2025 18:48:14) Epoch 752 | GT-PSNR: 25.09 | PSNR: 18.14 | SSIM: 0.846 | loss=0.200800
(16/03/2025 18:49:49) Epoch 753 | GT-PSNR: 25.67 | PSNR: 19.02 | SSIM: 0.855 | loss=0.497934
(16/03/2025 18:51:25) Epoch 754 | GT-PSNR: 25.44 | PSNR: 18.35 | SSIM: 0.853 | loss=0.468823
(16/03/2025 18:53:02) Epoch 755 | GT-PSNR: 25.14 | PSNR: 18.76 | SSIM: 0.846 | loss=0.330403
(16/03/2025 18:54:37) Epoch 756 | GT-PSNR: 25.64 | PSNR: 18.66 | SSIM: 0.856 | loss=0.280759
(16/03/2025 18:56:13) Epoch 757 | GT-PSNR: 25.46 | PSNR: 18.57 | SSIM: 0.851 | loss=0.271449
(16/03/2025 18:57:49) Epoch 758 | GT-PSNR: 24.95 | PSNR: 18.33 | SSIM: 0.844 | loss=0.239998
(16/03/2025 18:59:25) Epoch 759 | GT-PSNR: 25.49 | PSNR: 18.70 | SSIM: 0.852 | loss=0.442745
(16/03/2025 19:01:00) Epoch 760 | GT-PSNR: 25.24 | PSNR: 18.60 | SSIM: 0.849 | loss=0.370381
(16/03/2025 19:02:36) Epoch 761 | GT-PSNR: 25.34 | PSNR: 18.66 | SSIM: 0.850 | loss=1.009822
(16/03/2025 19:04:12) Epoch 762 | GT-PSNR: 25.14 | PSNR: 18.31 | SSIM: 0.846 | loss=0.453503
(16/03/2025 19:05:48) Epoch 763 | GT-PSNR: 25.54 | PSNR: 18.61 | SSIM: 0.855 | loss=0.333960
(16/03/2025 19:07:25) Epoch 764 | GT-PSNR: 25.20 | PSNR: 18.72 | SSIM: 0.849 | loss=0.554908
(16/03/2025 19:09:00) Epoch 765 | GT-PSNR: 25.44 | PSNR: 17.95 | SSIM: 0.854 | loss=0.613230
(16/03/2025 19:10:36) Epoch 766 | GT-PSNR: 24.99 | PSNR: 18.28 | SSIM: 0.846 | loss=0.626395
(16/03/2025 19:12:11) Epoch 767 | GT-PSNR: 25.54 | PSNR: 18.91 | SSIM: 0.853 | loss=0.244586
(16/03/2025 19:13:47) Epoch 768 | GT-PSNR: 25.34 | PSNR: 18.23 | SSIM: 0.851 | loss=0.440689
(16/03/2025 19:15:23) Epoch 769 | GT-PSNR: 25.35 | PSNR: 18.76 | SSIM: 0.850 | loss=0.239074
(16/03/2025 19:16:59) Epoch 770 | GT-PSNR: 25.94 | PSNR: 19.36 | SSIM: 0.855 | loss=0.323660
(16/03/2025 19:18:35) Epoch 771 | GT-PSNR: 25.16 | PSNR: 18.12 | SSIM: 0.848 | loss=0.336982
(16/03/2025 19:20:11) Epoch 772 | GT-PSNR: 25.41 | PSNR: 18.53 | SSIM: 0.850 | loss=0.478764
(16/03/2025 19:21:48) Epoch 773 | GT-PSNR: 24.82 | PSNR: 17.62 | SSIM: 0.843 | loss=0.202974
(16/03/2025 19:23:25) Epoch 774 | GT-PSNR: 25.50 | PSNR: 18.83 | SSIM: 0.853 | loss=0.232702
(16/03/2025 19:25:02) Epoch 775 | GT-PSNR: 24.91 | PSNR: 18.57 | SSIM: 0.844 | loss=0.176378
(16/03/2025 19:26:39) Epoch 776 | GT-PSNR: 25.31 | PSNR: 18.42 | SSIM: 0.851 | loss=0.518634
(16/03/2025 19:28:15) Epoch 777 | GT-PSNR: 25.64 | PSNR: 18.77 | SSIM: 0.855 | loss=0.622956
(16/03/2025 19:29:50) Epoch 778 | GT-PSNR: 25.29 | PSNR: 18.46 | SSIM: 0.849 | loss=0.271097
(16/03/2025 19:31:26) Epoch 779 | GT-PSNR: 25.06 | PSNR: 18.04 | SSIM: 0.847 | loss=0.970364
(16/03/2025 19:33:02) Epoch 780 | GT-PSNR: 25.31 | PSNR: 18.80 | SSIM: 0.849 | loss=0.509014
(16/03/2025 19:34:37) Epoch 781 | GT-PSNR: 25.38 | PSNR: 18.23 | SSIM: 0.851 | loss=0.580737
(16/03/2025 19:36:13) Epoch 782 | GT-PSNR: 25.06 | PSNR: 17.68 | SSIM: 0.849 | loss=0.926542
(16/03/2025 19:37:48) Epoch 783 | GT-PSNR: 25.48 | PSNR: 18.65 | SSIM: 0.852 | loss=0.751434
(16/03/2025 19:39:23) Epoch 784 | GT-PSNR: 25.05 | PSNR: 18.23 | SSIM: 0.846 | loss=0.310703
(16/03/2025 19:40:59) Epoch 785 | GT-PSNR: 24.93 | PSNR: 17.93 | SSIM: 0.846 | loss=0.324821
(16/03/2025 19:42:35) Epoch 786 | GT-PSNR: 25.14 | PSNR: 18.44 | SSIM: 0.848 | loss=0.684561
(16/03/2025 19:44:10) Epoch 787 | GT-PSNR: 24.99 | PSNR: 18.30 | SSIM: 0.845 | loss=0.411624
(16/03/2025 19:45:45) Epoch 788 | GT-PSNR: 24.86 | PSNR: 17.79 | SSIM: 0.845 | loss=0.970763
(16/03/2025 19:47:21) Epoch 789 | GT-PSNR: 25.29 | PSNR: 18.35 | SSIM: 0.850 | loss=0.404713
(16/03/2025 19:48:56) Epoch 790 | GT-PSNR: 25.24 | PSNR: 18.61 | SSIM: 0.848 | loss=0.178236
(16/03/2025 19:50:32) Epoch 791 | GT-PSNR: 25.03 | PSNR: 18.61 | SSIM: 0.846 | loss=0.196731
(16/03/2025 19:52:07) Epoch 792 | GT-PSNR: 25.39 | PSNR: 18.63 | SSIM: 0.851 | loss=0.565887
(16/03/2025 19:53:44) Epoch 793 | GT-PSNR: 24.80 | PSNR: 18.03 | SSIM: 0.843 | loss=0.498936
(16/03/2025 19:55:19) Epoch 794 | GT-PSNR: 25.01 | PSNR: 18.14 | SSIM: 0.846 | loss=0.672475
(16/03/2025 19:56:56) Epoch 795 | GT-PSNR: 25.37 | PSNR: 18.72 | SSIM: 0.850 | loss=0.769988
(16/03/2025 19:58:32) Epoch 796 | GT-PSNR: 25.23 | PSNR: 18.49 | SSIM: 0.848 | loss=0.301903
(16/03/2025 20:00:07) Epoch 797 | GT-PSNR: 25.21 | PSNR: 18.64 | SSIM: 0.847 | loss=0.377561
(16/03/2025 20:01:43) Epoch 798 | GT-PSNR: 25.15 | PSNR: 18.59 | SSIM: 0.846 | loss=0.288230
(16/03/2025 20:03:19) Epoch 799 | GT-PSNR: 25.48 | PSNR: 19.05 | SSIM: 0.850 | loss=0.649858
(16/03/2025 20:04:55) Epoch 800 | GT-PSNR: 25.15 | PSNR: 18.24 | SSIM: 0.848 | loss=0.468934
(16/03/2025 20:06:31) Epoch 801 | GT-PSNR: 25.38 | PSNR: 18.83 | SSIM: 0.850 | loss=0.343318
(16/03/2025 20:08:06) Epoch 802 | GT-PSNR: 25.39 | PSNR: 18.64 | SSIM: 0.852 | loss=0.241845
(16/03/2025 20:09:41) Epoch 803 | GT-PSNR: 25.21 | PSNR: 18.78 | SSIM: 0.849 | loss=0.403755
(16/03/2025 20:11:16) Epoch 804 | GT-PSNR: 25.13 | PSNR: 18.83 | SSIM: 0.846 | loss=0.320468
(16/03/2025 20:12:52) Epoch 805 | GT-PSNR: 25.42 | PSNR: 18.55 | SSIM: 0.851 | loss=0.454602
(16/03/2025 20:14:27) Epoch 806 | GT-PSNR: 25.13 | PSNR: 18.31 | SSIM: 0.848 | loss=0.604337
(16/03/2025 20:16:04) Epoch 807 | GT-PSNR: 25.56 | PSNR: 18.76 | SSIM: 0.852 | loss=0.364056
(16/03/2025 20:17:39) Epoch 808 | GT-PSNR: 25.33 | PSNR: 18.68 | SSIM: 0.848 | loss=0.215287
(16/03/2025 20:19:15) Epoch 809 | GT-PSNR: 25.53 | PSNR: 18.65 | SSIM: 0.853 | loss=0.787805
(16/03/2025 20:20:51) Epoch 810 | GT-PSNR: 25.25 | PSNR: 18.19 | SSIM: 0.850 | loss=0.251794
(16/03/2025 20:22:27) Epoch 811 | GT-PSNR: 25.36 | PSNR: 18.37 | SSIM: 0.852 | loss=0.515383
(16/03/2025 20:24:03) Epoch 812 | GT-PSNR: 25.14 | PSNR: 18.46 | SSIM: 0.847 | loss=0.861355
(16/03/2025 20:25:39) Epoch 813 | GT-PSNR: 25.39 | PSNR: 18.53 | SSIM: 0.853 | loss=0.916897
(16/03/2025 20:27:14) Epoch 814 | GT-PSNR: 25.00 | PSNR: 18.46 | SSIM: 0.844 | loss=0.255510
(16/03/2025 20:28:50) Epoch 815 | GT-PSNR: 25.32 | PSNR: 18.33 | SSIM: 0.850 | loss=0.240662
(16/03/2025 20:30:26) Epoch 816 | GT-PSNR: 25.28 | PSNR: 18.67 | SSIM: 0.848 | loss=0.624629
(16/03/2025 20:32:02) Epoch 817 | GT-PSNR: 25.35 | PSNR: 18.30 | SSIM: 0.850 | loss=0.432959
(16/03/2025 20:33:38) Epoch 818 | GT-PSNR: 25.20 | PSNR: 18.39 | SSIM: 0.848 | loss=0.898224
(16/03/2025 20:35:13) Epoch 819 | GT-PSNR: 25.12 | PSNR: 18.41 | SSIM: 0.846 | loss=0.356612
(16/03/2025 20:36:48) Epoch 820 | GT-PSNR: 25.27 | PSNR: 18.25 | SSIM: 0.850 | loss=0.294334
(16/03/2025 20:38:24) Epoch 821 | GT-PSNR: 25.34 | PSNR: 18.51 | SSIM: 0.850 | loss=0.189451
(16/03/2025 20:40:00) Epoch 822 | GT-PSNR: 25.31 | PSNR: 18.64 | SSIM: 0.848 | loss=0.722597
(16/03/2025 20:41:36) Epoch 823 | GT-PSNR: 25.21 | PSNR: 18.33 | SSIM: 0.849 | loss=0.259381
(16/03/2025 20:43:11) Epoch 824 | GT-PSNR: 25.23 | PSNR: 18.45 | SSIM: 0.849 | loss=0.220226
(16/03/2025 20:44:46) Epoch 825 | GT-PSNR: 25.40 | PSNR: 18.70 | SSIM: 0.851 | loss=0.501468
(16/03/2025 20:46:22) Epoch 826 | GT-PSNR: 25.30 | PSNR: 19.05 | SSIM: 0.847 | loss=0.215024
(16/03/2025 20:47:59) Epoch 827 | GT-PSNR: 25.44 | PSNR: 18.62 | SSIM: 0.851 | loss=1.082979
(16/03/2025 20:49:35) Epoch 828 | GT-PSNR: 25.26 | PSNR: 18.30 | SSIM: 0.849 | loss=0.182122
(16/03/2025 20:51:12) Epoch 829 | GT-PSNR: 25.64 | PSNR: 18.91 | SSIM: 0.854 | loss=0.330409
(16/03/2025 20:52:48) Epoch 830 | GT-PSNR: 25.45 | PSNR: 18.31 | SSIM: 0.852 | loss=0.368494
(16/03/2025 20:54:24) Epoch 831 | GT-PSNR: 25.48 | PSNR: 18.86 | SSIM: 0.852 | loss=0.382284
(16/03/2025 20:55:59) Epoch 832 | GT-PSNR: 25.13 | PSNR: 18.46 | SSIM: 0.847 | loss=0.376621
(16/03/2025 20:57:36) Epoch 833 | GT-PSNR: 24.94 | PSNR: 18.25 | SSIM: 0.845 | loss=0.373253
(16/03/2025 20:59:12) Epoch 834 | GT-PSNR: 24.98 | PSNR: 18.24 | SSIM: 0.846 | loss=0.341232
(16/03/2025 21:00:48) Epoch 835 | GT-PSNR: 25.61 | PSNR: 18.73 | SSIM: 0.855 | loss=1.173130
(16/03/2025 21:02:24) Epoch 836 | GT-PSNR: 25.39 | PSNR: 18.24 | SSIM: 0.852 | loss=0.291179
(16/03/2025 21:04:01) Epoch 837 | GT-PSNR: 25.16 | PSNR: 18.01 | SSIM: 0.850 | loss=0.281932
(16/03/2025 21:05:38) Epoch 838 | GT-PSNR: 25.36 | PSNR: 18.70 | SSIM: 0.851 | loss=0.281366
(16/03/2025 21:07:13) Epoch 839 | GT-PSNR: 25.32 | PSNR: 18.74 | SSIM: 0.850 | loss=0.320827
(16/03/2025 21:08:49) Epoch 840 | GT-PSNR: 25.38 | PSNR: 18.46 | SSIM: 0.851 | loss=0.365355
(16/03/2025 21:10:24) Epoch 841 | GT-PSNR: 25.17 | PSNR: 18.20 | SSIM: 0.849 | loss=0.252527
(16/03/2025 21:12:01) Epoch 842 | GT-PSNR: 25.51 | PSNR: 18.64 | SSIM: 0.852 | loss=0.360837
(16/03/2025 21:13:37) Epoch 843 | GT-PSNR: 25.21 | PSNR: 18.79 | SSIM: 0.847 | loss=0.326403
(16/03/2025 21:15:14) Epoch 844 | GT-PSNR: 25.30 | PSNR: 18.66 | SSIM: 0.849 | loss=0.235459
(16/03/2025 21:16:49) Epoch 845 | GT-PSNR: 25.29 | PSNR: 18.45 | SSIM: 0.849 | loss=0.279222
(16/03/2025 21:18:26) Epoch 846 | GT-PSNR: 25.32 | PSNR: 18.85 | SSIM: 0.849 | loss=0.244671
(16/03/2025 21:20:03) Epoch 847 | GT-PSNR: 25.15 | PSNR: 18.30 | SSIM: 0.847 | loss=0.511553
(16/03/2025 21:21:38) Epoch 848 | GT-PSNR: 25.57 | PSNR: 18.85 | SSIM: 0.853 | loss=0.249205
(16/03/2025 21:23:15) Epoch 849 | GT-PSNR: 25.27 | PSNR: 18.40 | SSIM: 0.848 | loss=0.891906
(16/03/2025 21:24:52) Epoch 850 | GT-PSNR: 25.48 | PSNR: 18.77 | SSIM: 0.851 | loss=0.293583
(16/03/2025 21:26:28) Epoch 851 | GT-PSNR: 25.22 | PSNR: 18.54 | SSIM: 0.849 | loss=0.249975
(16/03/2025 21:28:04) Epoch 852 | GT-PSNR: 25.25 | PSNR: 18.54 | SSIM: 0.848 | loss=0.272762
(16/03/2025 21:29:40) Epoch 853 | GT-PSNR: 25.23 | PSNR: 18.41 | SSIM: 0.848 | loss=0.660177
(16/03/2025 21:31:15) Epoch 854 | GT-PSNR: 25.36 | PSNR: 18.76 | SSIM: 0.850 | loss=0.908198
(16/03/2025 21:32:52) Epoch 855 | GT-PSNR: 25.31 | PSNR: 18.53 | SSIM: 0.849 | loss=0.329473
(16/03/2025 21:34:28) Epoch 856 | GT-PSNR: 25.27 | PSNR: 18.68 | SSIM: 0.848 | loss=0.285442
(16/03/2025 21:36:04) Epoch 857 | GT-PSNR: 25.31 | PSNR: 18.71 | SSIM: 0.849 | loss=0.378166
(16/03/2025 21:37:39) Epoch 858 | GT-PSNR: 24.98 | PSNR: 18.32 | SSIM: 0.845 | loss=1.272687
(16/03/2025 21:39:14) Epoch 859 | GT-PSNR: 25.37 | PSNR: 18.87 | SSIM: 0.850 | loss=0.237428
(16/03/2025 21:40:50) Epoch 860 | GT-PSNR: 25.17 | PSNR: 18.33 | SSIM: 0.848 | loss=0.202810
(16/03/2025 21:42:25) Epoch 861 | GT-PSNR: 25.09 | PSNR: 18.37 | SSIM: 0.846 | loss=0.221399
(16/03/2025 21:44:01) Epoch 862 | GT-PSNR: 25.06 | PSNR: 18.29 | SSIM: 0.846 | loss=0.600280
(16/03/2025 21:45:36) Epoch 863 | GT-PSNR: 25.38 | PSNR: 18.68 | SSIM: 0.851 | loss=0.386313
(16/03/2025 21:47:12) Epoch 864 | GT-PSNR: 25.34 | PSNR: 18.55 | SSIM: 0.850 | loss=0.204269
(16/03/2025 21:48:48) Epoch 865 | GT-PSNR: 25.52 | PSNR: 18.88 | SSIM: 0.852 | loss=0.339617
(16/03/2025 21:50:23) Epoch 866 | GT-PSNR: 25.25 | PSNR: 18.40 | SSIM: 0.849 | loss=0.299854
(16/03/2025 21:52:00) Epoch 867 | GT-PSNR: 25.26 | PSNR: 18.66 | SSIM: 0.849 | loss=0.401321
(16/03/2025 21:53:35) Epoch 868 | GT-PSNR: 25.27 | PSNR: 18.67 | SSIM: 0.849 | loss=0.282649
(16/03/2025 21:55:11) Epoch 869 | GT-PSNR: 24.99 | PSNR: 18.22 | SSIM: 0.845 | loss=0.210979
(16/03/2025 21:56:47) Epoch 870 | GT-PSNR: 25.03 | PSNR: 18.43 | SSIM: 0.844 | loss=0.495199
(16/03/2025 21:58:23) Epoch 871 | GT-PSNR: 25.24 | PSNR: 18.47 | SSIM: 0.848 | loss=0.184186
(16/03/2025 22:00:00) Epoch 872 | GT-PSNR: 25.12 | PSNR: 18.62 | SSIM: 0.847 | loss=0.359714
(16/03/2025 22:01:36) Epoch 873 | GT-PSNR: 25.18 | PSNR: 18.52 | SSIM: 0.848 | loss=0.361247
(16/03/2025 22:03:12) Epoch 874 | GT-PSNR: 25.29 | PSNR: 18.61 | SSIM: 0.849 | loss=0.308584
(16/03/2025 22:04:47) Epoch 875 | GT-PSNR: 25.17 | PSNR: 18.36 | SSIM: 0.848 | loss=0.293076
(16/03/2025 22:06:23) Epoch 876 | GT-PSNR: 25.23 | PSNR: 18.32 | SSIM: 0.848 | loss=0.968991
(16/03/2025 22:07:59) Epoch 877 | GT-PSNR: 25.13 | PSNR: 18.37 | SSIM: 0.847 | loss=0.289142
(16/03/2025 22:09:35) Epoch 878 | GT-PSNR: 25.25 | PSNR: 18.52 | SSIM: 0.849 | loss=0.213904
(16/03/2025 22:11:10) Epoch 879 | GT-PSNR: 25.26 | PSNR: 18.37 | SSIM: 0.849 | loss=0.338329
(16/03/2025 22:12:45) Epoch 880 | GT-PSNR: 25.18 | PSNR: 18.47 | SSIM: 0.847 | loss=0.723586
(16/03/2025 22:14:20) Epoch 881 | GT-PSNR: 25.39 | PSNR: 18.67 | SSIM: 0.850 | loss=0.309188
(16/03/2025 22:15:56) Epoch 882 | GT-PSNR: 25.39 | PSNR: 18.53 | SSIM: 0.851 | loss=0.274710
(16/03/2025 22:17:32) Epoch 883 | GT-PSNR: 25.44 | PSNR: 18.57 | SSIM: 0.851 | loss=0.371136
(16/03/2025 22:19:07) Epoch 884 | GT-PSNR: 25.21 | PSNR: 18.50 | SSIM: 0.848 | loss=0.440221
(16/03/2025 22:20:43) Epoch 885 | GT-PSNR: 25.18 | PSNR: 18.49 | SSIM: 0.848 | loss=0.424611
(16/03/2025 22:22:19) Epoch 886 | GT-PSNR: 25.19 | PSNR: 18.33 | SSIM: 0.848 | loss=0.323468
(16/03/2025 22:23:55) Epoch 887 | GT-PSNR: 25.04 | PSNR: 18.31 | SSIM: 0.845 | loss=0.428987
(16/03/2025 22:25:30) Epoch 888 | GT-PSNR: 25.16 | PSNR: 18.42 | SSIM: 0.847 | loss=0.264726
(16/03/2025 22:27:06) Epoch 889 | GT-PSNR: 25.09 | PSNR: 18.37 | SSIM: 0.846 | loss=0.746128
(16/03/2025 22:28:42) Epoch 890 | GT-PSNR: 25.26 | PSNR: 18.48 | SSIM: 0.849 | loss=0.315041
(16/03/2025 22:30:18) Epoch 891 | GT-PSNR: 25.11 | PSNR: 18.31 | SSIM: 0.847 | loss=0.376932
(16/03/2025 22:31:54) Epoch 892 | GT-PSNR: 25.16 | PSNR: 18.41 | SSIM: 0.847 | loss=0.212891
(16/03/2025 22:33:30) Epoch 893 | GT-PSNR: 25.21 | PSNR: 18.58 | SSIM: 0.848 | loss=0.387642
(16/03/2025 22:35:07) Epoch 894 | GT-PSNR: 25.19 | PSNR: 18.57 | SSIM: 0.847 | loss=0.689053
(16/03/2025 22:36:43) Epoch 895 | GT-PSNR: 25.15 | PSNR: 18.44 | SSIM: 0.847 | loss=0.265897
(16/03/2025 22:38:19) Epoch 896 | GT-PSNR: 25.32 | PSNR: 18.50 | SSIM: 0.850 | loss=0.697654
(16/03/2025 22:39:54) Epoch 897 | GT-PSNR: 25.26 | PSNR: 18.32 | SSIM: 0.849 | loss=0.327193
(16/03/2025 22:41:30) Epoch 898 | GT-PSNR: 25.18 | PSNR: 18.32 | SSIM: 0.848 | loss=0.816681
(16/03/2025 22:43:06) Epoch 899 | GT-PSNR: 25.26 | PSNR: 18.69 | SSIM: 0.848 | loss=0.239499
(16/03/2025 22:44:43) Epoch 900 | GT-PSNR: 25.23 | PSNR: 18.38 | SSIM: 0.849 | loss=0.521312
(16/03/2025 22:46:19) Epoch 901 | GT-PSNR: 25.27 | PSNR: 18.38 | SSIM: 0.850 | loss=0.545779
(16/03/2025 22:47:55) Epoch 902 | GT-PSNR: 25.14 | PSNR: 18.21 | SSIM: 0.848 | loss=0.371541
(16/03/2025 22:49:32) Epoch 903 | GT-PSNR: 25.11 | PSNR: 18.38 | SSIM: 0.846 | loss=0.675251
(16/03/2025 22:51:08) Epoch 904 | GT-PSNR: 25.16 | PSNR: 18.40 | SSIM: 0.847 | loss=0.163456
(16/03/2025 22:52:44) Epoch 905 | GT-PSNR: 25.27 | PSNR: 18.53 | SSIM: 0.850 | loss=0.252856
(16/03/2025 22:54:19) Epoch 906 | GT-PSNR: 25.19 | PSNR: 18.57 | SSIM: 0.848 | loss=0.280299
(16/03/2025 22:55:55) Epoch 907 | GT-PSNR: 25.09 | PSNR: 18.32 | SSIM: 0.847 | loss=0.528908
(16/03/2025 22:57:31) Epoch 908 | GT-PSNR: 25.19 | PSNR: 18.43 | SSIM: 0.847 | loss=0.598826
(16/03/2025 22:59:07) Epoch 909 | GT-PSNR: 25.32 | PSNR: 18.44 | SSIM: 0.850 | loss=0.426754
(16/03/2025 23:00:43) Epoch 910 | GT-PSNR: 25.35 | PSNR: 18.66 | SSIM: 0.850 | loss=0.284169
(16/03/2025 23:02:19) Epoch 911 | GT-PSNR: 25.43 | PSNR: 18.68 | SSIM: 0.851 | loss=0.309673
(16/03/2025 23:03:55) Epoch 912 | GT-PSNR: 25.30 | PSNR: 18.55 | SSIM: 0.850 | loss=0.341804
(16/03/2025 23:05:30) Epoch 913 | GT-PSNR: 25.34 | PSNR: 18.46 | SSIM: 0.850 | loss=0.394538
(16/03/2025 23:07:07) Epoch 914 | GT-PSNR: 25.14 | PSNR: 18.45 | SSIM: 0.847 | loss=0.730006
(16/03/2025 23:08:43) Epoch 915 | GT-PSNR: 25.29 | PSNR: 18.58 | SSIM: 0.849 | loss=0.359660
(16/03/2025 23:10:18) Epoch 916 | GT-PSNR: 25.40 | PSNR: 18.57 | SSIM: 0.852 | loss=0.325469
(16/03/2025 23:11:54) Epoch 917 | GT-PSNR: 25.25 | PSNR: 18.47 | SSIM: 0.849 | loss=0.299942
(16/03/2025 23:13:29) Epoch 918 | GT-PSNR: 25.24 | PSNR: 18.45 | SSIM: 0.849 | loss=0.520684
(16/03/2025 23:15:05) Epoch 919 | GT-PSNR: 25.31 | PSNR: 18.64 | SSIM: 0.849 | loss=0.479786
(16/03/2025 23:16:41) Epoch 920 | GT-PSNR: 25.33 | PSNR: 18.51 | SSIM: 0.850 | loss=0.391843
(16/03/2025 23:18:17) Epoch 921 | GT-PSNR: 25.28 | PSNR: 18.36 | SSIM: 0.850 | loss=0.622052
(16/03/2025 23:19:52) Epoch 922 | GT-PSNR: 25.24 | PSNR: 18.39 | SSIM: 0.849 | loss=0.406725
(16/03/2025 23:21:28) Epoch 923 | GT-PSNR: 25.29 | PSNR: 18.53 | SSIM: 0.849 | loss=0.337764
(16/03/2025 23:23:05) Epoch 924 | GT-PSNR: 25.18 | PSNR: 18.44 | SSIM: 0.848 | loss=0.879475
(16/03/2025 23:24:41) Epoch 925 | GT-PSNR: 25.27 | PSNR: 18.58 | SSIM: 0.849 | loss=0.300848
(16/03/2025 23:26:16) Epoch 926 | GT-PSNR: 25.34 | PSNR: 18.63 | SSIM: 0.850 | loss=0.415661
(16/03/2025 23:27:52) Epoch 927 | GT-PSNR: 25.26 | PSNR: 18.60 | SSIM: 0.849 | loss=0.200205
(16/03/2025 23:29:28) Epoch 928 | GT-PSNR: 25.19 | PSNR: 18.45 | SSIM: 0.848 | loss=0.264153
(16/03/2025 23:31:04) Epoch 929 | GT-PSNR: 25.24 | PSNR: 18.53 | SSIM: 0.849 | loss=0.665217
(16/03/2025 23:32:40) Epoch 930 | GT-PSNR: 25.28 | PSNR: 18.38 | SSIM: 0.850 | loss=0.469292
(16/03/2025 23:34:15) Epoch 931 | GT-PSNR: 25.25 | PSNR: 18.48 | SSIM: 0.849 | loss=0.380638
(16/03/2025 23:35:52) Epoch 932 | GT-PSNR: 25.22 | PSNR: 18.47 | SSIM: 0.848 | loss=0.302404
(16/03/2025 23:37:27) Epoch 933 | GT-PSNR: 25.27 | PSNR: 18.56 | SSIM: 0.849 | loss=0.411042
(16/03/2025 23:39:03) Epoch 934 | GT-PSNR: 25.34 | PSNR: 18.56 | SSIM: 0.850 | loss=0.599503
(16/03/2025 23:40:39) Epoch 935 | GT-PSNR: 25.29 | PSNR: 18.50 | SSIM: 0.850 | loss=0.422392
(16/03/2025 23:42:15) Epoch 936 | GT-PSNR: 25.25 | PSNR: 18.49 | SSIM: 0.849 | loss=0.639085
(16/03/2025 23:43:51) Epoch 937 | GT-PSNR: 25.20 | PSNR: 18.45 | SSIM: 0.848 | loss=0.509454
(16/03/2025 23:45:27) Epoch 938 | GT-PSNR: 25.17 | PSNR: 18.37 | SSIM: 0.847 | loss=0.458139
(16/03/2025 23:47:03) Epoch 939 | GT-PSNR: 25.19 | PSNR: 18.44 | SSIM: 0.848 | loss=0.378889
(16/03/2025 23:48:40) Epoch 940 | GT-PSNR: 25.22 | PSNR: 18.43 | SSIM: 0.848 | loss=0.605553
(16/03/2025 23:50:15) Epoch 941 | GT-PSNR: 25.14 | PSNR: 18.38 | SSIM: 0.847 | loss=0.539767
(16/03/2025 23:51:51) Epoch 942 | GT-PSNR: 25.13 | PSNR: 18.41 | SSIM: 0.847 | loss=0.181636
(16/03/2025 23:53:27) Epoch 943 | GT-PSNR: 25.12 | PSNR: 18.45 | SSIM: 0.847 | loss=0.344049
(16/03/2025 23:55:03) Epoch 944 | GT-PSNR: 25.18 | PSNR: 18.45 | SSIM: 0.848 | loss=0.983889
(16/03/2025 23:56:40) Epoch 945 | GT-PSNR: 25.21 | PSNR: 18.43 | SSIM: 0.849 | loss=0.369928
(16/03/2025 23:58:16) Epoch 946 | GT-PSNR: 25.29 | PSNR: 18.45 | SSIM: 0.849 | loss=0.461332
(16/03/2025 23:59:52) Epoch 947 | GT-PSNR: 25.28 | PSNR: 18.59 | SSIM: 0.849 | loss=0.493608
(17/03/2025 00:01:29) Epoch 948 | GT-PSNR: 25.20 | PSNR: 18.49 | SSIM: 0.848 | loss=0.448997
(17/03/2025 00:03:05) Epoch 949 | GT-PSNR: 25.19 | PSNR: 18.51 | SSIM: 0.848 | loss=0.195878
(17/03/2025 00:04:41) Epoch 950 | GT-PSNR: 25.22 | PSNR: 18.46 | SSIM: 0.849 | loss=0.279382
(17/03/2025 00:06:18) Epoch 951 | GT-PSNR: 25.26 | PSNR: 18.56 | SSIM: 0.848 | loss=0.433705
(17/03/2025 00:07:55) Epoch 952 | GT-PSNR: 25.27 | PSNR: 18.53 | SSIM: 0.849 | loss=0.367221
(17/03/2025 00:09:32) Epoch 953 | GT-PSNR: 25.23 | PSNR: 18.53 | SSIM: 0.848 | loss=0.314440
(17/03/2025 00:11:09) Epoch 954 | GT-PSNR: 25.28 | PSNR: 18.50 | SSIM: 0.849 | loss=0.316817
(17/03/2025 00:12:45) Epoch 955 | GT-PSNR: 25.26 | PSNR: 18.49 | SSIM: 0.849 | loss=0.383825
(17/03/2025 00:14:21) Epoch 956 | GT-PSNR: 25.18 | PSNR: 18.42 | SSIM: 0.847 | loss=0.417647
(17/03/2025 00:15:57) Epoch 957 | GT-PSNR: 25.24 | PSNR: 18.50 | SSIM: 0.848 | loss=0.125832
(17/03/2025 00:17:32) Epoch 958 | GT-PSNR: 25.25 | PSNR: 18.41 | SSIM: 0.849 | loss=0.259226
(17/03/2025 00:19:09) Epoch 959 | GT-PSNR: 25.23 | PSNR: 18.38 | SSIM: 0.849 | loss=0.203337
(17/03/2025 00:20:45) Epoch 960 | GT-PSNR: 25.25 | PSNR: 18.43 | SSIM: 0.849 | loss=0.199230
(17/03/2025 00:22:21) Epoch 961 | GT-PSNR: 25.23 | PSNR: 18.37 | SSIM: 0.849 | loss=0.289964
(17/03/2025 00:23:58) Epoch 962 | GT-PSNR: 25.26 | PSNR: 18.46 | SSIM: 0.849 | loss=0.386929
(17/03/2025 00:25:34) Epoch 963 | GT-PSNR: 25.22 | PSNR: 18.45 | SSIM: 0.848 | loss=0.405067
(17/03/2025 00:27:11) Epoch 964 | GT-PSNR: 25.26 | PSNR: 18.46 | SSIM: 0.849 | loss=0.441690
(17/03/2025 00:28:48) Epoch 965 | GT-PSNR: 25.25 | PSNR: 18.47 | SSIM: 0.849 | loss=0.254197
(17/03/2025 00:30:25) Epoch 966 | GT-PSNR: 25.20 | PSNR: 18.43 | SSIM: 0.848 | loss=0.127607
(17/03/2025 00:32:00) Epoch 967 | GT-PSNR: 25.23 | PSNR: 18.47 | SSIM: 0.848 | loss=0.310577
(17/03/2025 00:33:35) Epoch 968 | GT-PSNR: 25.23 | PSNR: 18.55 | SSIM: 0.848 | loss=0.882428
(17/03/2025 00:35:10) Epoch 969 | GT-PSNR: 25.28 | PSNR: 18.53 | SSIM: 0.849 | loss=0.371049
(17/03/2025 00:36:46) Epoch 970 | GT-PSNR: 25.28 | PSNR: 18.51 | SSIM: 0.849 | loss=0.576737
(17/03/2025 00:38:22) Epoch 971 | GT-PSNR: 25.21 | PSNR: 18.50 | SSIM: 0.848 | loss=0.575386
(17/03/2025 00:39:58) Epoch 972 | GT-PSNR: 25.27 | PSNR: 18.55 | SSIM: 0.849 | loss=0.753370
(17/03/2025 00:41:33) Epoch 973 | GT-PSNR: 25.25 | PSNR: 18.49 | SSIM: 0.849 | loss=1.402988
(17/03/2025 00:43:10) Epoch 974 | GT-PSNR: 25.30 | PSNR: 18.54 | SSIM: 0.849 | loss=0.208515
(17/03/2025 00:44:46) Epoch 975 | GT-PSNR: 25.27 | PSNR: 18.56 | SSIM: 0.848 | loss=0.394452
(17/03/2025 00:46:22) Epoch 976 | GT-PSNR: 25.22 | PSNR: 18.55 | SSIM: 0.848 | loss=0.324592
(17/03/2025 00:47:58) Epoch 977 | GT-PSNR: 25.25 | PSNR: 18.54 | SSIM: 0.848 | loss=0.338160
(17/03/2025 00:49:35) Epoch 978 | GT-PSNR: 25.30 | PSNR: 18.54 | SSIM: 0.849 | loss=0.194813
(17/03/2025 00:51:11) Epoch 979 | GT-PSNR: 25.28 | PSNR: 18.56 | SSIM: 0.849 | loss=0.583920
(17/03/2025 00:52:47) Epoch 980 | GT-PSNR: 25.28 | PSNR: 18.49 | SSIM: 0.849 | loss=0.478045
(17/03/2025 00:54:23) Epoch 981 | GT-PSNR: 25.26 | PSNR: 18.48 | SSIM: 0.849 | loss=0.321628
(17/03/2025 00:56:00) Epoch 982 | GT-PSNR: 25.24 | PSNR: 18.54 | SSIM: 0.848 | loss=0.245937
(17/03/2025 00:57:35) Epoch 983 | GT-PSNR: 25.29 | PSNR: 18.53 | SSIM: 0.849 | loss=1.009544
(17/03/2025 00:59:10) Epoch 984 | GT-PSNR: 25.28 | PSNR: 18.58 | SSIM: 0.849 | loss=0.691373
(17/03/2025 01:00:46) Epoch 985 | GT-PSNR: 25.28 | PSNR: 18.51 | SSIM: 0.849 | loss=0.234523
(17/03/2025 01:02:22) Epoch 986 | GT-PSNR: 25.27 | PSNR: 18.50 | SSIM: 0.849 | loss=0.269304
(17/03/2025 01:03:57) Epoch 987 | GT-PSNR: 25.29 | PSNR: 18.55 | SSIM: 0.849 | loss=0.516815
(17/03/2025 01:05:34) Epoch 988 | GT-PSNR: 25.24 | PSNR: 18.55 | SSIM: 0.848 | loss=0.164686
(17/03/2025 01:07:11) Epoch 989 | GT-PSNR: 25.24 | PSNR: 18.56 | SSIM: 0.848 | loss=0.158165
(17/03/2025 01:08:47) Epoch 990 | GT-PSNR: 25.31 | PSNR: 18.49 | SSIM: 0.850 | loss=0.318916
(17/03/2025 01:10:23) Epoch 991 | GT-PSNR: 25.24 | PSNR: 18.51 | SSIM: 0.849 | loss=0.223841
(17/03/2025 01:11:59) Epoch 992 | GT-PSNR: 25.25 | PSNR: 18.56 | SSIM: 0.849 | loss=0.142665
(17/03/2025 01:13:35) Epoch 993 | GT-PSNR: 25.23 | PSNR: 18.50 | SSIM: 0.849 | loss=0.257572
(17/03/2025 01:15:11) Epoch 994 | GT-PSNR: 25.28 | PSNR: 18.49 | SSIM: 0.850 | loss=0.316263
(17/03/2025 01:16:47) Epoch 995 | GT-PSNR: 25.25 | PSNR: 18.51 | SSIM: 0.849 | loss=0.405507
(17/03/2025 01:18:24) Epoch 996 | GT-PSNR: 25.27 | PSNR: 18.57 | SSIM: 0.849 | loss=0.365633
(17/03/2025 01:20:00) Epoch 997 | GT-PSNR: 25.31 | PSNR: 18.55 | SSIM: 0.849 | loss=0.772174
(17/03/2025 01:21:37) Epoch 998 | GT-PSNR: 25.29 | PSNR: 18.59 | SSIM: 0.849 | loss=0.348824
(17/03/2025 01:23:14) Epoch 999 | GT-PSNR: 25.30 | PSNR: 18.54 | SSIM: 0.849 | loss=0.894018
(17/03/2025 01:24:50) Epoch 1000 | GT-PSNR: 25.30 | PSNR: 18.52 | SSIM: 0.849 | loss=0.383455
