LYT-Net 2024 (c) Brateanu, A., Balmez, R., Avram A., Orhei, C.C.
(15/03/2025 22:35:18) Training on dataset: LOLv1
(15/03/2025 22:35:18) Loading dataset LOLv1.
(15/03/2025 22:35:21) Successfully loaded dataset.
(15/03/2025 22:35:23) Starting training.
(15/03/2025 22:36:29) Epoch 1 | GT-PSNR: 22.33 | PSNR: 17.99 | SSIM: 0.759 | loss=0.746279
(15/03/2025 22:36:29) Saved model as net_psnr_22.33_ssim_0.759_epoch_1_dataset_LOLv1.h5.
(15/03/2025 22:37:08) Epoch 2 | GT-PSNR: 23.04 | PSNR: 18.23 | SSIM: 0.778 | loss=0.649045
(15/03/2025 22:37:08) Saved model as net_psnr_23.04_ssim_0.778_epoch_2_dataset_LOLv1.h5.
(15/03/2025 22:37:46) Epoch 3 | GT-PSNR: 23.66 | PSNR: 18.58 | SSIM: 0.787 | loss=0.601347
(15/03/2025 22:37:46) Saved model as net_psnr_23.66_ssim_0.787_epoch_3_dataset_LOLv1.h5.
(15/03/2025 22:38:24) Epoch 4 | GT-PSNR: 23.10 | PSNR: 17.80 | SSIM: 0.786 | loss=0.359311
(15/03/2025 22:39:02) Epoch 5 | GT-PSNR: 23.55 | PSNR: 18.51 | SSIM: 0.792 | loss=0.372915
(15/03/2025 22:39:40) Epoch 6 | GT-PSNR: 23.72 | PSNR: 18.18 | SSIM: 0.794 | loss=1.032672
(15/03/2025 22:39:40) Saved model as net_psnr_23.72_ssim_0.794_epoch_6_dataset_LOLv1.h5.
(15/03/2025 22:40:19) Epoch 7 | GT-PSNR: 24.25 | PSNR: 18.99 | SSIM: 0.798 | loss=1.117078
(15/03/2025 22:40:19) Saved model as net_psnr_24.25_ssim_0.798_epoch_7_dataset_LOLv1.h5.
(15/03/2025 22:40:57) Epoch 8 | GT-PSNR: 24.35 | PSNR: 18.91 | SSIM: 0.801 | loss=0.458839
(15/03/2025 22:40:57) Saved model as net_psnr_24.35_ssim_0.801_epoch_8_dataset_LOLv1.h5.
(15/03/2025 22:41:35) Epoch 9 | GT-PSNR: 23.73 | PSNR: 18.49 | SSIM: 0.802 | loss=0.371868
(15/03/2025 22:42:13) Epoch 10 | GT-PSNR: 24.82 | PSNR: 19.37 | SSIM: 0.803 | loss=0.820594
(15/03/2025 22:42:13) Saved model as net_psnr_24.82_ssim_0.803_epoch_10_dataset_LOLv1.h5.
(15/03/2025 22:42:51) Epoch 11 | GT-PSNR: 24.70 | PSNR: 19.11 | SSIM: 0.807 | loss=0.419388
(15/03/2025 22:43:30) Epoch 12 | GT-PSNR: 24.40 | PSNR: 19.08 | SSIM: 0.806 | loss=0.301924
(15/03/2025 22:44:08) Epoch 13 | GT-PSNR: 24.62 | PSNR: 19.14 | SSIM: 0.809 | loss=0.245716
(15/03/2025 22:44:46) Epoch 14 | GT-PSNR: 24.74 | PSNR: 19.06 | SSIM: 0.806 | loss=0.395609
(15/03/2025 22:45:24) Epoch 15 | GT-PSNR: 24.72 | PSNR: 18.80 | SSIM: 0.810 | loss=0.366205
(15/03/2025 22:46:02) Epoch 16 | GT-PSNR: 25.10 | PSNR: 19.57 | SSIM: 0.811 | loss=0.532765
(15/03/2025 22:46:03) Saved model as net_psnr_25.10_ssim_0.811_epoch_16_dataset_LOLv1.h5.
(15/03/2025 22:46:41) Epoch 17 | GT-PSNR: 24.57 | PSNR: 19.18 | SSIM: 0.812 | loss=0.255886
(15/03/2025 22:47:19) Epoch 18 | GT-PSNR: 24.72 | PSNR: 19.62 | SSIM: 0.814 | loss=0.339893
(15/03/2025 22:47:57) Epoch 19 | GT-PSNR: 24.28 | PSNR: 19.24 | SSIM: 0.813 | loss=0.596610
(15/03/2025 22:48:35) Epoch 20 | GT-PSNR: 24.91 | PSNR: 19.72 | SSIM: 0.817 | loss=0.526773
(15/03/2025 22:49:13) Epoch 21 | GT-PSNR: 23.92 | PSNR: 19.07 | SSIM: 0.811 | loss=0.344162
(15/03/2025 22:49:51) Epoch 22 | GT-PSNR: 25.19 | PSNR: 19.87 | SSIM: 0.817 | loss=0.376141
(15/03/2025 22:49:51) Saved model as net_psnr_25.19_ssim_0.817_epoch_22_dataset_LOLv1.h5.
(15/03/2025 22:50:29) Epoch 23 | GT-PSNR: 24.74 | PSNR: 19.68 | SSIM: 0.818 | loss=0.352661
(15/03/2025 22:51:08) Epoch 24 | GT-PSNR: 25.00 | PSNR: 19.70 | SSIM: 0.815 | loss=0.268269
(15/03/2025 22:51:46) Epoch 25 | GT-PSNR: 24.86 | PSNR: 19.74 | SSIM: 0.813 | loss=0.646881
(15/03/2025 22:52:24) Epoch 26 | GT-PSNR: 24.18 | PSNR: 19.56 | SSIM: 0.805 | loss=0.459169
(15/03/2025 22:53:02) Epoch 27 | GT-PSNR: 24.97 | PSNR: 18.70 | SSIM: 0.821 | loss=0.234078
(15/03/2025 22:53:39) Epoch 28 | GT-PSNR: 24.69 | PSNR: 19.57 | SSIM: 0.815 | loss=0.159818
(15/03/2025 22:54:17) Epoch 29 | GT-PSNR: 24.54 | PSNR: 19.61 | SSIM: 0.816 | loss=0.158724
(15/03/2025 22:54:55) Epoch 30 | GT-PSNR: 25.03 | PSNR: 18.70 | SSIM: 0.822 | loss=0.363678
(15/03/2025 22:55:33) Epoch 31 | GT-PSNR: 25.27 | PSNR: 20.21 | SSIM: 0.826 | loss=0.341513
(15/03/2025 22:55:33) Saved model as net_psnr_25.27_ssim_0.826_epoch_31_dataset_LOLv1.h5.
(15/03/2025 22:56:11) Epoch 32 | GT-PSNR: 25.01 | PSNR: 20.30 | SSIM: 0.829 | loss=0.257872
(15/03/2025 22:56:49) Epoch 33 | GT-PSNR: 25.03 | PSNR: 20.12 | SSIM: 0.820 | loss=0.206582
(15/03/2025 22:57:27) Epoch 34 | GT-PSNR: 23.92 | PSNR: 19.51 | SSIM: 0.819 | loss=0.621019
(15/03/2025 22:58:05) Epoch 35 | GT-PSNR: 24.59 | PSNR: 19.91 | SSIM: 0.820 | loss=0.210325
(15/03/2025 22:58:43) Epoch 36 | GT-PSNR: 25.37 | PSNR: 20.33 | SSIM: 0.830 | loss=0.578675
(15/03/2025 22:58:43) Saved model as net_psnr_25.37_ssim_0.830_epoch_36_dataset_LOLv1.h5.
(15/03/2025 22:59:21) Epoch 37 | GT-PSNR: 24.88 | PSNR: 19.38 | SSIM: 0.828 | loss=0.432333
(15/03/2025 22:59:59) Epoch 38 | GT-PSNR: 25.56 | PSNR: 20.48 | SSIM: 0.829 | loss=0.936640
(15/03/2025 22:59:59) Saved model as net_psnr_25.56_ssim_0.829_epoch_38_dataset_LOLv1.h5.
(15/03/2025 23:00:37) Epoch 39 | GT-PSNR: 24.24 | PSNR: 19.58 | SSIM: 0.822 | loss=0.903580
(15/03/2025 23:01:16) Epoch 40 | GT-PSNR: 25.15 | PSNR: 19.77 | SSIM: 0.830 | loss=0.281591
(15/03/2025 23:01:53) Epoch 41 | GT-PSNR: 25.15 | PSNR: 20.28 | SSIM: 0.832 | loss=0.408889
(15/03/2025 23:02:32) Epoch 42 | GT-PSNR: 24.94 | PSNR: 19.31 | SSIM: 0.829 | loss=0.392662
(15/03/2025 23:03:09) Epoch 43 | GT-PSNR: 25.02 | PSNR: 20.34 | SSIM: 0.831 | loss=0.311733
(15/03/2025 23:03:47) Epoch 44 | GT-PSNR: 25.17 | PSNR: 20.27 | SSIM: 0.834 | loss=0.285268
(15/03/2025 23:04:25) Epoch 45 | GT-PSNR: 25.11 | PSNR: 19.78 | SSIM: 0.834 | loss=0.820801
(15/03/2025 23:05:03) Epoch 46 | GT-PSNR: 24.19 | PSNR: 18.33 | SSIM: 0.821 | loss=0.475160
(15/03/2025 23:05:41) Epoch 47 | GT-PSNR: 24.72 | PSNR: 20.15 | SSIM: 0.831 | loss=0.880465
(15/03/2025 23:06:19) Epoch 48 | GT-PSNR: 25.49 | PSNR: 20.52 | SSIM: 0.837 | loss=0.550057
(15/03/2025 23:06:57) Epoch 49 | GT-PSNR: 25.07 | PSNR: 20.09 | SSIM: 0.832 | loss=0.300565
(15/03/2025 23:07:35) Epoch 50 | GT-PSNR: 24.79 | PSNR: 20.34 | SSIM: 0.829 | loss=0.335924
(15/03/2025 23:08:13) Epoch 51 | GT-PSNR: 25.01 | PSNR: 20.33 | SSIM: 0.833 | loss=0.451878
(15/03/2025 23:08:50) Epoch 52 | GT-PSNR: 25.24 | PSNR: 20.32 | SSIM: 0.830 | loss=0.313311
(15/03/2025 23:09:28) Epoch 53 | GT-PSNR: 25.06 | PSNR: 19.58 | SSIM: 0.837 | loss=0.231962
(15/03/2025 23:10:06) Epoch 54 | GT-PSNR: 25.33 | PSNR: 20.67 | SSIM: 0.837 | loss=0.402364
(15/03/2025 23:10:43) Epoch 55 | GT-PSNR: 25.07 | PSNR: 20.24 | SSIM: 0.837 | loss=0.174221
(15/03/2025 23:11:21) Epoch 56 | GT-PSNR: 24.76 | PSNR: 20.15 | SSIM: 0.822 | loss=0.324640
(15/03/2025 23:11:59) Epoch 57 | GT-PSNR: 25.70 | PSNR: 20.31 | SSIM: 0.837 | loss=0.380367
(15/03/2025 23:11:59) Saved model as net_psnr_25.70_ssim_0.837_epoch_57_dataset_LOLv1.h5.
(15/03/2025 23:12:36) Epoch 58 | GT-PSNR: 25.21 | PSNR: 20.39 | SSIM: 0.836 | loss=0.447765
(15/03/2025 23:13:14) Epoch 59 | GT-PSNR: 25.16 | PSNR: 20.14 | SSIM: 0.838 | loss=0.324207
(15/03/2025 23:13:52) Epoch 60 | GT-PSNR: 25.21 | PSNR: 20.25 | SSIM: 0.837 | loss=0.238751
(15/03/2025 23:14:30) Epoch 61 | GT-PSNR: 24.99 | PSNR: 20.30 | SSIM: 0.837 | loss=0.245071
(15/03/2025 23:15:08) Epoch 62 | GT-PSNR: 25.79 | PSNR: 20.76 | SSIM: 0.837 | loss=0.477323
(15/03/2025 23:15:08) Saved model as net_psnr_25.79_ssim_0.837_epoch_62_dataset_LOLv1.h5.
(15/03/2025 23:15:46) Epoch 63 | GT-PSNR: 25.47 | PSNR: 20.38 | SSIM: 0.841 | loss=0.465681
(15/03/2025 23:16:24) Epoch 64 | GT-PSNR: 24.20 | PSNR: 20.01 | SSIM: 0.830 | loss=0.312743
(15/03/2025 23:17:02) Epoch 65 | GT-PSNR: 25.09 | PSNR: 20.36 | SSIM: 0.839 | loss=0.353173
(15/03/2025 23:17:40) Epoch 66 | GT-PSNR: 25.37 | PSNR: 20.16 | SSIM: 0.839 | loss=0.349050
(15/03/2025 23:18:18) Epoch 67 | GT-PSNR: 24.76 | PSNR: 20.15 | SSIM: 0.827 | loss=0.357981
(15/03/2025 23:18:56) Epoch 68 | GT-PSNR: 25.15 | PSNR: 20.65 | SSIM: 0.838 | loss=0.343197
(15/03/2025 23:19:33) Epoch 69 | GT-PSNR: 25.60 | PSNR: 20.46 | SSIM: 0.838 | loss=0.231133
(15/03/2025 23:20:11) Epoch 70 | GT-PSNR: 25.47 | PSNR: 20.40 | SSIM: 0.841 | loss=0.295258
(15/03/2025 23:20:49) Epoch 71 | GT-PSNR: 25.34 | PSNR: 20.64 | SSIM: 0.839 | loss=0.404205
(15/03/2025 23:21:27) Epoch 72 | GT-PSNR: 25.36 | PSNR: 20.27 | SSIM: 0.836 | loss=0.447262
(15/03/2025 23:22:05) Epoch 73 | GT-PSNR: 24.88 | PSNR: 20.36 | SSIM: 0.838 | loss=0.335910
(15/03/2025 23:22:43) Epoch 74 | GT-PSNR: 25.56 | PSNR: 20.83 | SSIM: 0.838 | loss=0.642463
(15/03/2025 23:23:21) Epoch 75 | GT-PSNR: 25.45 | PSNR: 20.11 | SSIM: 0.841 | loss=0.188533
(15/03/2025 23:23:59) Epoch 76 | GT-PSNR: 24.54 | PSNR: 20.15 | SSIM: 0.835 | loss=0.271369
(15/03/2025 23:24:38) Epoch 77 | GT-PSNR: 25.18 | PSNR: 20.14 | SSIM: 0.840 | loss=0.287822
(15/03/2025 23:25:15) Epoch 78 | GT-PSNR: 23.62 | PSNR: 19.28 | SSIM: 0.820 | loss=0.463554
(15/03/2025 23:25:53) Epoch 79 | GT-PSNR: 25.28 | PSNR: 20.60 | SSIM: 0.840 | loss=0.394626
(15/03/2025 23:26:30) Epoch 80 | GT-PSNR: 25.74 | PSNR: 20.94 | SSIM: 0.840 | loss=0.325628
(15/03/2025 23:27:08) Epoch 81 | GT-PSNR: 24.95 | PSNR: 20.03 | SSIM: 0.831 | loss=0.351337
(15/03/2025 23:27:46) Epoch 82 | GT-PSNR: 25.61 | PSNR: 20.78 | SSIM: 0.842 | loss=0.667289
(15/03/2025 23:28:24) Epoch 83 | GT-PSNR: 25.10 | PSNR: 20.38 | SSIM: 0.841 | loss=0.379473
(15/03/2025 23:29:01) Epoch 84 | GT-PSNR: 25.28 | PSNR: 20.05 | SSIM: 0.839 | loss=0.186301
(15/03/2025 23:29:39) Epoch 85 | GT-PSNR: 24.67 | PSNR: 20.02 | SSIM: 0.821 | loss=0.335773
(15/03/2025 23:30:17) Epoch 86 | GT-PSNR: 25.57 | PSNR: 21.01 | SSIM: 0.841 | loss=0.335882
(15/03/2025 23:30:55) Epoch 87 | GT-PSNR: 25.21 | PSNR: 20.15 | SSIM: 0.842 | loss=0.153041
(15/03/2025 23:31:33) Epoch 88 | GT-PSNR: 25.00 | PSNR: 20.57 | SSIM: 0.841 | loss=0.454461
(15/03/2025 23:32:11) Epoch 89 | GT-PSNR: 25.36 | PSNR: 20.62 | SSIM: 0.843 | loss=0.398593
(15/03/2025 23:32:49) Epoch 90 | GT-PSNR: 24.91 | PSNR: 20.25 | SSIM: 0.820 | loss=0.453846
(15/03/2025 23:33:27) Epoch 91 | GT-PSNR: 25.38 | PSNR: 20.77 | SSIM: 0.839 | loss=0.607820
(15/03/2025 23:34:05) Epoch 92 | GT-PSNR: 25.25 | PSNR: 20.72 | SSIM: 0.842 | loss=0.312733
(15/03/2025 23:34:43) Epoch 93 | GT-PSNR: 25.52 | PSNR: 20.98 | SSIM: 0.840 | loss=0.430077
(15/03/2025 23:35:20) Epoch 94 | GT-PSNR: 25.51 | PSNR: 20.89 | SSIM: 0.842 | loss=0.400727
(15/03/2025 23:35:58) Epoch 95 | GT-PSNR: 25.36 | PSNR: 20.69 | SSIM: 0.840 | loss=0.235142
(15/03/2025 23:36:36) Epoch 96 | GT-PSNR: 25.70 | PSNR: 21.07 | SSIM: 0.844 | loss=0.802106
(15/03/2025 23:37:13) Epoch 97 | GT-PSNR: 25.74 | PSNR: 20.54 | SSIM: 0.843 | loss=0.235959
(15/03/2025 23:37:51) Epoch 98 | GT-PSNR: 25.62 | PSNR: 20.94 | SSIM: 0.845 | loss=0.396366
(15/03/2025 23:38:29) Epoch 99 | GT-PSNR: 25.33 | PSNR: 20.85 | SSIM: 0.841 | loss=0.946702
(15/03/2025 23:39:07) Epoch 100 | GT-PSNR: 25.23 | PSNR: 20.68 | SSIM: 0.841 | loss=0.186483
(15/03/2025 23:39:45) Epoch 101 | GT-PSNR: 25.75 | PSNR: 21.16 | SSIM: 0.847 | loss=0.271862
(15/03/2025 23:40:23) Epoch 102 | GT-PSNR: 25.76 | PSNR: 20.90 | SSIM: 0.845 | loss=0.200470
(15/03/2025 23:41:00) Epoch 103 | GT-PSNR: 25.64 | PSNR: 20.91 | SSIM: 0.843 | loss=0.223415
(15/03/2025 23:41:38) Epoch 104 | GT-PSNR: 25.18 | PSNR: 20.87 | SSIM: 0.840 | loss=0.339440
(15/03/2025 23:42:16) Epoch 105 | GT-PSNR: 25.48 | PSNR: 20.97 | SSIM: 0.844 | loss=0.306772
(15/03/2025 23:42:55) Epoch 106 | GT-PSNR: 25.01 | PSNR: 20.58 | SSIM: 0.842 | loss=0.189808
(15/03/2025 23:43:33) Epoch 107 | GT-PSNR: 25.83 | PSNR: 21.27 | SSIM: 0.847 | loss=0.308797
(15/03/2025 23:43:33) Saved model as net_psnr_25.83_ssim_0.847_epoch_107_dataset_LOLv1.h5.
(15/03/2025 23:44:11) Epoch 108 | GT-PSNR: 25.70 | PSNR: 21.18 | SSIM: 0.845 | loss=0.220129
(15/03/2025 23:44:49) Epoch 109 | GT-PSNR: 25.48 | PSNR: 20.96 | SSIM: 0.845 | loss=0.308781
(15/03/2025 23:45:27) Epoch 110 | GT-PSNR: 25.67 | PSNR: 20.55 | SSIM: 0.843 | loss=0.209193
(15/03/2025 23:46:05) Epoch 111 | GT-PSNR: 25.62 | PSNR: 20.37 | SSIM: 0.846 | loss=0.462296
(15/03/2025 23:46:43) Epoch 112 | GT-PSNR: 25.81 | PSNR: 20.89 | SSIM: 0.844 | loss=0.346165
(15/03/2025 23:47:22) Epoch 113 | GT-PSNR: 25.12 | PSNR: 20.49 | SSIM: 0.832 | loss=0.322055
(15/03/2025 23:48:00) Epoch 114 | GT-PSNR: 26.06 | PSNR: 21.15 | SSIM: 0.846 | loss=0.313961
(15/03/2025 23:48:00) Saved model as net_psnr_26.06_ssim_0.846_epoch_114_dataset_LOLv1.h5.
(15/03/2025 23:48:38) Epoch 115 | GT-PSNR: 24.61 | PSNR: 19.83 | SSIM: 0.821 | loss=0.230910
(15/03/2025 23:49:16) Epoch 116 | GT-PSNR: 25.92 | PSNR: 21.07 | SSIM: 0.846 | loss=0.576530
(15/03/2025 23:49:55) Epoch 117 | GT-PSNR: 25.37 | PSNR: 20.99 | SSIM: 0.842 | loss=0.303795
(15/03/2025 23:50:33) Epoch 118 | GT-PSNR: 25.16 | PSNR: 20.79 | SSIM: 0.844 | loss=1.114296
(15/03/2025 23:51:11) Epoch 119 | GT-PSNR: 24.98 | PSNR: 20.40 | SSIM: 0.842 | loss=0.182281
(15/03/2025 23:51:49) Epoch 120 | GT-PSNR: 25.21 | PSNR: 20.84 | SSIM: 0.843 | loss=0.457303
(15/03/2025 23:52:27) Epoch 121 | GT-PSNR: 25.43 | PSNR: 20.85 | SSIM: 0.846 | loss=0.298931
(15/03/2025 23:53:05) Epoch 122 | GT-PSNR: 25.04 | PSNR: 20.13 | SSIM: 0.837 | loss=0.497377
(15/03/2025 23:53:43) Epoch 123 | GT-PSNR: 25.77 | PSNR: 21.10 | SSIM: 0.846 | loss=0.137005
(15/03/2025 23:54:22) Epoch 124 | GT-PSNR: 25.34 | PSNR: 20.98 | SSIM: 0.843 | loss=0.393020
(15/03/2025 23:55:00) Epoch 125 | GT-PSNR: 25.61 | PSNR: 21.00 | SSIM: 0.846 | loss=0.407185
(15/03/2025 23:55:38) Epoch 126 | GT-PSNR: 25.76 | PSNR: 21.11 | SSIM: 0.841 | loss=0.416715
(15/03/2025 23:56:16) Epoch 127 | GT-PSNR: 25.40 | PSNR: 20.44 | SSIM: 0.843 | loss=0.409867
(15/03/2025 23:56:54) Epoch 128 | GT-PSNR: 25.45 | PSNR: 20.98 | SSIM: 0.846 | loss=0.672622
(15/03/2025 23:57:33) Epoch 129 | GT-PSNR: 25.85 | PSNR: 20.95 | SSIM: 0.847 | loss=0.412426
(15/03/2025 23:58:11) Epoch 130 | GT-PSNR: 25.50 | PSNR: 20.62 | SSIM: 0.846 | loss=0.152706
(15/03/2025 23:58:49) Epoch 131 | GT-PSNR: 25.54 | PSNR: 21.12 | SSIM: 0.839 | loss=0.391533
(15/03/2025 23:59:27) Epoch 132 | GT-PSNR: 25.57 | PSNR: 20.58 | SSIM: 0.840 | loss=0.398614
(16/03/2025 00:00:05) Epoch 133 | GT-PSNR: 25.39 | PSNR: 20.65 | SSIM: 0.845 | loss=0.323698
(16/03/2025 00:00:43) Epoch 134 | GT-PSNR: 25.53 | PSNR: 20.97 | SSIM: 0.847 | loss=0.127774
(16/03/2025 00:01:21) Epoch 135 | GT-PSNR: 25.76 | PSNR: 20.68 | SSIM: 0.845 | loss=0.488004
(16/03/2025 00:01:59) Epoch 136 | GT-PSNR: 25.49 | PSNR: 20.52 | SSIM: 0.845 | loss=0.337468
(16/03/2025 00:02:37) Epoch 137 | GT-PSNR: 26.03 | PSNR: 21.21 | SSIM: 0.845 | loss=0.441755
(16/03/2025 00:03:16) Epoch 138 | GT-PSNR: 25.44 | PSNR: 20.57 | SSIM: 0.844 | loss=0.629889
(16/03/2025 00:03:54) Epoch 139 | GT-PSNR: 25.63 | PSNR: 20.78 | SSIM: 0.841 | loss=0.265358
(16/03/2025 00:04:32) Epoch 140 | GT-PSNR: 25.55 | PSNR: 20.80 | SSIM: 0.846 | loss=0.621010
(16/03/2025 00:05:10) Epoch 141 | GT-PSNR: 25.79 | PSNR: 21.30 | SSIM: 0.845 | loss=0.257368
(16/03/2025 00:05:49) Epoch 142 | GT-PSNR: 25.23 | PSNR: 20.89 | SSIM: 0.846 | loss=0.254298
(16/03/2025 00:06:27) Epoch 143 | GT-PSNR: 25.69 | PSNR: 21.17 | SSIM: 0.848 | loss=0.491364
(16/03/2025 00:07:05) Epoch 144 | GT-PSNR: 25.61 | PSNR: 21.05 | SSIM: 0.847 | loss=0.465815
(16/03/2025 00:07:43) Epoch 145 | GT-PSNR: 24.99 | PSNR: 20.42 | SSIM: 0.838 | loss=0.330665
(16/03/2025 00:08:21) Epoch 146 | GT-PSNR: 25.75 | PSNR: 21.18 | SSIM: 0.847 | loss=0.245501
(16/03/2025 00:09:00) Epoch 147 | GT-PSNR: 25.59 | PSNR: 21.20 | SSIM: 0.846 | loss=0.532964
(16/03/2025 00:09:38) Epoch 148 | GT-PSNR: 25.68 | PSNR: 20.88 | SSIM: 0.839 | loss=0.331676
(16/03/2025 00:10:16) Epoch 149 | GT-PSNR: 25.07 | PSNR: 20.94 | SSIM: 0.842 | loss=0.137765
(16/03/2025 00:10:54) Epoch 150 | GT-PSNR: 25.68 | PSNR: 21.11 | SSIM: 0.847 | loss=0.316172
(16/03/2025 00:11:32) Epoch 151 | GT-PSNR: 25.80 | PSNR: 20.99 | SSIM: 0.844 | loss=0.226267
(16/03/2025 00:12:10) Epoch 152 | GT-PSNR: 25.92 | PSNR: 21.13 | SSIM: 0.847 | loss=0.192547
(16/03/2025 00:12:48) Epoch 153 | GT-PSNR: 25.52 | PSNR: 20.87 | SSIM: 0.845 | loss=0.312846
(16/03/2025 00:13:26) Epoch 154 | GT-PSNR: 25.71 | PSNR: 21.18 | SSIM: 0.847 | loss=0.250636
(16/03/2025 00:14:05) Epoch 155 | GT-PSNR: 25.64 | PSNR: 21.14 | SSIM: 0.847 | loss=0.301357
(16/03/2025 00:14:43) Epoch 156 | GT-PSNR: 26.18 | PSNR: 21.30 | SSIM: 0.849 | loss=0.298669
(16/03/2025 00:14:43) Saved model as net_psnr_26.18_ssim_0.849_epoch_156_dataset_LOLv1.h5.
(16/03/2025 00:15:21) Epoch 157 | GT-PSNR: 25.77 | PSNR: 21.32 | SSIM: 0.848 | loss=0.187243
(16/03/2025 00:15:59) Epoch 158 | GT-PSNR: 25.55 | PSNR: 21.09 | SSIM: 0.844 | loss=0.293026
(16/03/2025 00:16:37) Epoch 159 | GT-PSNR: 25.51 | PSNR: 20.59 | SSIM: 0.843 | loss=0.501692
(16/03/2025 00:17:16) Epoch 160 | GT-PSNR: 25.91 | PSNR: 21.13 | SSIM: 0.849 | loss=0.296621
(16/03/2025 00:17:54) Epoch 161 | GT-PSNR: 25.30 | PSNR: 21.33 | SSIM: 0.845 | loss=0.450421
(16/03/2025 00:18:32) Epoch 162 | GT-PSNR: 25.32 | PSNR: 20.91 | SSIM: 0.848 | loss=0.272326
(16/03/2025 00:19:10) Epoch 163 | GT-PSNR: 25.63 | PSNR: 21.12 | SSIM: 0.845 | loss=0.305118
(16/03/2025 00:19:48) Epoch 164 | GT-PSNR: 25.26 | PSNR: 20.66 | SSIM: 0.846 | loss=0.464472
(16/03/2025 00:20:27) Epoch 165 | GT-PSNR: 25.27 | PSNR: 20.76 | SSIM: 0.835 | loss=0.491527
(16/03/2025 00:21:05) Epoch 166 | GT-PSNR: 25.67 | PSNR: 21.17 | SSIM: 0.849 | loss=0.273535
(16/03/2025 00:21:43) Epoch 167 | GT-PSNR: 25.66 | PSNR: 20.97 | SSIM: 0.844 | loss=0.475332
(16/03/2025 00:22:21) Epoch 168 | GT-PSNR: 25.46 | PSNR: 20.84 | SSIM: 0.845 | loss=0.271393
(16/03/2025 00:23:00) Epoch 169 | GT-PSNR: 25.48 | PSNR: 20.65 | SSIM: 0.845 | loss=0.404700
(16/03/2025 00:23:38) Epoch 170 | GT-PSNR: 25.53 | PSNR: 20.80 | SSIM: 0.843 | loss=0.516308
(16/03/2025 00:24:16) Epoch 171 | GT-PSNR: 25.60 | PSNR: 21.24 | SSIM: 0.845 | loss=0.334882
(16/03/2025 00:24:54) Epoch 172 | GT-PSNR: 25.58 | PSNR: 21.30 | SSIM: 0.847 | loss=0.188301
(16/03/2025 00:25:32) Epoch 173 | GT-PSNR: 25.41 | PSNR: 20.15 | SSIM: 0.840 | loss=0.366459
(16/03/2025 00:26:10) Epoch 174 | GT-PSNR: 25.69 | PSNR: 21.35 | SSIM: 0.846 | loss=0.257505
(16/03/2025 00:26:48) Epoch 175 | GT-PSNR: 25.38 | PSNR: 20.85 | SSIM: 0.844 | loss=0.510018
(16/03/2025 00:27:27) Epoch 176 | GT-PSNR: 25.85 | PSNR: 21.19 | SSIM: 0.848 | loss=0.423897
(16/03/2025 00:28:05) Epoch 177 | GT-PSNR: 25.60 | PSNR: 20.95 | SSIM: 0.846 | loss=0.409876
(16/03/2025 00:28:43) Epoch 178 | GT-PSNR: 25.48 | PSNR: 21.36 | SSIM: 0.842 | loss=0.474680
(16/03/2025 00:29:21) Epoch 179 | GT-PSNR: 25.72 | PSNR: 21.62 | SSIM: 0.846 | loss=0.302284
(16/03/2025 00:29:59) Epoch 180 | GT-PSNR: 25.73 | PSNR: 21.14 | SSIM: 0.848 | loss=0.414790
(16/03/2025 00:30:38) Epoch 181 | GT-PSNR: 24.89 | PSNR: 20.46 | SSIM: 0.832 | loss=0.127936
(16/03/2025 00:31:16) Epoch 182 | GT-PSNR: 25.47 | PSNR: 21.19 | SSIM: 0.847 | loss=0.306152
(16/03/2025 00:31:54) Epoch 183 | GT-PSNR: 25.77 | PSNR: 21.36 | SSIM: 0.847 | loss=0.470637
(16/03/2025 00:32:32) Epoch 184 | GT-PSNR: 25.43 | PSNR: 21.00 | SSIM: 0.843 | loss=0.286306
(16/03/2025 00:33:10) Epoch 185 | GT-PSNR: 25.92 | PSNR: 21.18 | SSIM: 0.850 | loss=0.352607
(16/03/2025 00:33:49) Epoch 186 | GT-PSNR: 24.88 | PSNR: 19.98 | SSIM: 0.844 | loss=0.440530
(16/03/2025 00:34:27) Epoch 187 | GT-PSNR: 25.93 | PSNR: 21.35 | SSIM: 0.846 | loss=0.131447
(16/03/2025 00:35:05) Epoch 188 | GT-PSNR: 25.60 | PSNR: 21.15 | SSIM: 0.847 | loss=0.234484
(16/03/2025 00:35:43) Epoch 189 | GT-PSNR: 25.29 | PSNR: 21.03 | SSIM: 0.847 | loss=0.394205
(16/03/2025 00:36:21) Epoch 190 | GT-PSNR: 25.30 | PSNR: 21.02 | SSIM: 0.839 | loss=0.261212
(16/03/2025 00:36:59) Epoch 191 | GT-PSNR: 25.46 | PSNR: 21.17 | SSIM: 0.842 | loss=0.344716
(16/03/2025 00:37:37) Epoch 192 | GT-PSNR: 25.76 | PSNR: 21.33 | SSIM: 0.848 | loss=0.233765
(16/03/2025 00:38:15) Epoch 193 | GT-PSNR: 25.36 | PSNR: 20.87 | SSIM: 0.845 | loss=0.244701
(16/03/2025 00:38:53) Epoch 194 | GT-PSNR: 25.51 | PSNR: 21.23 | SSIM: 0.848 | loss=0.301828
(16/03/2025 00:39:31) Epoch 195 | GT-PSNR: 25.59 | PSNR: 21.02 | SSIM: 0.847 | loss=0.482254
(16/03/2025 00:40:09) Epoch 196 | GT-PSNR: 25.62 | PSNR: 21.24 | SSIM: 0.848 | loss=0.202260
(16/03/2025 00:40:59) Epoch 197 | GT-PSNR: 25.55 | PSNR: 21.25 | SSIM: 0.846 | loss=0.525429
(16/03/2025 00:41:37) Epoch 198 | GT-PSNR: 25.57 | PSNR: 20.79 | SSIM: 0.841 | loss=0.158872
(16/03/2025 00:42:16) Epoch 199 | GT-PSNR: 24.57 | PSNR: 20.22 | SSIM: 0.833 | loss=0.480747
(16/03/2025 00:42:54) Epoch 200 | GT-PSNR: 25.41 | PSNR: 21.33 | SSIM: 0.848 | loss=0.381607
(16/03/2025 00:43:32) Epoch 201 | GT-PSNR: 25.77 | PSNR: 21.46 | SSIM: 0.850 | loss=0.245143
(16/03/2025 00:44:10) Epoch 202 | GT-PSNR: 25.93 | PSNR: 21.71 | SSIM: 0.847 | loss=0.355393
(16/03/2025 00:44:48) Epoch 203 | GT-PSNR: 25.65 | PSNR: 21.64 | SSIM: 0.848 | loss=0.340268
(16/03/2025 00:45:26) Epoch 204 | GT-PSNR: 25.89 | PSNR: 21.78 | SSIM: 0.849 | loss=0.449109
(16/03/2025 00:46:05) Epoch 205 | GT-PSNR: 25.42 | PSNR: 20.83 | SSIM: 0.847 | loss=0.605389
(16/03/2025 00:46:43) Epoch 206 | GT-PSNR: 25.69 | PSNR: 21.20 | SSIM: 0.847 | loss=0.175036
(16/03/2025 00:47:21) Epoch 207 | GT-PSNR: 25.42 | PSNR: 20.93 | SSIM: 0.846 | loss=0.163899
(16/03/2025 00:47:59) Epoch 208 | GT-PSNR: 25.97 | PSNR: 21.71 | SSIM: 0.848 | loss=0.477747
(16/03/2025 00:48:37) Epoch 209 | GT-PSNR: 25.46 | PSNR: 21.11 | SSIM: 0.846 | loss=0.346089
(16/03/2025 00:49:15) Epoch 210 | GT-PSNR: 25.70 | PSNR: 21.19 | SSIM: 0.847 | loss=0.424695
(16/03/2025 00:49:54) Epoch 211 | GT-PSNR: 25.15 | PSNR: 21.16 | SSIM: 0.847 | loss=0.322736
(16/03/2025 00:50:32) Epoch 212 | GT-PSNR: 25.59 | PSNR: 21.35 | SSIM: 0.845 | loss=0.394094
(16/03/2025 00:51:10) Epoch 213 | GT-PSNR: 25.91 | PSNR: 21.44 | SSIM: 0.846 | loss=0.528626
(16/03/2025 00:51:48) Epoch 214 | GT-PSNR: 25.75 | PSNR: 20.92 | SSIM: 0.846 | loss=0.240095
(16/03/2025 00:52:26) Epoch 215 | GT-PSNR: 25.39 | PSNR: 21.32 | SSIM: 0.845 | loss=0.321682
(16/03/2025 00:53:05) Epoch 216 | GT-PSNR: 25.21 | PSNR: 21.37 | SSIM: 0.845 | loss=0.287563
(16/03/2025 00:53:43) Epoch 217 | GT-PSNR: 25.32 | PSNR: 21.41 | SSIM: 0.847 | loss=0.255367
(16/03/2025 00:54:21) Epoch 218 | GT-PSNR: 25.68 | PSNR: 21.55 | SSIM: 0.847 | loss=0.210270
(16/03/2025 00:54:59) Epoch 219 | GT-PSNR: 25.18 | PSNR: 20.84 | SSIM: 0.846 | loss=0.281181
(16/03/2025 00:55:37) Epoch 220 | GT-PSNR: 25.52 | PSNR: 21.45 | SSIM: 0.843 | loss=0.285578
(16/03/2025 00:56:15) Epoch 221 | GT-PSNR: 25.85 | PSNR: 21.23 | SSIM: 0.849 | loss=0.446495
(16/03/2025 00:56:53) Epoch 222 | GT-PSNR: 25.61 | PSNR: 20.70 | SSIM: 0.844 | loss=0.435006
(16/03/2025 00:57:32) Epoch 223 | GT-PSNR: 25.64 | PSNR: 20.99 | SSIM: 0.847 | loss=0.096606
(16/03/2025 00:58:10) Epoch 224 | GT-PSNR: 25.87 | PSNR: 21.81 | SSIM: 0.845 | loss=0.277297
(16/03/2025 00:58:48) Epoch 225 | GT-PSNR: 25.95 | PSNR: 21.80 | SSIM: 0.844 | loss=0.364322
(16/03/2025 00:59:26) Epoch 226 | GT-PSNR: 25.79 | PSNR: 21.33 | SSIM: 0.847 | loss=0.459086
(16/03/2025 01:00:04) Epoch 227 | GT-PSNR: 25.92 | PSNR: 21.75 | SSIM: 0.848 | loss=0.316845
(16/03/2025 01:00:43) Epoch 228 | GT-PSNR: 25.25 | PSNR: 20.42 | SSIM: 0.845 | loss=0.381192
(16/03/2025 01:01:21) Epoch 229 | GT-PSNR: 25.88 | PSNR: 21.70 | SSIM: 0.845 | loss=0.412772
(16/03/2025 01:01:59) Epoch 230 | GT-PSNR: 25.74 | PSNR: 21.00 | SSIM: 0.847 | loss=0.336920
(16/03/2025 01:02:37) Epoch 231 | GT-PSNR: 25.63 | PSNR: 21.34 | SSIM: 0.842 | loss=0.397388
(16/03/2025 01:03:15) Epoch 232 | GT-PSNR: 25.56 | PSNR: 21.25 | SSIM: 0.846 | loss=0.260147
(16/03/2025 01:03:53) Epoch 233 | GT-PSNR: 25.88 | PSNR: 21.60 | SSIM: 0.847 | loss=0.247576
(16/03/2025 01:04:31) Epoch 234 | GT-PSNR: 25.70 | PSNR: 21.52 | SSIM: 0.846 | loss=0.430235
(16/03/2025 01:05:09) Epoch 235 | GT-PSNR: 25.52 | PSNR: 21.19 | SSIM: 0.846 | loss=0.424590
(16/03/2025 01:05:47) Epoch 236 | GT-PSNR: 25.30 | PSNR: 20.88 | SSIM: 0.839 | loss=0.347856
(16/03/2025 01:06:25) Epoch 237 | GT-PSNR: 25.45 | PSNR: 21.36 | SSIM: 0.847 | loss=0.349436
(16/03/2025 01:07:03) Epoch 238 | GT-PSNR: 25.50 | PSNR: 21.50 | SSIM: 0.847 | loss=0.198658
(16/03/2025 01:07:41) Epoch 239 | GT-PSNR: 25.68 | PSNR: 21.29 | SSIM: 0.849 | loss=0.182474
(16/03/2025 01:08:19) Epoch 240 | GT-PSNR: 25.46 | PSNR: 21.45 | SSIM: 0.847 | loss=0.259615
(16/03/2025 01:08:57) Epoch 241 | GT-PSNR: 25.00 | PSNR: 21.03 | SSIM: 0.844 | loss=0.391462
(16/03/2025 01:09:36) Epoch 242 | GT-PSNR: 25.92 | PSNR: 21.72 | SSIM: 0.849 | loss=0.402592
(16/03/2025 01:10:14) Epoch 243 | GT-PSNR: 25.61 | PSNR: 21.17 | SSIM: 0.848 | loss=0.251968
(16/03/2025 01:10:52) Epoch 244 | GT-PSNR: 25.51 | PSNR: 21.09 | SSIM: 0.845 | loss=0.216329
(16/03/2025 01:11:31) Epoch 245 | GT-PSNR: 25.25 | PSNR: 20.99 | SSIM: 0.846 | loss=0.123086
(16/03/2025 01:12:09) Epoch 246 | GT-PSNR: 25.64 | PSNR: 21.22 | SSIM: 0.848 | loss=0.282705
(16/03/2025 01:12:47) Epoch 247 | GT-PSNR: 25.64 | PSNR: 21.65 | SSIM: 0.849 | loss=0.152105
(16/03/2025 01:13:25) Epoch 248 | GT-PSNR: 25.55 | PSNR: 21.25 | SSIM: 0.850 | loss=0.322756
(16/03/2025 01:14:04) Epoch 249 | GT-PSNR: 25.80 | PSNR: 21.15 | SSIM: 0.849 | loss=0.306628
(16/03/2025 01:14:42) Epoch 250 | GT-PSNR: 25.63 | PSNR: 21.31 | SSIM: 0.843 | loss=0.399550
(16/03/2025 01:15:20) Epoch 251 | GT-PSNR: 25.91 | PSNR: 21.52 | SSIM: 0.848 | loss=0.683332
(16/03/2025 01:15:58) Epoch 252 | GT-PSNR: 25.97 | PSNR: 21.72 | SSIM: 0.851 | loss=0.530979
(16/03/2025 01:16:36) Epoch 253 | GT-PSNR: 25.64 | PSNR: 21.50 | SSIM: 0.848 | loss=0.367607
(16/03/2025 01:17:14) Epoch 254 | GT-PSNR: 25.52 | PSNR: 21.67 | SSIM: 0.848 | loss=0.223186
(16/03/2025 01:17:52) Epoch 255 | GT-PSNR: 25.54 | PSNR: 21.62 | SSIM: 0.844 | loss=0.316287
(16/03/2025 01:18:30) Epoch 256 | GT-PSNR: 25.89 | PSNR: 21.64 | SSIM: 0.848 | loss=0.383910
(16/03/2025 01:19:08) Epoch 257 | GT-PSNR: 25.52 | PSNR: 21.55 | SSIM: 0.848 | loss=0.241040
(16/03/2025 01:19:46) Epoch 258 | GT-PSNR: 25.60 | PSNR: 21.02 | SSIM: 0.844 | loss=0.499876
(16/03/2025 01:20:24) Epoch 259 | GT-PSNR: 25.50 | PSNR: 21.36 | SSIM: 0.846 | loss=0.280642
(16/03/2025 01:21:02) Epoch 260 | GT-PSNR: 25.46 | PSNR: 21.07 | SSIM: 0.847 | loss=0.304990
(16/03/2025 01:21:41) Epoch 261 | GT-PSNR: 25.90 | PSNR: 21.27 | SSIM: 0.848 | loss=0.327598
(16/03/2025 01:22:19) Epoch 262 | GT-PSNR: 25.43 | PSNR: 21.34 | SSIM: 0.847 | loss=1.086375
(16/03/2025 01:22:57) Epoch 263 | GT-PSNR: 25.66 | PSNR: 21.67 | SSIM: 0.849 | loss=0.185388
(16/03/2025 01:23:35) Epoch 264 | GT-PSNR: 25.70 | PSNR: 21.47 | SSIM: 0.846 | loss=0.453084
(16/03/2025 01:24:14) Epoch 265 | GT-PSNR: 25.75 | PSNR: 21.45 | SSIM: 0.845 | loss=0.445241
(16/03/2025 01:24:52) Epoch 266 | GT-PSNR: 25.72 | PSNR: 20.89 | SSIM: 0.848 | loss=0.321865
(16/03/2025 01:25:30) Epoch 267 | GT-PSNR: 25.86 | PSNR: 21.15 | SSIM: 0.846 | loss=0.342199
(16/03/2025 01:26:08) Epoch 268 | GT-PSNR: 25.21 | PSNR: 20.98 | SSIM: 0.836 | loss=0.283838
(16/03/2025 01:26:47) Epoch 269 | GT-PSNR: 25.16 | PSNR: 21.23 | SSIM: 0.845 | loss=0.370497
(16/03/2025 01:27:25) Epoch 270 | GT-PSNR: 25.49 | PSNR: 21.36 | SSIM: 0.849 | loss=0.360903
(16/03/2025 01:28:03) Epoch 271 | GT-PSNR: 25.65 | PSNR: 21.50 | SSIM: 0.850 | loss=0.310041
(16/03/2025 01:28:42) Epoch 272 | GT-PSNR: 25.46 | PSNR: 21.62 | SSIM: 0.846 | loss=0.558174
(16/03/2025 01:29:20) Epoch 273 | GT-PSNR: 25.72 | PSNR: 21.14 | SSIM: 0.842 | loss=0.431659
(16/03/2025 01:29:58) Epoch 274 | GT-PSNR: 25.47 | PSNR: 21.40 | SSIM: 0.843 | loss=0.237772
(16/03/2025 01:30:36) Epoch 275 | GT-PSNR: 25.86 | PSNR: 21.51 | SSIM: 0.847 | loss=0.428505
(16/03/2025 01:31:14) Epoch 276 | GT-PSNR: 25.75 | PSNR: 21.67 | SSIM: 0.847 | loss=0.288085
(16/03/2025 01:31:52) Epoch 277 | GT-PSNR: 25.83 | PSNR: 21.87 | SSIM: 0.850 | loss=0.428046
(16/03/2025 01:32:30) Epoch 278 | GT-PSNR: 25.62 | PSNR: 21.67 | SSIM: 0.846 | loss=0.194197
(16/03/2025 01:33:08) Epoch 279 | GT-PSNR: 25.49 | PSNR: 21.00 | SSIM: 0.836 | loss=0.404027
(16/03/2025 01:33:47) Epoch 280 | GT-PSNR: 25.42 | PSNR: 21.43 | SSIM: 0.847 | loss=0.180458
(16/03/2025 01:34:25) Epoch 281 | GT-PSNR: 25.83 | PSNR: 21.45 | SSIM: 0.850 | loss=0.284439
(16/03/2025 01:35:03) Epoch 282 | GT-PSNR: 25.68 | PSNR: 21.61 | SSIM: 0.849 | loss=0.328018
(16/03/2025 01:35:41) Epoch 283 | GT-PSNR: 25.88 | PSNR: 21.81 | SSIM: 0.851 | loss=0.304012
(16/03/2025 01:36:19) Epoch 284 | GT-PSNR: 25.56 | PSNR: 21.32 | SSIM: 0.846 | loss=0.242854
(16/03/2025 01:36:57) Epoch 285 | GT-PSNR: 25.99 | PSNR: 21.75 | SSIM: 0.850 | loss=0.268982
(16/03/2025 01:37:35) Epoch 286 | GT-PSNR: 25.58 | PSNR: 21.48 | SSIM: 0.841 | loss=0.576532
(16/03/2025 01:38:13) Epoch 287 | GT-PSNR: 25.65 | PSNR: 21.87 | SSIM: 0.848 | loss=0.713947
(16/03/2025 01:38:51) Epoch 288 | GT-PSNR: 25.77 | PSNR: 21.57 | SSIM: 0.847 | loss=0.381372
(16/03/2025 01:39:29) Epoch 289 | GT-PSNR: 25.74 | PSNR: 21.85 | SSIM: 0.848 | loss=0.542571
(16/03/2025 01:40:08) Epoch 290 | GT-PSNR: 25.73 | PSNR: 21.70 | SSIM: 0.850 | loss=0.451956
(16/03/2025 01:40:46) Epoch 291 | GT-PSNR: 25.73 | PSNR: 21.59 | SSIM: 0.847 | loss=0.498123
(16/03/2025 01:41:24) Epoch 292 | GT-PSNR: 25.98 | PSNR: 21.65 | SSIM: 0.846 | loss=0.300636
(16/03/2025 01:42:02) Epoch 293 | GT-PSNR: 25.73 | PSNR: 21.46 | SSIM: 0.846 | loss=0.329282
(16/03/2025 01:42:40) Epoch 294 | GT-PSNR: 25.52 | PSNR: 21.54 | SSIM: 0.849 | loss=0.268615
(16/03/2025 01:43:18) Epoch 295 | GT-PSNR: 25.60 | PSNR: 21.50 | SSIM: 0.848 | loss=0.457399
(16/03/2025 01:43:56) Epoch 296 | GT-PSNR: 25.99 | PSNR: 21.89 | SSIM: 0.848 | loss=0.586544
(16/03/2025 01:44:34) Epoch 297 | GT-PSNR: 25.64 | PSNR: 21.44 | SSIM: 0.849 | loss=0.224053
(16/03/2025 01:45:13) Epoch 298 | GT-PSNR: 25.63 | PSNR: 21.60 | SSIM: 0.848 | loss=0.171021
(16/03/2025 01:45:50) Epoch 299 | GT-PSNR: 25.63 | PSNR: 21.42 | SSIM: 0.848 | loss=0.229085
(16/03/2025 01:46:29) Epoch 300 | GT-PSNR: 25.75 | PSNR: 21.68 | SSIM: 0.849 | loss=0.283197
(16/03/2025 01:47:06) Epoch 301 | GT-PSNR: 25.63 | PSNR: 21.43 | SSIM: 0.848 | loss=0.265014
(16/03/2025 01:47:45) Epoch 302 | GT-PSNR: 25.64 | PSNR: 21.63 | SSIM: 0.847 | loss=0.356250
(16/03/2025 01:48:23) Epoch 303 | GT-PSNR: 25.72 | PSNR: 21.29 | SSIM: 0.848 | loss=0.774531
(16/03/2025 01:49:01) Epoch 304 | GT-PSNR: 25.52 | PSNR: 21.28 | SSIM: 0.847 | loss=0.238814
(16/03/2025 01:49:39) Epoch 305 | GT-PSNR: 25.90 | PSNR: 21.08 | SSIM: 0.849 | loss=0.375456
(16/03/2025 01:50:17) Epoch 306 | GT-PSNR: 26.03 | PSNR: 21.97 | SSIM: 0.849 | loss=0.370492
(16/03/2025 01:50:55) Epoch 307 | GT-PSNR: 25.74 | PSNR: 21.48 | SSIM: 0.849 | loss=0.252933
(16/03/2025 01:51:34) Epoch 308 | GT-PSNR: 25.73 | PSNR: 21.25 | SSIM: 0.847 | loss=0.261018
(16/03/2025 01:52:12) Epoch 309 | GT-PSNR: 25.50 | PSNR: 21.62 | SSIM: 0.847 | loss=0.275510
(16/03/2025 01:52:50) Epoch 310 | GT-PSNR: 25.45 | PSNR: 21.35 | SSIM: 0.842 | loss=0.228636
(16/03/2025 01:53:28) Epoch 311 | GT-PSNR: 25.54 | PSNR: 21.48 | SSIM: 0.839 | loss=0.367918
(16/03/2025 01:54:06) Epoch 312 | GT-PSNR: 25.78 | PSNR: 21.58 | SSIM: 0.847 | loss=0.233256
(16/03/2025 01:54:45) Epoch 313 | GT-PSNR: 25.69 | PSNR: 21.44 | SSIM: 0.845 | loss=0.209553
(16/03/2025 01:55:23) Epoch 314 | GT-PSNR: 25.50 | PSNR: 21.63 | SSIM: 0.849 | loss=0.212624
(16/03/2025 01:56:01) Epoch 315 | GT-PSNR: 25.98 | PSNR: 21.86 | SSIM: 0.849 | loss=0.380162
(16/03/2025 01:56:39) Epoch 316 | GT-PSNR: 25.50 | PSNR: 21.60 | SSIM: 0.848 | loss=0.284323
(16/03/2025 01:57:17) Epoch 317 | GT-PSNR: 25.86 | PSNR: 21.83 | SSIM: 0.848 | loss=0.249307
(16/03/2025 01:57:55) Epoch 318 | GT-PSNR: 25.56 | PSNR: 21.35 | SSIM: 0.849 | loss=0.286406
(16/03/2025 01:58:34) Epoch 319 | GT-PSNR: 25.43 | PSNR: 21.49 | SSIM: 0.847 | loss=0.315637
(16/03/2025 01:59:12) Epoch 320 | GT-PSNR: 25.85 | PSNR: 21.82 | SSIM: 0.848 | loss=0.518957
(16/03/2025 01:59:50) Epoch 321 | GT-PSNR: 25.77 | PSNR: 21.88 | SSIM: 0.850 | loss=0.234171
(16/03/2025 02:00:28) Epoch 322 | GT-PSNR: 25.59 | PSNR: 21.66 | SSIM: 0.844 | loss=0.235620
(16/03/2025 02:01:07) Epoch 323 | GT-PSNR: 25.75 | PSNR: 21.52 | SSIM: 0.850 | loss=0.274403
(16/03/2025 02:01:45) Epoch 324 | GT-PSNR: 25.84 | PSNR: 21.81 | SSIM: 0.846 | loss=0.483295
(16/03/2025 02:02:23) Epoch 325 | GT-PSNR: 25.55 | PSNR: 21.76 | SSIM: 0.848 | loss=0.827361
(16/03/2025 02:03:01) Epoch 326 | GT-PSNR: 25.60 | PSNR: 21.87 | SSIM: 0.847 | loss=0.344147
(16/03/2025 02:03:39) Epoch 327 | GT-PSNR: 25.72 | PSNR: 21.70 | SSIM: 0.843 | loss=0.342604
(16/03/2025 02:04:17) Epoch 328 | GT-PSNR: 25.54 | PSNR: 21.64 | SSIM: 0.848 | loss=0.181879
(16/03/2025 02:04:56) Epoch 329 | GT-PSNR: 26.08 | PSNR: 21.96 | SSIM: 0.847 | loss=0.320513
(16/03/2025 02:05:34) Epoch 330 | GT-PSNR: 25.47 | PSNR: 21.67 | SSIM: 0.846 | loss=0.366153
(16/03/2025 02:06:12) Epoch 331 | GT-PSNR: 26.13 | PSNR: 21.59 | SSIM: 0.849 | loss=0.298440
(16/03/2025 02:06:50) Epoch 332 | GT-PSNR: 25.76 | PSNR: 21.36 | SSIM: 0.849 | loss=0.240601
(16/03/2025 02:07:28) Epoch 333 | GT-PSNR: 25.00 | PSNR: 21.31 | SSIM: 0.843 | loss=0.226174
(16/03/2025 02:08:07) Epoch 334 | GT-PSNR: 25.79 | PSNR: 21.70 | SSIM: 0.846 | loss=0.206498
(16/03/2025 02:08:45) Epoch 335 | GT-PSNR: 25.56 | PSNR: 21.72 | SSIM: 0.849 | loss=0.181801
(16/03/2025 02:09:24) Epoch 336 | GT-PSNR: 25.59 | PSNR: 21.24 | SSIM: 0.846 | loss=0.738263
(16/03/2025 02:10:01) Epoch 337 | GT-PSNR: 25.90 | PSNR: 22.06 | SSIM: 0.850 | loss=0.257169
(16/03/2025 02:10:40) Epoch 338 | GT-PSNR: 25.91 | PSNR: 21.87 | SSIM: 0.849 | loss=0.366348
(16/03/2025 02:11:18) Epoch 339 | GT-PSNR: 26.02 | PSNR: 21.90 | SSIM: 0.850 | loss=0.331850
(16/03/2025 02:11:56) Epoch 340 | GT-PSNR: 25.63 | PSNR: 21.73 | SSIM: 0.847 | loss=0.521823
(16/03/2025 02:12:34) Epoch 341 | GT-PSNR: 25.61 | PSNR: 21.70 | SSIM: 0.848 | loss=0.304360
(16/03/2025 02:13:12) Epoch 342 | GT-PSNR: 25.82 | PSNR: 21.85 | SSIM: 0.849 | loss=0.501013
(16/03/2025 02:13:50) Epoch 343 | GT-PSNR: 26.24 | PSNR: 21.79 | SSIM: 0.848 | loss=0.166124
(16/03/2025 02:13:50) Saved model as net_psnr_26.24_ssim_0.848_epoch_343_dataset_LOLv1.h5.
(16/03/2025 02:14:29) Epoch 344 | GT-PSNR: 25.49 | PSNR: 21.86 | SSIM: 0.847 | loss=0.386759
(16/03/2025 02:15:07) Epoch 345 | GT-PSNR: 25.65 | PSNR: 21.93 | SSIM: 0.849 | loss=0.918359
(16/03/2025 02:15:45) Epoch 346 | GT-PSNR: 25.75 | PSNR: 21.87 | SSIM: 0.849 | loss=0.354712
(16/03/2025 02:16:23) Epoch 347 | GT-PSNR: 25.92 | PSNR: 21.93 | SSIM: 0.846 | loss=0.212524
(16/03/2025 02:17:01) Epoch 348 | GT-PSNR: 25.80 | PSNR: 21.97 | SSIM: 0.850 | loss=0.277068
(16/03/2025 02:17:40) Epoch 349 | GT-PSNR: 25.80 | PSNR: 21.37 | SSIM: 0.849 | loss=0.494307
(16/03/2025 02:18:17) Epoch 350 | GT-PSNR: 25.72 | PSNR: 21.41 | SSIM: 0.850 | loss=0.360435
(16/03/2025 02:18:56) Epoch 351 | GT-PSNR: 25.77 | PSNR: 21.14 | SSIM: 0.850 | loss=0.874022
(16/03/2025 02:19:34) Epoch 352 | GT-PSNR: 25.65 | PSNR: 21.67 | SSIM: 0.844 | loss=0.610094
(16/03/2025 02:20:12) Epoch 353 | GT-PSNR: 25.85 | PSNR: 21.85 | SSIM: 0.852 | loss=0.314568
(16/03/2025 02:20:51) Epoch 354 | GT-PSNR: 25.46 | PSNR: 21.16 | SSIM: 0.841 | loss=0.428604
(16/03/2025 02:21:29) Epoch 355 | GT-PSNR: 25.60 | PSNR: 21.68 | SSIM: 0.848 | loss=0.278696
(16/03/2025 02:22:07) Epoch 356 | GT-PSNR: 25.83 | PSNR: 21.80 | SSIM: 0.848 | loss=0.302982
(16/03/2025 02:22:45) Epoch 357 | GT-PSNR: 25.81 | PSNR: 21.94 | SSIM: 0.846 | loss=0.296477
(16/03/2025 02:23:23) Epoch 358 | GT-PSNR: 25.61 | PSNR: 21.35 | SSIM: 0.848 | loss=0.227480
(16/03/2025 02:24:01) Epoch 359 | GT-PSNR: 25.79 | PSNR: 21.85 | SSIM: 0.848 | loss=0.374106
(16/03/2025 02:24:39) Epoch 360 | GT-PSNR: 25.46 | PSNR: 21.94 | SSIM: 0.848 | loss=0.355144
(16/03/2025 02:25:18) Epoch 361 | GT-PSNR: 25.60 | PSNR: 21.95 | SSIM: 0.848 | loss=0.393391
(16/03/2025 02:25:56) Epoch 362 | GT-PSNR: 25.86 | PSNR: 22.09 | SSIM: 0.850 | loss=0.259873
(16/03/2025 02:26:34) Epoch 363 | GT-PSNR: 25.90 | PSNR: 22.15 | SSIM: 0.848 | loss=0.710767
(16/03/2025 02:27:12) Epoch 364 | GT-PSNR: 26.03 | PSNR: 22.18 | SSIM: 0.850 | loss=0.382107
(16/03/2025 02:27:50) Epoch 365 | GT-PSNR: 26.01 | PSNR: 21.97 | SSIM: 0.849 | loss=0.281885
(16/03/2025 02:28:28) Epoch 366 | GT-PSNR: 26.04 | PSNR: 21.96 | SSIM: 0.850 | loss=0.287150
(16/03/2025 02:29:07) Epoch 367 | GT-PSNR: 25.76 | PSNR: 21.83 | SSIM: 0.850 | loss=0.222582
(16/03/2025 02:29:45) Epoch 368 | GT-PSNR: 25.23 | PSNR: 21.66 | SSIM: 0.845 | loss=0.296299
(16/03/2025 02:30:23) Epoch 369 | GT-PSNR: 25.84 | PSNR: 22.05 | SSIM: 0.849 | loss=0.516398
(16/03/2025 02:31:01) Epoch 370 | GT-PSNR: 25.79 | PSNR: 21.83 | SSIM: 0.849 | loss=0.328958
(16/03/2025 02:31:39) Epoch 371 | GT-PSNR: 25.68 | PSNR: 21.03 | SSIM: 0.847 | loss=0.270167
(16/03/2025 02:32:18) Epoch 372 | GT-PSNR: 25.47 | PSNR: 21.68 | SSIM: 0.849 | loss=0.602150
(16/03/2025 02:32:56) Epoch 373 | GT-PSNR: 25.84 | PSNR: 22.03 | SSIM: 0.848 | loss=0.402843
(16/03/2025 02:33:34) Epoch 374 | GT-PSNR: 25.59 | PSNR: 21.78 | SSIM: 0.850 | loss=0.242949
(16/03/2025 02:34:12) Epoch 375 | GT-PSNR: 25.88 | PSNR: 21.65 | SSIM: 0.850 | loss=0.305636
(16/03/2025 02:34:50) Epoch 376 | GT-PSNR: 25.86 | PSNR: 22.04 | SSIM: 0.848 | loss=0.153702
(16/03/2025 02:35:29) Epoch 377 | GT-PSNR: 26.13 | PSNR: 21.85 | SSIM: 0.850 | loss=0.243430
(16/03/2025 02:36:07) Epoch 378 | GT-PSNR: 26.16 | PSNR: 21.78 | SSIM: 0.852 | loss=0.950418
(16/03/2025 02:36:45) Epoch 379 | GT-PSNR: 25.64 | PSNR: 21.59 | SSIM: 0.847 | loss=0.338393
(16/03/2025 02:37:23) Epoch 380 | GT-PSNR: 25.68 | PSNR: 21.40 | SSIM: 0.849 | loss=0.345639
(16/03/2025 02:38:01) Epoch 381 | GT-PSNR: 25.81 | PSNR: 21.97 | SSIM: 0.851 | loss=0.259991
(16/03/2025 02:38:39) Epoch 382 | GT-PSNR: 25.67 | PSNR: 21.61 | SSIM: 0.850 | loss=0.267969
(16/03/2025 02:39:17) Epoch 383 | GT-PSNR: 25.74 | PSNR: 21.83 | SSIM: 0.848 | loss=0.327344
(16/03/2025 02:39:55) Epoch 384 | GT-PSNR: 25.93 | PSNR: 22.06 | SSIM: 0.850 | loss=0.424272
(16/03/2025 02:40:34) Epoch 385 | GT-PSNR: 25.84 | PSNR: 21.97 | SSIM: 0.850 | loss=0.158997
(16/03/2025 02:41:12) Epoch 386 | GT-PSNR: 25.98 | PSNR: 22.28 | SSIM: 0.851 | loss=0.226207
(16/03/2025 02:41:50) Epoch 387 | GT-PSNR: 25.91 | PSNR: 22.20 | SSIM: 0.851 | loss=0.170586
(16/03/2025 02:42:29) Epoch 388 | GT-PSNR: 26.12 | PSNR: 21.34 | SSIM: 0.851 | loss=0.122577
(16/03/2025 02:43:06) Epoch 389 | GT-PSNR: 25.71 | PSNR: 21.99 | SSIM: 0.849 | loss=0.622804
(16/03/2025 02:43:45) Epoch 390 | GT-PSNR: 25.64 | PSNR: 21.73 | SSIM: 0.849 | loss=0.325485
(16/03/2025 02:44:23) Epoch 391 | GT-PSNR: 25.72 | PSNR: 21.48 | SSIM: 0.846 | loss=0.420205
(16/03/2025 02:45:01) Epoch 392 | GT-PSNR: 25.84 | PSNR: 21.43 | SSIM: 0.848 | loss=0.168449
(16/03/2025 02:45:39) Epoch 393 | GT-PSNR: 26.02 | PSNR: 21.82 | SSIM: 0.849 | loss=0.330840
(16/03/2025 02:46:17) Epoch 394 | GT-PSNR: 25.45 | PSNR: 21.76 | SSIM: 0.850 | loss=0.299834
(16/03/2025 02:46:56) Epoch 395 | GT-PSNR: 25.99 | PSNR: 22.19 | SSIM: 0.849 | loss=0.302738
(16/03/2025 02:47:34) Epoch 396 | GT-PSNR: 25.34 | PSNR: 21.62 | SSIM: 0.847 | loss=0.651008
(16/03/2025 02:48:12) Epoch 397 | GT-PSNR: 25.43 | PSNR: 21.05 | SSIM: 0.847 | loss=0.282232
(16/03/2025 02:48:50) Epoch 398 | GT-PSNR: 25.63 | PSNR: 21.68 | SSIM: 0.847 | loss=0.435768
(16/03/2025 02:49:28) Epoch 399 | GT-PSNR: 25.67 | PSNR: 21.24 | SSIM: 0.849 | loss=0.186007
(16/03/2025 02:50:07) Epoch 400 | GT-PSNR: 25.74 | PSNR: 21.67 | SSIM: 0.848 | loss=0.127942
(16/03/2025 02:50:45) Epoch 401 | GT-PSNR: 25.63 | PSNR: 21.68 | SSIM: 0.849 | loss=0.284461
(16/03/2025 02:51:23) Epoch 402 | GT-PSNR: 25.69 | PSNR: 21.50 | SSIM: 0.848 | loss=0.370412
(16/03/2025 02:52:01) Epoch 403 | GT-PSNR: 25.43 | PSNR: 21.47 | SSIM: 0.847 | loss=0.330215
(16/03/2025 02:52:39) Epoch 404 | GT-PSNR: 25.49 | PSNR: 21.51 | SSIM: 0.843 | loss=0.451637
(16/03/2025 02:53:18) Epoch 405 | GT-PSNR: 25.43 | PSNR: 21.25 | SSIM: 0.849 | loss=0.513159
(16/03/2025 02:53:56) Epoch 406 | GT-PSNR: 25.71 | PSNR: 21.72 | SSIM: 0.849 | loss=0.294671
(16/03/2025 02:54:34) Epoch 407 | GT-PSNR: 25.69 | PSNR: 21.84 | SSIM: 0.850 | loss=0.294319
(16/03/2025 02:55:12) Epoch 408 | GT-PSNR: 25.65 | PSNR: 21.78 | SSIM: 0.850 | loss=0.351789
(16/03/2025 02:55:50) Epoch 409 | GT-PSNR: 25.26 | PSNR: 21.66 | SSIM: 0.846 | loss=0.578509
(16/03/2025 02:56:27) Epoch 410 | GT-PSNR: 26.13 | PSNR: 21.96 | SSIM: 0.848 | loss=0.322670
(16/03/2025 02:57:06) Epoch 411 | GT-PSNR: 25.71 | PSNR: 21.88 | SSIM: 0.847 | loss=0.480877
(16/03/2025 02:57:44) Epoch 412 | GT-PSNR: 25.58 | PSNR: 21.34 | SSIM: 0.848 | loss=0.363458
(16/03/2025 02:58:22) Epoch 413 | GT-PSNR: 25.69 | PSNR: 21.73 | SSIM: 0.850 | loss=0.264637
(16/03/2025 02:59:00) Epoch 414 | GT-PSNR: 25.85 | PSNR: 22.05 | SSIM: 0.850 | loss=0.234198
(16/03/2025 02:59:38) Epoch 415 | GT-PSNR: 25.67 | PSNR: 21.77 | SSIM: 0.848 | loss=0.215336
(16/03/2025 03:00:16) Epoch 416 | GT-PSNR: 26.08 | PSNR: 21.86 | SSIM: 0.848 | loss=0.553254
(16/03/2025 03:00:54) Epoch 417 | GT-PSNR: 25.64 | PSNR: 21.76 | SSIM: 0.851 | loss=0.111148
(16/03/2025 03:01:32) Epoch 418 | GT-PSNR: 25.67 | PSNR: 21.76 | SSIM: 0.840 | loss=0.448178
(16/03/2025 03:02:10) Epoch 419 | GT-PSNR: 25.42 | PSNR: 21.63 | SSIM: 0.849 | loss=0.475327
(16/03/2025 03:02:48) Epoch 420 | GT-PSNR: 26.00 | PSNR: 22.22 | SSIM: 0.850 | loss=0.531350
(16/03/2025 03:03:26) Epoch 421 | GT-PSNR: 25.63 | PSNR: 21.68 | SSIM: 0.845 | loss=0.296896
(16/03/2025 03:04:04) Epoch 422 | GT-PSNR: 25.73 | PSNR: 21.97 | SSIM: 0.851 | loss=0.440387
(16/03/2025 03:04:43) Epoch 423 | GT-PSNR: 26.01 | PSNR: 22.13 | SSIM: 0.853 | loss=0.208259
(16/03/2025 03:05:21) Epoch 424 | GT-PSNR: 25.58 | PSNR: 22.00 | SSIM: 0.849 | loss=0.303462
(16/03/2025 03:05:59) Epoch 425 | GT-PSNR: 25.63 | PSNR: 21.85 | SSIM: 0.848 | loss=0.342871
(16/03/2025 03:06:37) Epoch 426 | GT-PSNR: 25.76 | PSNR: 21.77 | SSIM: 0.851 | loss=0.277769
(16/03/2025 03:07:15) Epoch 427 | GT-PSNR: 25.72 | PSNR: 21.68 | SSIM: 0.850 | loss=0.163032
(16/03/2025 03:07:53) Epoch 428 | GT-PSNR: 25.57 | PSNR: 21.96 | SSIM: 0.851 | loss=0.200649
(16/03/2025 03:08:31) Epoch 429 | GT-PSNR: 25.70 | PSNR: 21.57 | SSIM: 0.848 | loss=0.103796
(16/03/2025 03:09:09) Epoch 430 | GT-PSNR: 25.84 | PSNR: 21.97 | SSIM: 0.851 | loss=0.380198
(16/03/2025 03:09:48) Epoch 431 | GT-PSNR: 26.00 | PSNR: 22.15 | SSIM: 0.849 | loss=0.291195
(16/03/2025 03:10:26) Epoch 432 | GT-PSNR: 25.96 | PSNR: 22.21 | SSIM: 0.850 | loss=0.242616
(16/03/2025 03:11:04) Epoch 433 | GT-PSNR: 25.91 | PSNR: 21.94 | SSIM: 0.851 | loss=0.214935
(16/03/2025 03:11:42) Epoch 434 | GT-PSNR: 25.69 | PSNR: 21.72 | SSIM: 0.849 | loss=0.447712
(16/03/2025 03:12:20) Epoch 435 | GT-PSNR: 26.02 | PSNR: 21.93 | SSIM: 0.851 | loss=0.163589
(16/03/2025 03:12:59) Epoch 436 | GT-PSNR: 25.63 | PSNR: 21.96 | SSIM: 0.850 | loss=0.264558
(16/03/2025 03:13:37) Epoch 437 | GT-PSNR: 25.98 | PSNR: 21.65 | SSIM: 0.851 | loss=0.265653
(16/03/2025 03:14:15) Epoch 438 | GT-PSNR: 26.35 | PSNR: 21.53 | SSIM: 0.853 | loss=0.289838
(16/03/2025 03:14:15) Saved model as net_psnr_26.35_ssim_0.853_epoch_438_dataset_LOLv1.h5.
(16/03/2025 03:14:53) Epoch 439 | GT-PSNR: 25.81 | PSNR: 21.43 | SSIM: 0.849 | loss=0.175054
(16/03/2025 03:15:32) Epoch 440 | GT-PSNR: 25.79 | PSNR: 21.96 | SSIM: 0.850 | loss=0.277142
(16/03/2025 03:16:10) Epoch 441 | GT-PSNR: 25.89 | PSNR: 22.28 | SSIM: 0.850 | loss=0.252545
(16/03/2025 03:16:48) Epoch 442 | GT-PSNR: 25.98 | PSNR: 22.07 | SSIM: 0.849 | loss=0.292256
(16/03/2025 03:17:26) Epoch 443 | GT-PSNR: 25.93 | PSNR: 21.62 | SSIM: 0.848 | loss=0.283007
(16/03/2025 03:18:04) Epoch 444 | GT-PSNR: 25.85 | PSNR: 21.70 | SSIM: 0.852 | loss=0.211580
(16/03/2025 03:18:42) Epoch 445 | GT-PSNR: 25.76 | PSNR: 21.67 | SSIM: 0.851 | loss=0.337404
(16/03/2025 03:19:21) Epoch 446 | GT-PSNR: 25.72 | PSNR: 21.97 | SSIM: 0.850 | loss=0.206105
(16/03/2025 03:19:58) Epoch 447 | GT-PSNR: 26.00 | PSNR: 21.89 | SSIM: 0.850 | loss=0.166877
(16/03/2025 03:20:37) Epoch 448 | GT-PSNR: 25.86 | PSNR: 21.83 | SSIM: 0.846 | loss=0.382629
(16/03/2025 03:21:15) Epoch 449 | GT-PSNR: 26.00 | PSNR: 21.90 | SSIM: 0.852 | loss=0.231717
(16/03/2025 03:21:53) Epoch 450 | GT-PSNR: 26.00 | PSNR: 21.92 | SSIM: 0.851 | loss=0.289269
(16/03/2025 03:22:32) Epoch 451 | GT-PSNR: 26.00 | PSNR: 21.97 | SSIM: 0.847 | loss=0.326915
(16/03/2025 03:23:10) Epoch 452 | GT-PSNR: 25.96 | PSNR: 22.00 | SSIM: 0.851 | loss=0.255113
(16/03/2025 03:23:48) Epoch 453 | GT-PSNR: 25.79 | PSNR: 21.63 | SSIM: 0.848 | loss=0.311079
(16/03/2025 03:24:27) Epoch 454 | GT-PSNR: 25.72 | PSNR: 21.95 | SSIM: 0.849 | loss=0.277227
(16/03/2025 03:25:05) Epoch 455 | GT-PSNR: 26.04 | PSNR: 22.09 | SSIM: 0.852 | loss=0.311329
(16/03/2025 03:25:43) Epoch 456 | GT-PSNR: 25.83 | PSNR: 21.53 | SSIM: 0.850 | loss=0.370746
(16/03/2025 03:26:21) Epoch 457 | GT-PSNR: 26.50 | PSNR: 22.15 | SSIM: 0.852 | loss=0.336825
(16/03/2025 03:26:21) Saved model as net_psnr_26.50_ssim_0.852_epoch_457_dataset_LOLv1.h5.
(16/03/2025 03:26:59) Epoch 458 | GT-PSNR: 25.58 | PSNR: 21.59 | SSIM: 0.848 | loss=0.178675
(16/03/2025 03:27:37) Epoch 459 | GT-PSNR: 25.67 | PSNR: 21.76 | SSIM: 0.850 | loss=0.592571
(16/03/2025 03:28:15) Epoch 460 | GT-PSNR: 25.52 | PSNR: 21.82 | SSIM: 0.850 | loss=0.269989
(16/03/2025 03:28:54) Epoch 461 | GT-PSNR: 26.10 | PSNR: 21.64 | SSIM: 0.850 | loss=0.213426
(16/03/2025 03:29:32) Epoch 462 | GT-PSNR: 25.95 | PSNR: 21.90 | SSIM: 0.850 | loss=0.366240
(16/03/2025 03:30:10) Epoch 463 | GT-PSNR: 25.72 | PSNR: 21.34 | SSIM: 0.849 | loss=0.382096
(16/03/2025 03:30:48) Epoch 464 | GT-PSNR: 25.88 | PSNR: 21.61 | SSIM: 0.851 | loss=0.558123
(16/03/2025 03:31:26) Epoch 465 | GT-PSNR: 26.00 | PSNR: 21.64 | SSIM: 0.851 | loss=0.736578
(16/03/2025 03:32:04) Epoch 466 | GT-PSNR: 25.99 | PSNR: 21.90 | SSIM: 0.851 | loss=0.347225
(16/03/2025 03:32:42) Epoch 467 | GT-PSNR: 25.84 | PSNR: 21.76 | SSIM: 0.848 | loss=0.222188
(16/03/2025 03:33:20) Epoch 468 | GT-PSNR: 25.66 | PSNR: 21.71 | SSIM: 0.849 | loss=0.244513
(16/03/2025 03:33:59) Epoch 469 | GT-PSNR: 25.80 | PSNR: 21.67 | SSIM: 0.851 | loss=0.073550
(16/03/2025 03:34:37) Epoch 470 | GT-PSNR: 26.02 | PSNR: 22.03 | SSIM: 0.852 | loss=0.414655
(16/03/2025 03:35:15) Epoch 471 | GT-PSNR: 25.85 | PSNR: 21.39 | SSIM: 0.849 | loss=0.322979
(16/03/2025 03:35:53) Epoch 472 | GT-PSNR: 26.12 | PSNR: 21.72 | SSIM: 0.849 | loss=0.299705
(16/03/2025 03:36:31) Epoch 473 | GT-PSNR: 25.83 | PSNR: 22.10 | SSIM: 0.847 | loss=0.487918
(16/03/2025 03:37:10) Epoch 474 | GT-PSNR: 26.09 | PSNR: 21.97 | SSIM: 0.852 | loss=0.351992
(16/03/2025 03:37:48) Epoch 475 | GT-PSNR: 25.80 | PSNR: 21.59 | SSIM: 0.849 | loss=0.215038
(16/03/2025 03:38:26) Epoch 476 | GT-PSNR: 25.83 | PSNR: 21.85 | SSIM: 0.851 | loss=0.447561
(16/03/2025 03:39:04) Epoch 477 | GT-PSNR: 26.04 | PSNR: 21.89 | SSIM: 0.851 | loss=0.213891
(16/03/2025 03:39:43) Epoch 478 | GT-PSNR: 25.89 | PSNR: 21.49 | SSIM: 0.852 | loss=0.164503
(16/03/2025 03:40:21) Epoch 479 | GT-PSNR: 25.80 | PSNR: 21.36 | SSIM: 0.846 | loss=0.451830
(16/03/2025 03:40:59) Epoch 480 | GT-PSNR: 25.78 | PSNR: 21.84 | SSIM: 0.848 | loss=0.284366
(16/03/2025 03:41:37) Epoch 481 | GT-PSNR: 25.92 | PSNR: 21.96 | SSIM: 0.852 | loss=0.521485
(16/03/2025 03:42:15) Epoch 482 | GT-PSNR: 26.02 | PSNR: 21.68 | SSIM: 0.850 | loss=0.316335
(16/03/2025 03:42:53) Epoch 483 | GT-PSNR: 26.28 | PSNR: 22.28 | SSIM: 0.853 | loss=0.129645
(16/03/2025 03:43:32) Epoch 484 | GT-PSNR: 26.15 | PSNR: 22.21 | SSIM: 0.848 | loss=0.289054
(16/03/2025 03:44:10) Epoch 485 | GT-PSNR: 25.98 | PSNR: 21.58 | SSIM: 0.851 | loss=0.109254
(16/03/2025 03:44:48) Epoch 486 | GT-PSNR: 25.86 | PSNR: 21.09 | SSIM: 0.849 | loss=0.386190
(16/03/2025 03:45:26) Epoch 487 | GT-PSNR: 25.74 | PSNR: 21.82 | SSIM: 0.850 | loss=0.542576
(16/03/2025 03:46:04) Epoch 488 | GT-PSNR: 25.69 | PSNR: 21.89 | SSIM: 0.847 | loss=0.141038
(16/03/2025 03:46:42) Epoch 489 | GT-PSNR: 25.97 | PSNR: 21.84 | SSIM: 0.850 | loss=0.232628
(16/03/2025 03:47:21) Epoch 490 | GT-PSNR: 25.77 | PSNR: 21.36 | SSIM: 0.849 | loss=0.535504
(16/03/2025 03:47:59) Epoch 491 | GT-PSNR: 26.04 | PSNR: 21.96 | SSIM: 0.850 | loss=0.417289
(16/03/2025 03:48:37) Epoch 492 | GT-PSNR: 25.99 | PSNR: 22.11 | SSIM: 0.851 | loss=0.764721
(16/03/2025 03:49:16) Epoch 493 | GT-PSNR: 25.80 | PSNR: 21.95 | SSIM: 0.852 | loss=0.448524
(16/03/2025 03:49:54) Epoch 494 | GT-PSNR: 26.05 | PSNR: 22.28 | SSIM: 0.852 | loss=0.579148
(16/03/2025 03:50:33) Epoch 495 | GT-PSNR: 25.97 | PSNR: 21.81 | SSIM: 0.852 | loss=0.311892
(16/03/2025 03:51:10) Epoch 496 | GT-PSNR: 25.90 | PSNR: 21.41 | SSIM: 0.850 | loss=0.463314
(16/03/2025 03:51:49) Epoch 497 | GT-PSNR: 25.88 | PSNR: 21.91 | SSIM: 0.851 | loss=0.455298
(16/03/2025 03:52:27) Epoch 498 | GT-PSNR: 25.84 | PSNR: 21.94 | SSIM: 0.850 | loss=0.436292
(16/03/2025 03:53:05) Epoch 499 | GT-PSNR: 26.05 | PSNR: 22.11 | SSIM: 0.852 | loss=0.194344
(16/03/2025 03:53:43) Epoch 500 | GT-PSNR: 26.16 | PSNR: 21.84 | SSIM: 0.850 | loss=0.246495
(16/03/2025 03:54:22) Epoch 501 | GT-PSNR: 25.85 | PSNR: 21.62 | SSIM: 0.851 | loss=0.200811
(16/03/2025 03:55:00) Epoch 502 | GT-PSNR: 25.90 | PSNR: 21.73 | SSIM: 0.851 | loss=0.465763
(16/03/2025 03:55:38) Epoch 503 | GT-PSNR: 26.01 | PSNR: 21.43 | SSIM: 0.852 | loss=0.185272
(16/03/2025 03:56:16) Epoch 504 | GT-PSNR: 26.14 | PSNR: 22.14 | SSIM: 0.852 | loss=0.250325
(16/03/2025 03:56:54) Epoch 505 | GT-PSNR: 25.75 | PSNR: 22.00 | SSIM: 0.850 | loss=0.317895
(16/03/2025 03:57:33) Epoch 506 | GT-PSNR: 25.97 | PSNR: 22.18 | SSIM: 0.851 | loss=0.343795
(16/03/2025 03:58:11) Epoch 507 | GT-PSNR: 25.97 | PSNR: 21.83 | SSIM: 0.851 | loss=0.360953
(16/03/2025 03:58:50) Epoch 508 | GT-PSNR: 25.89 | PSNR: 21.68 | SSIM: 0.851 | loss=0.510738
(16/03/2025 03:59:28) Epoch 509 | GT-PSNR: 25.90 | PSNR: 21.85 | SSIM: 0.851 | loss=0.466621
(16/03/2025 04:00:06) Epoch 510 | GT-PSNR: 25.86 | PSNR: 21.82 | SSIM: 0.850 | loss=0.119323
(16/03/2025 04:00:44) Epoch 511 | GT-PSNR: 26.12 | PSNR: 22.04 | SSIM: 0.852 | loss=0.313294
(16/03/2025 04:01:22) Epoch 512 | GT-PSNR: 25.94 | PSNR: 21.81 | SSIM: 0.850 | loss=0.265010
(16/03/2025 04:02:01) Epoch 513 | GT-PSNR: 25.85 | PSNR: 21.87 | SSIM: 0.849 | loss=0.480392
(16/03/2025 04:02:39) Epoch 514 | GT-PSNR: 25.77 | PSNR: 21.87 | SSIM: 0.850 | loss=0.168065
(16/03/2025 04:03:18) Epoch 515 | GT-PSNR: 26.13 | PSNR: 21.79 | SSIM: 0.853 | loss=0.685258
(16/03/2025 04:03:56) Epoch 516 | GT-PSNR: 25.87 | PSNR: 22.03 | SSIM: 0.851 | loss=0.275541
(16/03/2025 04:04:34) Epoch 517 | GT-PSNR: 25.91 | PSNR: 21.92 | SSIM: 0.850 | loss=0.189147
(16/03/2025 04:05:12) Epoch 518 | GT-PSNR: 26.26 | PSNR: 22.08 | SSIM: 0.853 | loss=0.285199
(16/03/2025 04:05:50) Epoch 519 | GT-PSNR: 26.00 | PSNR: 21.77 | SSIM: 0.851 | loss=0.402375
(16/03/2025 04:06:28) Epoch 520 | GT-PSNR: 25.86 | PSNR: 22.06 | SSIM: 0.852 | loss=0.235618
(16/03/2025 04:07:07) Epoch 521 | GT-PSNR: 25.97 | PSNR: 21.45 | SSIM: 0.850 | loss=0.332807
(16/03/2025 04:07:45) Epoch 522 | GT-PSNR: 26.16 | PSNR: 21.92 | SSIM: 0.852 | loss=0.338734
(16/03/2025 04:08:23) Epoch 523 | GT-PSNR: 25.37 | PSNR: 21.53 | SSIM: 0.849 | loss=0.218166
(16/03/2025 04:09:01) Epoch 524 | GT-PSNR: 26.28 | PSNR: 22.28 | SSIM: 0.852 | loss=0.371955
(16/03/2025 04:09:39) Epoch 525 | GT-PSNR: 25.85 | PSNR: 21.79 | SSIM: 0.849 | loss=0.269024
(16/03/2025 04:10:18) Epoch 526 | GT-PSNR: 26.06 | PSNR: 22.00 | SSIM: 0.848 | loss=0.349754
(16/03/2025 04:10:56) Epoch 527 | GT-PSNR: 26.01 | PSNR: 21.95 | SSIM: 0.850 | loss=0.345325
(16/03/2025 04:11:34) Epoch 528 | GT-PSNR: 26.03 | PSNR: 21.75 | SSIM: 0.853 | loss=0.376981
(16/03/2025 04:12:12) Epoch 529 | GT-PSNR: 25.90 | PSNR: 21.66 | SSIM: 0.848 | loss=0.363023
(16/03/2025 04:12:50) Epoch 530 | GT-PSNR: 25.99 | PSNR: 21.29 | SSIM: 0.850 | loss=0.580049
(16/03/2025 04:13:30) Epoch 531 | GT-PSNR: 25.97 | PSNR: 22.31 | SSIM: 0.852 | loss=0.349480
(16/03/2025 04:14:08) Epoch 532 | GT-PSNR: 25.98 | PSNR: 21.55 | SSIM: 0.850 | loss=0.141002
(16/03/2025 04:14:46) Epoch 533 | GT-PSNR: 26.15 | PSNR: 21.87 | SSIM: 0.849 | loss=0.338712
(16/03/2025 04:15:24) Epoch 534 | GT-PSNR: 26.19 | PSNR: 22.15 | SSIM: 0.850 | loss=0.217661
(16/03/2025 04:16:02) Epoch 535 | GT-PSNR: 26.02 | PSNR: 22.31 | SSIM: 0.852 | loss=0.297978
(16/03/2025 04:16:41) Epoch 536 | GT-PSNR: 25.72 | PSNR: 21.58 | SSIM: 0.849 | loss=0.296998
(16/03/2025 04:17:19) Epoch 537 | GT-PSNR: 25.65 | PSNR: 21.88 | SSIM: 0.849 | loss=0.322848
(16/03/2025 04:17:57) Epoch 538 | GT-PSNR: 26.06 | PSNR: 22.12 | SSIM: 0.851 | loss=0.424942
(16/03/2025 04:18:35) Epoch 539 | GT-PSNR: 25.75 | PSNR: 22.25 | SSIM: 0.849 | loss=0.191598
(16/03/2025 04:19:13) Epoch 540 | GT-PSNR: 26.10 | PSNR: 21.89 | SSIM: 0.850 | loss=0.152343
(16/03/2025 04:19:52) Epoch 541 | GT-PSNR: 26.02 | PSNR: 21.63 | SSIM: 0.852 | loss=0.298075
(16/03/2025 04:20:30) Epoch 542 | GT-PSNR: 25.89 | PSNR: 21.86 | SSIM: 0.850 | loss=0.308020
(16/03/2025 04:21:08) Epoch 543 | GT-PSNR: 25.97 | PSNR: 21.62 | SSIM: 0.852 | loss=0.212856
(16/03/2025 04:21:46) Epoch 544 | GT-PSNR: 25.63 | PSNR: 21.88 | SSIM: 0.849 | loss=0.432608
(16/03/2025 04:22:24) Epoch 545 | GT-PSNR: 26.26 | PSNR: 21.91 | SSIM: 0.853 | loss=0.309317
(16/03/2025 04:23:02) Epoch 546 | GT-PSNR: 25.88 | PSNR: 21.80 | SSIM: 0.849 | loss=0.222499
(16/03/2025 04:23:40) Epoch 547 | GT-PSNR: 25.84 | PSNR: 21.92 | SSIM: 0.850 | loss=0.162828
(16/03/2025 04:24:18) Epoch 548 | GT-PSNR: 26.12 | PSNR: 22.06 | SSIM: 0.851 | loss=0.267221
(16/03/2025 04:24:57) Epoch 549 | GT-PSNR: 26.04 | PSNR: 22.23 | SSIM: 0.852 | loss=0.291238
(16/03/2025 04:25:34) Epoch 550 | GT-PSNR: 26.28 | PSNR: 22.08 | SSIM: 0.853 | loss=0.262743
(16/03/2025 04:26:12) Epoch 551 | GT-PSNR: 26.12 | PSNR: 21.63 | SSIM: 0.851 | loss=0.224217
(16/03/2025 04:26:50) Epoch 552 | GT-PSNR: 26.34 | PSNR: 22.11 | SSIM: 0.853 | loss=0.117500
(16/03/2025 04:27:29) Epoch 553 | GT-PSNR: 26.10 | PSNR: 21.77 | SSIM: 0.851 | loss=0.217357
(16/03/2025 04:28:07) Epoch 554 | GT-PSNR: 25.87 | PSNR: 21.82 | SSIM: 0.850 | loss=0.278420
(16/03/2025 04:28:45) Epoch 555 | GT-PSNR: 26.20 | PSNR: 22.12 | SSIM: 0.850 | loss=0.410981
(16/03/2025 04:29:24) Epoch 556 | GT-PSNR: 26.16 | PSNR: 22.31 | SSIM: 0.852 | loss=0.380086
(16/03/2025 04:30:02) Epoch 557 | GT-PSNR: 25.75 | PSNR: 22.21 | SSIM: 0.851 | loss=0.261922
(16/03/2025 04:30:40) Epoch 558 | GT-PSNR: 25.68 | PSNR: 21.44 | SSIM: 0.850 | loss=0.202799
(16/03/2025 04:31:18) Epoch 559 | GT-PSNR: 25.87 | PSNR: 21.77 | SSIM: 0.851 | loss=0.443958
(16/03/2025 04:31:57) Epoch 560 | GT-PSNR: 25.99 | PSNR: 22.07 | SSIM: 0.851 | loss=0.247936
(16/03/2025 04:32:35) Epoch 561 | GT-PSNR: 26.25 | PSNR: 22.22 | SSIM: 0.853 | loss=0.390356
(16/03/2025 04:33:13) Epoch 562 | GT-PSNR: 25.98 | PSNR: 21.81 | SSIM: 0.850 | loss=0.322274
(16/03/2025 04:33:51) Epoch 563 | GT-PSNR: 26.08 | PSNR: 21.69 | SSIM: 0.848 | loss=0.518187
(16/03/2025 04:34:29) Epoch 564 | GT-PSNR: 25.92 | PSNR: 21.72 | SSIM: 0.850 | loss=0.235650
(16/03/2025 04:35:07) Epoch 565 | GT-PSNR: 25.86 | PSNR: 22.13 | SSIM: 0.851 | loss=0.717411
(16/03/2025 04:35:45) Epoch 566 | GT-PSNR: 25.83 | PSNR: 21.71 | SSIM: 0.850 | loss=0.160825
(16/03/2025 04:36:24) Epoch 567 | GT-PSNR: 26.06 | PSNR: 21.84 | SSIM: 0.851 | loss=0.263986
(16/03/2025 04:37:02) Epoch 568 | GT-PSNR: 26.20 | PSNR: 22.24 | SSIM: 0.853 | loss=0.247536
(16/03/2025 04:37:40) Epoch 569 | GT-PSNR: 26.03 | PSNR: 21.99 | SSIM: 0.851 | loss=0.328796
(16/03/2025 04:38:18) Epoch 570 | GT-PSNR: 26.03 | PSNR: 22.07 | SSIM: 0.850 | loss=0.372996
(16/03/2025 04:38:56) Epoch 571 | GT-PSNR: 26.07 | PSNR: 22.02 | SSIM: 0.852 | loss=0.451727
(16/03/2025 04:39:34) Epoch 572 | GT-PSNR: 26.04 | PSNR: 22.17 | SSIM: 0.852 | loss=0.354057
(16/03/2025 04:40:13) Epoch 573 | GT-PSNR: 25.97 | PSNR: 22.22 | SSIM: 0.850 | loss=0.377838
(16/03/2025 04:40:51) Epoch 574 | GT-PSNR: 25.93 | PSNR: 21.83 | SSIM: 0.847 | loss=0.288713
(16/03/2025 04:41:29) Epoch 575 | GT-PSNR: 25.85 | PSNR: 21.63 | SSIM: 0.850 | loss=0.183505
(16/03/2025 04:42:07) Epoch 576 | GT-PSNR: 26.07 | PSNR: 21.71 | SSIM: 0.851 | loss=0.608640
(16/03/2025 04:42:45) Epoch 577 | GT-PSNR: 26.14 | PSNR: 22.24 | SSIM: 0.850 | loss=0.409669
(16/03/2025 04:43:24) Epoch 578 | GT-PSNR: 26.10 | PSNR: 22.14 | SSIM: 0.852 | loss=0.331449
(16/03/2025 04:44:02) Epoch 579 | GT-PSNR: 26.29 | PSNR: 21.98 | SSIM: 0.852 | loss=0.330424
(16/03/2025 04:44:40) Epoch 580 | GT-PSNR: 25.87 | PSNR: 21.71 | SSIM: 0.849 | loss=0.436542
(16/03/2025 04:45:18) Epoch 581 | GT-PSNR: 26.16 | PSNR: 22.12 | SSIM: 0.852 | loss=0.240725
(16/03/2025 04:45:56) Epoch 582 | GT-PSNR: 25.94 | PSNR: 21.79 | SSIM: 0.850 | loss=0.355336
(16/03/2025 04:46:35) Epoch 583 | GT-PSNR: 25.78 | PSNR: 22.01 | SSIM: 0.851 | loss=0.430750
(16/03/2025 04:47:13) Epoch 584 | GT-PSNR: 25.96 | PSNR: 21.78 | SSIM: 0.852 | loss=0.115922
(16/03/2025 04:47:51) Epoch 585 | GT-PSNR: 25.78 | PSNR: 21.97 | SSIM: 0.849 | loss=0.389554
(16/03/2025 04:48:30) Epoch 586 | GT-PSNR: 26.06 | PSNR: 22.09 | SSIM: 0.850 | loss=0.192609
(16/03/2025 04:49:07) Epoch 587 | GT-PSNR: 26.23 | PSNR: 21.80 | SSIM: 0.854 | loss=0.169071
(16/03/2025 04:49:46) Epoch 588 | GT-PSNR: 26.16 | PSNR: 21.60 | SSIM: 0.853 | loss=0.212634
(16/03/2025 04:50:24) Epoch 589 | GT-PSNR: 26.00 | PSNR: 22.00 | SSIM: 0.851 | loss=0.386201
(16/03/2025 04:51:02) Epoch 590 | GT-PSNR: 26.20 | PSNR: 22.06 | SSIM: 0.848 | loss=0.147675
(16/03/2025 04:51:41) Epoch 591 | GT-PSNR: 26.04 | PSNR: 21.10 | SSIM: 0.852 | loss=0.296414
(16/03/2025 04:52:19) Epoch 592 | GT-PSNR: 25.75 | PSNR: 21.91 | SSIM: 0.851 | loss=0.284723
(16/03/2025 04:52:57) Epoch 593 | GT-PSNR: 25.98 | PSNR: 22.10 | SSIM: 0.851 | loss=0.314630
(16/03/2025 04:53:35) Epoch 594 | GT-PSNR: 26.12 | PSNR: 21.83 | SSIM: 0.852 | loss=0.330814
(16/03/2025 04:54:13) Epoch 595 | GT-PSNR: 26.15 | PSNR: 21.86 | SSIM: 0.852 | loss=0.325025
(16/03/2025 04:54:52) Epoch 596 | GT-PSNR: 25.74 | PSNR: 21.92 | SSIM: 0.851 | loss=0.399800
(16/03/2025 04:55:30) Epoch 597 | GT-PSNR: 26.28 | PSNR: 21.82 | SSIM: 0.852 | loss=0.407966
(16/03/2025 04:56:08) Epoch 598 | GT-PSNR: 25.96 | PSNR: 21.91 | SSIM: 0.852 | loss=0.462276
(16/03/2025 04:56:47) Epoch 599 | GT-PSNR: 25.98 | PSNR: 22.03 | SSIM: 0.852 | loss=0.319295
(16/03/2025 04:57:24) Epoch 600 | GT-PSNR: 26.04 | PSNR: 21.59 | SSIM: 0.853 | loss=0.200127
(16/03/2025 04:58:03) Epoch 601 | GT-PSNR: 26.33 | PSNR: 21.92 | SSIM: 0.851 | loss=0.310668
(16/03/2025 04:58:41) Epoch 602 | GT-PSNR: 26.11 | PSNR: 22.09 | SSIM: 0.851 | loss=0.287115
(16/03/2025 04:59:19) Epoch 603 | GT-PSNR: 25.91 | PSNR: 21.39 | SSIM: 0.852 | loss=0.312575
(16/03/2025 04:59:57) Epoch 604 | GT-PSNR: 25.83 | PSNR: 21.57 | SSIM: 0.848 | loss=0.461990
(16/03/2025 05:00:36) Epoch 605 | GT-PSNR: 26.04 | PSNR: 21.79 | SSIM: 0.850 | loss=0.178721
(16/03/2025 05:01:14) Epoch 606 | GT-PSNR: 25.90 | PSNR: 22.19 | SSIM: 0.850 | loss=0.457318
(16/03/2025 05:01:52) Epoch 607 | GT-PSNR: 25.96 | PSNR: 21.82 | SSIM: 0.851 | loss=0.438329
(16/03/2025 05:02:30) Epoch 608 | GT-PSNR: 25.65 | PSNR: 21.84 | SSIM: 0.849 | loss=0.182246
(16/03/2025 05:03:09) Epoch 609 | GT-PSNR: 26.05 | PSNR: 22.09 | SSIM: 0.851 | loss=0.325186
(16/03/2025 05:03:47) Epoch 610 | GT-PSNR: 25.98 | PSNR: 21.31 | SSIM: 0.853 | loss=0.232915
(16/03/2025 05:04:25) Epoch 611 | GT-PSNR: 26.09 | PSNR: 22.13 | SSIM: 0.850 | loss=0.249136
(16/03/2025 05:05:04) Epoch 612 | GT-PSNR: 26.12 | PSNR: 21.93 | SSIM: 0.853 | loss=0.446480
(16/03/2025 05:05:42) Epoch 613 | GT-PSNR: 26.10 | PSNR: 22.24 | SSIM: 0.853 | loss=0.341882
(16/03/2025 05:06:20) Epoch 614 | GT-PSNR: 26.01 | PSNR: 21.63 | SSIM: 0.852 | loss=0.262102
(16/03/2025 05:06:58) Epoch 615 | GT-PSNR: 26.12 | PSNR: 21.65 | SSIM: 0.853 | loss=0.217190
(16/03/2025 05:07:36) Epoch 616 | GT-PSNR: 25.96 | PSNR: 21.80 | SSIM: 0.851 | loss=0.187303
(16/03/2025 05:08:14) Epoch 617 | GT-PSNR: 26.25 | PSNR: 21.64 | SSIM: 0.848 | loss=0.210190
(16/03/2025 05:08:53) Epoch 618 | GT-PSNR: 26.14 | PSNR: 21.79 | SSIM: 0.852 | loss=0.189634
(16/03/2025 05:09:31) Epoch 619 | GT-PSNR: 25.75 | PSNR: 21.70 | SSIM: 0.849 | loss=0.465905
(16/03/2025 05:10:09) Epoch 620 | GT-PSNR: 26.09 | PSNR: 22.10 | SSIM: 0.852 | loss=0.164269
(16/03/2025 05:10:47) Epoch 621 | GT-PSNR: 25.98 | PSNR: 21.66 | SSIM: 0.847 | loss=0.252772
(16/03/2025 05:11:25) Epoch 622 | GT-PSNR: 26.02 | PSNR: 21.74 | SSIM: 0.850 | loss=0.367967
(16/03/2025 05:12:03) Epoch 623 | GT-PSNR: 26.19 | PSNR: 21.82 | SSIM: 0.852 | loss=0.249929
(16/03/2025 05:12:42) Epoch 624 | GT-PSNR: 25.87 | PSNR: 21.81 | SSIM: 0.849 | loss=0.310760
(16/03/2025 05:13:20) Epoch 625 | GT-PSNR: 26.15 | PSNR: 21.65 | SSIM: 0.850 | loss=0.386653
(16/03/2025 05:13:58) Epoch 626 | GT-PSNR: 25.87 | PSNR: 21.84 | SSIM: 0.851 | loss=0.282112
(16/03/2025 05:14:37) Epoch 627 | GT-PSNR: 25.75 | PSNR: 21.75 | SSIM: 0.850 | loss=0.134291
(16/03/2025 05:15:15) Epoch 628 | GT-PSNR: 26.03 | PSNR: 21.51 | SSIM: 0.851 | loss=0.439819
(16/03/2025 05:15:53) Epoch 629 | GT-PSNR: 26.07 | PSNR: 22.28 | SSIM: 0.852 | loss=0.235317
(16/03/2025 05:16:31) Epoch 630 | GT-PSNR: 26.19 | PSNR: 21.80 | SSIM: 0.850 | loss=0.286623
(16/03/2025 05:17:09) Epoch 631 | GT-PSNR: 26.15 | PSNR: 22.08 | SSIM: 0.851 | loss=0.148946
(16/03/2025 05:17:48) Epoch 632 | GT-PSNR: 26.12 | PSNR: 21.66 | SSIM: 0.852 | loss=0.429990
(16/03/2025 05:18:26) Epoch 633 | GT-PSNR: 26.11 | PSNR: 21.84 | SSIM: 0.852 | loss=0.481367
(16/03/2025 05:19:04) Epoch 634 | GT-PSNR: 26.15 | PSNR: 22.29 | SSIM: 0.851 | loss=0.175474
(16/03/2025 05:19:43) Epoch 635 | GT-PSNR: 26.06 | PSNR: 21.88 | SSIM: 0.852 | loss=0.251480
(16/03/2025 05:20:21) Epoch 636 | GT-PSNR: 25.91 | PSNR: 21.56 | SSIM: 0.851 | loss=0.166528
(16/03/2025 05:21:00) Epoch 637 | GT-PSNR: 26.12 | PSNR: 21.66 | SSIM: 0.852 | loss=0.419109
(16/03/2025 05:21:38) Epoch 638 | GT-PSNR: 26.13 | PSNR: 21.56 | SSIM: 0.850 | loss=0.133414
(16/03/2025 05:22:16) Epoch 639 | GT-PSNR: 26.09 | PSNR: 21.76 | SSIM: 0.850 | loss=0.373571
(16/03/2025 05:22:54) Epoch 640 | GT-PSNR: 26.15 | PSNR: 22.20 | SSIM: 0.853 | loss=0.284393
(16/03/2025 05:23:32) Epoch 641 | GT-PSNR: 26.14 | PSNR: 21.98 | SSIM: 0.851 | loss=0.186497
(16/03/2025 05:24:11) Epoch 642 | GT-PSNR: 26.25 | PSNR: 21.91 | SSIM: 0.853 | loss=0.430095
(16/03/2025 05:24:49) Epoch 643 | GT-PSNR: 26.13 | PSNR: 22.10 | SSIM: 0.853 | loss=0.224367
(16/03/2025 05:25:27) Epoch 644 | GT-PSNR: 26.01 | PSNR: 21.60 | SSIM: 0.850 | loss=0.376968
(16/03/2025 05:26:06) Epoch 645 | GT-PSNR: 26.09 | PSNR: 21.94 | SSIM: 0.851 | loss=0.196184
(16/03/2025 05:26:44) Epoch 646 | GT-PSNR: 26.01 | PSNR: 21.77 | SSIM: 0.851 | loss=0.143464
(16/03/2025 05:27:22) Epoch 647 | GT-PSNR: 26.21 | PSNR: 21.92 | SSIM: 0.851 | loss=0.467027
(16/03/2025 05:28:00) Epoch 648 | GT-PSNR: 26.06 | PSNR: 21.90 | SSIM: 0.851 | loss=0.322807
(16/03/2025 05:28:38) Epoch 649 | GT-PSNR: 26.22 | PSNR: 21.93 | SSIM: 0.853 | loss=0.168507
(16/03/2025 05:29:17) Epoch 650 | GT-PSNR: 26.19 | PSNR: 21.98 | SSIM: 0.853 | loss=0.333563
(16/03/2025 05:29:55) Epoch 651 | GT-PSNR: 26.14 | PSNR: 21.87 | SSIM: 0.854 | loss=0.462300
(16/03/2025 05:30:33) Epoch 652 | GT-PSNR: 25.98 | PSNR: 21.70 | SSIM: 0.852 | loss=0.540425
(16/03/2025 05:31:11) Epoch 653 | GT-PSNR: 26.05 | PSNR: 21.93 | SSIM: 0.847 | loss=0.244911
(16/03/2025 05:31:50) Epoch 654 | GT-PSNR: 26.00 | PSNR: 21.53 | SSIM: 0.851 | loss=0.298988
(16/03/2025 05:32:28) Epoch 655 | GT-PSNR: 26.15 | PSNR: 22.05 | SSIM: 0.852 | loss=0.394333
(16/03/2025 05:33:06) Epoch 656 | GT-PSNR: 26.03 | PSNR: 22.14 | SSIM: 0.851 | loss=0.365061
(16/03/2025 05:33:44) Epoch 657 | GT-PSNR: 25.88 | PSNR: 21.75 | SSIM: 0.849 | loss=0.128438
(16/03/2025 05:34:23) Epoch 658 | GT-PSNR: 26.10 | PSNR: 21.94 | SSIM: 0.852 | loss=0.321803
(16/03/2025 05:35:01) Epoch 659 | GT-PSNR: 25.98 | PSNR: 22.03 | SSIM: 0.851 | loss=0.134072
(16/03/2025 05:35:39) Epoch 660 | GT-PSNR: 26.20 | PSNR: 21.93 | SSIM: 0.851 | loss=0.198254
(16/03/2025 05:36:18) Epoch 661 | GT-PSNR: 25.86 | PSNR: 22.03 | SSIM: 0.851 | loss=0.441581
(16/03/2025 05:36:56) Epoch 662 | GT-PSNR: 26.07 | PSNR: 21.17 | SSIM: 0.852 | loss=0.249577
(16/03/2025 05:37:34) Epoch 663 | GT-PSNR: 26.19 | PSNR: 22.13 | SSIM: 0.853 | loss=0.211235
(16/03/2025 05:38:12) Epoch 664 | GT-PSNR: 26.03 | PSNR: 21.66 | SSIM: 0.852 | loss=0.282978
(16/03/2025 05:38:51) Epoch 665 | GT-PSNR: 26.21 | PSNR: 22.20 | SSIM: 0.851 | loss=0.178125
(16/03/2025 05:39:29) Epoch 666 | GT-PSNR: 26.02 | PSNR: 21.87 | SSIM: 0.850 | loss=0.195511
(16/03/2025 05:40:07) Epoch 667 | GT-PSNR: 26.00 | PSNR: 22.11 | SSIM: 0.852 | loss=0.342003
(16/03/2025 05:40:46) Epoch 668 | GT-PSNR: 26.22 | PSNR: 22.22 | SSIM: 0.852 | loss=0.271392
(16/03/2025 05:41:24) Epoch 669 | GT-PSNR: 26.22 | PSNR: 21.98 | SSIM: 0.852 | loss=0.340501
(16/03/2025 05:42:02) Epoch 670 | GT-PSNR: 25.94 | PSNR: 22.17 | SSIM: 0.852 | loss=0.198240
(16/03/2025 05:42:40) Epoch 671 | GT-PSNR: 25.99 | PSNR: 21.97 | SSIM: 0.847 | loss=0.227233
(16/03/2025 05:43:18) Epoch 672 | GT-PSNR: 26.02 | PSNR: 21.64 | SSIM: 0.848 | loss=0.336243
(16/03/2025 05:43:57) Epoch 673 | GT-PSNR: 25.90 | PSNR: 21.91 | SSIM: 0.850 | loss=0.290943
(16/03/2025 05:44:35) Epoch 674 | GT-PSNR: 26.19 | PSNR: 22.00 | SSIM: 0.851 | loss=0.214146
(16/03/2025 05:45:13) Epoch 675 | GT-PSNR: 26.14 | PSNR: 21.88 | SSIM: 0.852 | loss=0.429704
(16/03/2025 05:45:50) Epoch 676 | GT-PSNR: 26.09 | PSNR: 22.27 | SSIM: 0.851 | loss=0.337831
(16/03/2025 05:46:28) Epoch 677 | GT-PSNR: 26.11 | PSNR: 21.58 | SSIM: 0.849 | loss=0.484153
(16/03/2025 05:47:05) Epoch 678 | GT-PSNR: 26.02 | PSNR: 21.78 | SSIM: 0.851 | loss=0.262517
(16/03/2025 05:47:42) Epoch 679 | GT-PSNR: 26.12 | PSNR: 22.11 | SSIM: 0.849 | loss=0.243995
(16/03/2025 05:48:20) Epoch 680 | GT-PSNR: 26.04 | PSNR: 22.12 | SSIM: 0.850 | loss=0.436481
(16/03/2025 05:48:57) Epoch 681 | GT-PSNR: 26.28 | PSNR: 21.75 | SSIM: 0.853 | loss=0.325450
(16/03/2025 05:49:34) Epoch 682 | GT-PSNR: 26.12 | PSNR: 22.20 | SSIM: 0.851 | loss=0.372627
(16/03/2025 05:50:12) Epoch 683 | GT-PSNR: 25.96 | PSNR: 21.83 | SSIM: 0.850 | loss=0.289303
(16/03/2025 05:50:49) Epoch 684 | GT-PSNR: 26.21 | PSNR: 21.82 | SSIM: 0.853 | loss=0.397096
(16/03/2025 05:51:27) Epoch 685 | GT-PSNR: 25.94 | PSNR: 21.93 | SSIM: 0.850 | loss=0.240487
(16/03/2025 05:52:05) Epoch 686 | GT-PSNR: 26.16 | PSNR: 22.13 | SSIM: 0.852 | loss=0.431029
(16/03/2025 05:52:42) Epoch 687 | GT-PSNR: 26.06 | PSNR: 21.88 | SSIM: 0.851 | loss=0.377754
(16/03/2025 05:53:19) Epoch 688 | GT-PSNR: 26.29 | PSNR: 21.99 | SSIM: 0.853 | loss=0.214645
(16/03/2025 05:53:57) Epoch 689 | GT-PSNR: 26.22 | PSNR: 22.10 | SSIM: 0.852 | loss=0.427059
(16/03/2025 05:54:34) Epoch 690 | GT-PSNR: 26.00 | PSNR: 21.88 | SSIM: 0.848 | loss=0.289457
(16/03/2025 05:55:12) Epoch 691 | GT-PSNR: 26.21 | PSNR: 22.16 | SSIM: 0.852 | loss=0.177355
(16/03/2025 05:55:49) Epoch 692 | GT-PSNR: 26.12 | PSNR: 21.96 | SSIM: 0.851 | loss=0.438661
(16/03/2025 05:56:27) Epoch 693 | GT-PSNR: 25.87 | PSNR: 21.99 | SSIM: 0.851 | loss=0.267453
(16/03/2025 05:57:04) Epoch 694 | GT-PSNR: 25.99 | PSNR: 21.80 | SSIM: 0.849 | loss=0.153636
(16/03/2025 05:57:41) Epoch 695 | GT-PSNR: 26.02 | PSNR: 21.88 | SSIM: 0.849 | loss=0.215164
(16/03/2025 05:58:19) Epoch 696 | GT-PSNR: 26.21 | PSNR: 21.92 | SSIM: 0.851 | loss=0.126188
(16/03/2025 05:58:56) Epoch 697 | GT-PSNR: 25.84 | PSNR: 21.81 | SSIM: 0.851 | loss=0.103387
(16/03/2025 05:59:33) Epoch 698 | GT-PSNR: 26.07 | PSNR: 21.92 | SSIM: 0.852 | loss=0.596475
(16/03/2025 06:00:11) Epoch 699 | GT-PSNR: 26.20 | PSNR: 21.76 | SSIM: 0.851 | loss=0.254870
(16/03/2025 06:00:48) Epoch 700 | GT-PSNR: 26.23 | PSNR: 22.21 | SSIM: 0.852 | loss=0.257511
(16/03/2025 06:01:25) Epoch 701 | GT-PSNR: 26.18 | PSNR: 21.70 | SSIM: 0.852 | loss=0.484025
(16/03/2025 06:02:03) Epoch 702 | GT-PSNR: 26.06 | PSNR: 21.91 | SSIM: 0.852 | loss=0.479953
(16/03/2025 06:02:40) Epoch 703 | GT-PSNR: 26.34 | PSNR: 22.07 | SSIM: 0.852 | loss=0.307800
(16/03/2025 06:03:18) Epoch 704 | GT-PSNR: 26.20 | PSNR: 22.13 | SSIM: 0.851 | loss=0.450417
(16/03/2025 06:03:55) Epoch 705 | GT-PSNR: 25.86 | PSNR: 21.81 | SSIM: 0.851 | loss=0.391162
(16/03/2025 06:04:33) Epoch 706 | GT-PSNR: 26.16 | PSNR: 22.14 | SSIM: 0.852 | loss=0.279665
(16/03/2025 06:05:10) Epoch 707 | GT-PSNR: 26.18 | PSNR: 22.00 | SSIM: 0.852 | loss=0.284269
(16/03/2025 06:05:48) Epoch 708 | GT-PSNR: 26.15 | PSNR: 22.27 | SSIM: 0.851 | loss=0.289632
(16/03/2025 06:06:25) Epoch 709 | GT-PSNR: 26.21 | PSNR: 22.08 | SSIM: 0.852 | loss=0.288492
(16/03/2025 06:07:02) Epoch 710 | GT-PSNR: 26.03 | PSNR: 22.00 | SSIM: 0.851 | loss=0.262866
(16/03/2025 06:07:40) Epoch 711 | GT-PSNR: 26.14 | PSNR: 22.05 | SSIM: 0.851 | loss=0.252419
(16/03/2025 06:08:17) Epoch 712 | GT-PSNR: 26.20 | PSNR: 21.94 | SSIM: 0.850 | loss=0.221099
(16/03/2025 06:08:55) Epoch 713 | GT-PSNR: 26.19 | PSNR: 22.02 | SSIM: 0.851 | loss=0.414768
(16/03/2025 06:09:32) Epoch 714 | GT-PSNR: 26.18 | PSNR: 21.96 | SSIM: 0.849 | loss=0.470964
(16/03/2025 06:10:09) Epoch 715 | GT-PSNR: 26.20 | PSNR: 21.58 | SSIM: 0.851 | loss=0.309088
(16/03/2025 06:10:47) Epoch 716 | GT-PSNR: 26.17 | PSNR: 22.12 | SSIM: 0.851 | loss=0.150947
(16/03/2025 06:11:24) Epoch 717 | GT-PSNR: 26.12 | PSNR: 22.08 | SSIM: 0.851 | loss=0.283161
(16/03/2025 06:12:01) Epoch 718 | GT-PSNR: 26.10 | PSNR: 22.13 | SSIM: 0.851 | loss=0.508659
(16/03/2025 06:12:39) Epoch 719 | GT-PSNR: 26.07 | PSNR: 22.00 | SSIM: 0.852 | loss=0.506691
(16/03/2025 06:13:16) Epoch 720 | GT-PSNR: 26.05 | PSNR: 22.15 | SSIM: 0.852 | loss=0.136004
(16/03/2025 06:13:53) Epoch 721 | GT-PSNR: 26.12 | PSNR: 22.11 | SSIM: 0.851 | loss=0.507172
(16/03/2025 06:14:31) Epoch 722 | GT-PSNR: 25.93 | PSNR: 21.99 | SSIM: 0.851 | loss=0.325993
(16/03/2025 06:15:08) Epoch 723 | GT-PSNR: 26.06 | PSNR: 22.03 | SSIM: 0.853 | loss=0.259326
(16/03/2025 06:15:46) Epoch 724 | GT-PSNR: 26.29 | PSNR: 22.24 | SSIM: 0.853 | loss=0.441154
(16/03/2025 06:16:23) Epoch 725 | GT-PSNR: 26.15 | PSNR: 22.37 | SSIM: 0.851 | loss=0.288869
(16/03/2025 06:17:00) Epoch 726 | GT-PSNR: 26.03 | PSNR: 22.23 | SSIM: 0.851 | loss=0.219112
(16/03/2025 06:17:38) Epoch 727 | GT-PSNR: 25.95 | PSNR: 22.32 | SSIM: 0.852 | loss=0.198230
(16/03/2025 06:18:15) Epoch 728 | GT-PSNR: 26.16 | PSNR: 22.06 | SSIM: 0.851 | loss=0.439756
(16/03/2025 06:18:52) Epoch 729 | GT-PSNR: 26.09 | PSNR: 22.38 | SSIM: 0.852 | loss=0.178370
(16/03/2025 06:19:30) Epoch 730 | GT-PSNR: 26.08 | PSNR: 21.85 | SSIM: 0.852 | loss=0.365073
(16/03/2025 06:20:08) Epoch 731 | GT-PSNR: 26.27 | PSNR: 22.09 | SSIM: 0.851 | loss=0.391092
(16/03/2025 06:20:45) Epoch 732 | GT-PSNR: 26.14 | PSNR: 22.20 | SSIM: 0.850 | loss=0.564028
(16/03/2025 06:21:22) Epoch 733 | GT-PSNR: 26.16 | PSNR: 22.09 | SSIM: 0.851 | loss=0.171571
(16/03/2025 06:22:00) Epoch 734 | GT-PSNR: 26.13 | PSNR: 22.02 | SSIM: 0.851 | loss=0.473113
(16/03/2025 06:22:37) Epoch 735 | GT-PSNR: 26.10 | PSNR: 21.78 | SSIM: 0.850 | loss=0.312499
(16/03/2025 06:23:15) Epoch 736 | GT-PSNR: 26.11 | PSNR: 21.85 | SSIM: 0.851 | loss=0.396200
(16/03/2025 06:23:52) Epoch 737 | GT-PSNR: 26.19 | PSNR: 22.06 | SSIM: 0.852 | loss=0.199622
(16/03/2025 06:24:29) Epoch 738 | GT-PSNR: 26.24 | PSNR: 22.33 | SSIM: 0.853 | loss=0.404433
(16/03/2025 06:25:07) Epoch 739 | GT-PSNR: 26.12 | PSNR: 22.05 | SSIM: 0.852 | loss=0.332216
(16/03/2025 06:25:44) Epoch 740 | GT-PSNR: 26.27 | PSNR: 22.18 | SSIM: 0.852 | loss=0.225905
(16/03/2025 06:26:22) Epoch 741 | GT-PSNR: 26.19 | PSNR: 22.14 | SSIM: 0.850 | loss=0.121522
(16/03/2025 06:26:59) Epoch 742 | GT-PSNR: 26.18 | PSNR: 22.01 | SSIM: 0.851 | loss=0.330944
(16/03/2025 06:27:36) Epoch 743 | GT-PSNR: 26.17 | PSNR: 22.22 | SSIM: 0.850 | loss=0.499691
(16/03/2025 06:28:13) Epoch 744 | GT-PSNR: 26.12 | PSNR: 22.18 | SSIM: 0.851 | loss=0.342585
(16/03/2025 06:28:50) Epoch 745 | GT-PSNR: 25.99 | PSNR: 22.08 | SSIM: 0.851 | loss=0.146009
(16/03/2025 06:29:28) Epoch 746 | GT-PSNR: 26.17 | PSNR: 22.09 | SSIM: 0.852 | loss=0.427528
(16/03/2025 06:30:05) Epoch 747 | GT-PSNR: 26.33 | PSNR: 22.20 | SSIM: 0.851 | loss=0.123453
(16/03/2025 06:30:43) Epoch 748 | GT-PSNR: 26.07 | PSNR: 22.01 | SSIM: 0.851 | loss=0.174250
(16/03/2025 06:31:20) Epoch 749 | GT-PSNR: 26.34 | PSNR: 22.09 | SSIM: 0.852 | loss=0.256513
(16/03/2025 06:31:57) Epoch 750 | GT-PSNR: 26.00 | PSNR: 21.65 | SSIM: 0.849 | loss=0.169759
(16/03/2025 06:32:34) Epoch 751 | GT-PSNR: 26.32 | PSNR: 22.12 | SSIM: 0.852 | loss=0.432329
(16/03/2025 06:33:12) Epoch 752 | GT-PSNR: 26.25 | PSNR: 22.28 | SSIM: 0.853 | loss=0.548505
(16/03/2025 06:33:50) Epoch 753 | GT-PSNR: 26.07 | PSNR: 22.04 | SSIM: 0.850 | loss=0.230735
(16/03/2025 06:34:27) Epoch 754 | GT-PSNR: 26.13 | PSNR: 21.95 | SSIM: 0.852 | loss=0.309069
(16/03/2025 06:35:04) Epoch 755 | GT-PSNR: 26.15 | PSNR: 22.19 | SSIM: 0.852 | loss=0.193934
(16/03/2025 06:35:41) Epoch 756 | GT-PSNR: 26.04 | PSNR: 21.88 | SSIM: 0.851 | loss=0.319907
(16/03/2025 06:36:19) Epoch 757 | GT-PSNR: 26.17 | PSNR: 21.70 | SSIM: 0.851 | loss=0.147856
(16/03/2025 06:36:56) Epoch 758 | GT-PSNR: 26.14 | PSNR: 22.01 | SSIM: 0.850 | loss=0.335791
(16/03/2025 06:37:33) Epoch 759 | GT-PSNR: 26.21 | PSNR: 21.98 | SSIM: 0.851 | loss=0.211468
(16/03/2025 06:38:11) Epoch 760 | GT-PSNR: 26.10 | PSNR: 21.96 | SSIM: 0.851 | loss=0.513796
(16/03/2025 06:38:48) Epoch 761 | GT-PSNR: 26.13 | PSNR: 21.92 | SSIM: 0.852 | loss=0.197314
(16/03/2025 06:39:25) Epoch 762 | GT-PSNR: 25.94 | PSNR: 22.01 | SSIM: 0.852 | loss=0.237064
(16/03/2025 06:40:03) Epoch 763 | GT-PSNR: 26.10 | PSNR: 21.90 | SSIM: 0.851 | loss=0.152532
(16/03/2025 06:40:40) Epoch 764 | GT-PSNR: 26.18 | PSNR: 21.99 | SSIM: 0.851 | loss=0.367756
(16/03/2025 06:41:17) Epoch 765 | GT-PSNR: 26.05 | PSNR: 22.10 | SSIM: 0.850 | loss=0.394535
(16/03/2025 06:41:55) Epoch 766 | GT-PSNR: 26.08 | PSNR: 22.03 | SSIM: 0.851 | loss=0.376039
(16/03/2025 06:42:32) Epoch 767 | GT-PSNR: 26.15 | PSNR: 22.18 | SSIM: 0.853 | loss=0.261940
(16/03/2025 06:43:10) Epoch 768 | GT-PSNR: 26.28 | PSNR: 22.19 | SSIM: 0.852 | loss=0.259709
(16/03/2025 06:43:47) Epoch 769 | GT-PSNR: 26.10 | PSNR: 22.21 | SSIM: 0.851 | loss=0.209836
(16/03/2025 06:44:24) Epoch 770 | GT-PSNR: 26.23 | PSNR: 22.13 | SSIM: 0.852 | loss=0.251298
(16/03/2025 06:45:02) Epoch 771 | GT-PSNR: 26.18 | PSNR: 21.81 | SSIM: 0.853 | loss=0.486047
(16/03/2025 06:45:39) Epoch 772 | GT-PSNR: 26.03 | PSNR: 21.65 | SSIM: 0.851 | loss=0.261305
(16/03/2025 06:46:17) Epoch 773 | GT-PSNR: 26.14 | PSNR: 21.92 | SSIM: 0.852 | loss=0.284672
(16/03/2025 06:46:54) Epoch 774 | GT-PSNR: 26.17 | PSNR: 21.93 | SSIM: 0.852 | loss=0.414389
(16/03/2025 06:47:31) Epoch 775 | GT-PSNR: 26.17 | PSNR: 22.05 | SSIM: 0.852 | loss=0.560569
(16/03/2025 06:48:09) Epoch 776 | GT-PSNR: 26.16 | PSNR: 21.99 | SSIM: 0.851 | loss=0.184109
(16/03/2025 06:48:46) Epoch 777 | GT-PSNR: 26.12 | PSNR: 22.06 | SSIM: 0.848 | loss=0.133385
(16/03/2025 06:49:24) Epoch 778 | GT-PSNR: 26.09 | PSNR: 21.90 | SSIM: 0.850 | loss=0.375980
(16/03/2025 06:50:01) Epoch 779 | GT-PSNR: 26.26 | PSNR: 22.37 | SSIM: 0.851 | loss=0.358906
(16/03/2025 06:50:38) Epoch 780 | GT-PSNR: 26.09 | PSNR: 22.05 | SSIM: 0.851 | loss=0.551289
(16/03/2025 06:51:16) Epoch 781 | GT-PSNR: 26.11 | PSNR: 22.13 | SSIM: 0.851 | loss=0.123503
(16/03/2025 06:51:53) Epoch 782 | GT-PSNR: 26.10 | PSNR: 22.13 | SSIM: 0.851 | loss=0.196315
(16/03/2025 06:52:31) Epoch 783 | GT-PSNR: 25.89 | PSNR: 21.88 | SSIM: 0.850 | loss=0.357323
(16/03/2025 06:53:08) Epoch 784 | GT-PSNR: 26.05 | PSNR: 22.19 | SSIM: 0.851 | loss=0.459326
(16/03/2025 06:53:45) Epoch 785 | GT-PSNR: 26.07 | PSNR: 22.07 | SSIM: 0.851 | loss=0.412515
(16/03/2025 06:54:22) Epoch 786 | GT-PSNR: 26.07 | PSNR: 22.05 | SSIM: 0.852 | loss=0.092004
(16/03/2025 06:55:00) Epoch 787 | GT-PSNR: 26.17 | PSNR: 22.29 | SSIM: 0.851 | loss=0.293090
(16/03/2025 06:55:37) Epoch 788 | GT-PSNR: 26.05 | PSNR: 22.31 | SSIM: 0.852 | loss=0.237382
(16/03/2025 06:56:15) Epoch 789 | GT-PSNR: 26.19 | PSNR: 22.26 | SSIM: 0.851 | loss=0.170146
(16/03/2025 06:56:52) Epoch 790 | GT-PSNR: 26.07 | PSNR: 21.96 | SSIM: 0.852 | loss=0.239737
(16/03/2025 06:57:29) Epoch 791 | GT-PSNR: 26.11 | PSNR: 22.02 | SSIM: 0.851 | loss=0.372132
(16/03/2025 06:58:07) Epoch 792 | GT-PSNR: 26.20 | PSNR: 22.13 | SSIM: 0.852 | loss=0.279539
(16/03/2025 06:58:44) Epoch 793 | GT-PSNR: 26.05 | PSNR: 22.06 | SSIM: 0.850 | loss=0.205819
(16/03/2025 06:59:21) Epoch 794 | GT-PSNR: 26.12 | PSNR: 22.07 | SSIM: 0.851 | loss=0.397390
(16/03/2025 06:59:59) Epoch 795 | GT-PSNR: 26.17 | PSNR: 22.20 | SSIM: 0.852 | loss=0.331254
(16/03/2025 07:00:36) Epoch 796 | GT-PSNR: 26.08 | PSNR: 21.94 | SSIM: 0.851 | loss=0.314219
(16/03/2025 07:01:14) Epoch 797 | GT-PSNR: 26.12 | PSNR: 22.13 | SSIM: 0.851 | loss=0.263772
(16/03/2025 07:01:51) Epoch 798 | GT-PSNR: 26.10 | PSNR: 22.21 | SSIM: 0.851 | loss=0.286307
(16/03/2025 07:02:28) Epoch 799 | GT-PSNR: 26.09 | PSNR: 21.88 | SSIM: 0.850 | loss=0.247698
(16/03/2025 07:03:06) Epoch 800 | GT-PSNR: 25.88 | PSNR: 21.97 | SSIM: 0.850 | loss=0.159375
(16/03/2025 07:03:43) Epoch 801 | GT-PSNR: 26.15 | PSNR: 22.14 | SSIM: 0.851 | loss=0.198945
(16/03/2025 07:04:20) Epoch 802 | GT-PSNR: 26.19 | PSNR: 22.06 | SSIM: 0.851 | loss=0.240857
(16/03/2025 07:04:58) Epoch 803 | GT-PSNR: 26.17 | PSNR: 22.13 | SSIM: 0.851 | loss=0.175556
(16/03/2025 07:05:35) Epoch 804 | GT-PSNR: 26.01 | PSNR: 22.01 | SSIM: 0.851 | loss=0.226375
(16/03/2025 07:06:12) Epoch 805 | GT-PSNR: 26.09 | PSNR: 22.10 | SSIM: 0.850 | loss=0.470660
(16/03/2025 07:06:50) Epoch 806 | GT-PSNR: 26.17 | PSNR: 22.17 | SSIM: 0.852 | loss=0.390940
(16/03/2025 07:07:27) Epoch 807 | GT-PSNR: 26.28 | PSNR: 22.28 | SSIM: 0.853 | loss=0.179909
(16/03/2025 07:08:05) Epoch 808 | GT-PSNR: 26.18 | PSNR: 22.26 | SSIM: 0.852 | loss=0.570624
(16/03/2025 07:08:42) Epoch 809 | GT-PSNR: 26.24 | PSNR: 22.29 | SSIM: 0.851 | loss=0.174752
(16/03/2025 07:09:19) Epoch 810 | GT-PSNR: 26.03 | PSNR: 21.88 | SSIM: 0.850 | loss=0.223659
(16/03/2025 07:09:56) Epoch 811 | GT-PSNR: 26.21 | PSNR: 22.17 | SSIM: 0.851 | loss=0.340403
(16/03/2025 07:10:34) Epoch 812 | GT-PSNR: 26.05 | PSNR: 22.14 | SSIM: 0.851 | loss=0.191487
(16/03/2025 07:11:11) Epoch 813 | GT-PSNR: 26.15 | PSNR: 22.30 | SSIM: 0.852 | loss=0.319781
(16/03/2025 07:11:48) Epoch 814 | GT-PSNR: 26.12 | PSNR: 22.16 | SSIM: 0.851 | loss=0.527908
(16/03/2025 07:12:26) Epoch 815 | GT-PSNR: 26.13 | PSNR: 21.99 | SSIM: 0.851 | loss=0.250726
(16/03/2025 07:13:03) Epoch 816 | GT-PSNR: 26.01 | PSNR: 21.94 | SSIM: 0.849 | loss=0.290506
(16/03/2025 07:13:40) Epoch 817 | GT-PSNR: 26.13 | PSNR: 22.37 | SSIM: 0.852 | loss=0.365392
(16/03/2025 07:14:18) Epoch 818 | GT-PSNR: 26.14 | PSNR: 22.18 | SSIM: 0.852 | loss=0.374621
(16/03/2025 07:14:55) Epoch 819 | GT-PSNR: 26.14 | PSNR: 22.28 | SSIM: 0.851 | loss=0.356869
(16/03/2025 07:15:32) Epoch 820 | GT-PSNR: 26.10 | PSNR: 22.23 | SSIM: 0.851 | loss=0.250653
(16/03/2025 07:16:09) Epoch 821 | GT-PSNR: 26.12 | PSNR: 22.08 | SSIM: 0.852 | loss=0.155652
(16/03/2025 07:16:46) Epoch 822 | GT-PSNR: 26.17 | PSNR: 22.30 | SSIM: 0.852 | loss=0.291397
(16/03/2025 07:17:24) Epoch 823 | GT-PSNR: 26.15 | PSNR: 22.15 | SSIM: 0.852 | loss=0.380027
(16/03/2025 07:18:01) Epoch 824 | GT-PSNR: 26.12 | PSNR: 22.12 | SSIM: 0.853 | loss=0.216193
(16/03/2025 07:18:38) Epoch 825 | GT-PSNR: 26.10 | PSNR: 22.10 | SSIM: 0.852 | loss=0.290881
(16/03/2025 07:19:15) Epoch 826 | GT-PSNR: 26.13 | PSNR: 22.06 | SSIM: 0.850 | loss=0.459609
(16/03/2025 07:19:53) Epoch 827 | GT-PSNR: 26.13 | PSNR: 22.26 | SSIM: 0.851 | loss=0.226542
(16/03/2025 07:20:31) Epoch 828 | GT-PSNR: 26.13 | PSNR: 22.09 | SSIM: 0.850 | loss=0.456963
(16/03/2025 07:21:08) Epoch 829 | GT-PSNR: 26.12 | PSNR: 22.14 | SSIM: 0.852 | loss=0.183491
(16/03/2025 07:21:45) Epoch 830 | GT-PSNR: 26.21 | PSNR: 22.39 | SSIM: 0.851 | loss=0.195175
(16/03/2025 07:22:23) Epoch 831 | GT-PSNR: 26.10 | PSNR: 22.15 | SSIM: 0.851 | loss=0.202220
(16/03/2025 07:23:00) Epoch 832 | GT-PSNR: 26.16 | PSNR: 22.05 | SSIM: 0.851 | loss=0.172052
(16/03/2025 07:23:37) Epoch 833 | GT-PSNR: 26.20 | PSNR: 22.13 | SSIM: 0.852 | loss=0.216486
(16/03/2025 07:24:16) Epoch 834 | GT-PSNR: 26.08 | PSNR: 21.96 | SSIM: 0.851 | loss=0.516047
(16/03/2025 07:24:53) Epoch 835 | GT-PSNR: 26.08 | PSNR: 22.01 | SSIM: 0.852 | loss=0.358848
(16/03/2025 07:25:30) Epoch 836 | GT-PSNR: 26.09 | PSNR: 21.91 | SSIM: 0.851 | loss=0.351350
(16/03/2025 07:26:08) Epoch 837 | GT-PSNR: 26.19 | PSNR: 22.19 | SSIM: 0.851 | loss=0.386351
(16/03/2025 07:26:45) Epoch 838 | GT-PSNR: 26.20 | PSNR: 22.19 | SSIM: 0.850 | loss=0.267756
(16/03/2025 07:27:22) Epoch 839 | GT-PSNR: 26.09 | PSNR: 21.91 | SSIM: 0.850 | loss=0.252493
(16/03/2025 07:28:00) Epoch 840 | GT-PSNR: 26.07 | PSNR: 22.19 | SSIM: 0.852 | loss=0.325014
(16/03/2025 07:28:37) Epoch 841 | GT-PSNR: 26.17 | PSNR: 22.11 | SSIM: 0.852 | loss=0.318848
(16/03/2025 07:29:14) Epoch 842 | GT-PSNR: 26.13 | PSNR: 22.14 | SSIM: 0.852 | loss=0.190552
(16/03/2025 07:29:52) Epoch 843 | GT-PSNR: 26.21 | PSNR: 22.34 | SSIM: 0.852 | loss=0.399488
(16/03/2025 07:30:29) Epoch 844 | GT-PSNR: 26.10 | PSNR: 22.13 | SSIM: 0.851 | loss=0.270289
(16/03/2025 07:31:07) Epoch 845 | GT-PSNR: 26.17 | PSNR: 22.20 | SSIM: 0.852 | loss=0.246484
(16/03/2025 07:31:44) Epoch 846 | GT-PSNR: 26.09 | PSNR: 22.25 | SSIM: 0.851 | loss=0.261904
(16/03/2025 07:32:22) Epoch 847 | GT-PSNR: 26.02 | PSNR: 22.00 | SSIM: 0.850 | loss=0.403843
(16/03/2025 07:32:59) Epoch 848 | GT-PSNR: 26.17 | PSNR: 22.05 | SSIM: 0.851 | loss=0.391256
(16/03/2025 07:33:37) Epoch 849 | GT-PSNR: 26.24 | PSNR: 22.25 | SSIM: 0.852 | loss=0.471444
(16/03/2025 07:34:14) Epoch 850 | GT-PSNR: 26.12 | PSNR: 22.07 | SSIM: 0.851 | loss=0.306799
(16/03/2025 07:34:51) Epoch 851 | GT-PSNR: 26.20 | PSNR: 22.22 | SSIM: 0.851 | loss=0.304912
(16/03/2025 07:35:29) Epoch 852 | GT-PSNR: 26.06 | PSNR: 21.96 | SSIM: 0.851 | loss=0.248165
(16/03/2025 07:36:06) Epoch 853 | GT-PSNR: 26.14 | PSNR: 22.03 | SSIM: 0.851 | loss=0.221192
(16/03/2025 07:36:43) Epoch 854 | GT-PSNR: 26.14 | PSNR: 21.98 | SSIM: 0.852 | loss=0.334553
(16/03/2025 07:37:21) Epoch 855 | GT-PSNR: 26.12 | PSNR: 21.94 | SSIM: 0.851 | loss=0.332158
(16/03/2025 07:37:58) Epoch 856 | GT-PSNR: 26.13 | PSNR: 21.98 | SSIM: 0.851 | loss=0.193691
(16/03/2025 07:38:35) Epoch 857 | GT-PSNR: 26.10 | PSNR: 21.88 | SSIM: 0.851 | loss=0.112955
(16/03/2025 07:39:13) Epoch 858 | GT-PSNR: 26.13 | PSNR: 22.04 | SSIM: 0.851 | loss=0.334948
(16/03/2025 07:39:52) Epoch 859 | GT-PSNR: 26.13 | PSNR: 22.08 | SSIM: 0.851 | loss=0.135485
(16/03/2025 07:40:29) Epoch 860 | GT-PSNR: 26.17 | PSNR: 22.19 | SSIM: 0.851 | loss=0.159841
(16/03/2025 07:41:07) Epoch 861 | GT-PSNR: 26.13 | PSNR: 22.08 | SSIM: 0.852 | loss=0.449194
(16/03/2025 07:41:44) Epoch 862 | GT-PSNR: 26.02 | PSNR: 21.84 | SSIM: 0.851 | loss=0.306465
(16/03/2025 07:42:22) Epoch 863 | GT-PSNR: 26.10 | PSNR: 22.01 | SSIM: 0.850 | loss=0.296005
(16/03/2025 07:42:59) Epoch 864 | GT-PSNR: 26.15 | PSNR: 22.12 | SSIM: 0.851 | loss=0.324338
(16/03/2025 07:43:37) Epoch 865 | GT-PSNR: 26.10 | PSNR: 22.02 | SSIM: 0.851 | loss=0.219399
(16/03/2025 07:44:14) Epoch 866 | GT-PSNR: 26.16 | PSNR: 22.09 | SSIM: 0.852 | loss=0.218178
(16/03/2025 07:44:52) Epoch 867 | GT-PSNR: 26.19 | PSNR: 22.19 | SSIM: 0.851 | loss=0.261586
(16/03/2025 07:45:29) Epoch 868 | GT-PSNR: 26.13 | PSNR: 22.03 | SSIM: 0.851 | loss=0.149730
(16/03/2025 07:46:07) Epoch 869 | GT-PSNR: 26.21 | PSNR: 22.19 | SSIM: 0.851 | loss=0.316198
(16/03/2025 07:46:44) Epoch 870 | GT-PSNR: 26.14 | PSNR: 22.14 | SSIM: 0.852 | loss=0.166447
(16/03/2025 07:47:22) Epoch 871 | GT-PSNR: 26.18 | PSNR: 22.26 | SSIM: 0.852 | loss=0.432346
(16/03/2025 07:47:59) Epoch 872 | GT-PSNR: 26.13 | PSNR: 22.03 | SSIM: 0.851 | loss=0.466888
(16/03/2025 07:48:37) Epoch 873 | GT-PSNR: 26.14 | PSNR: 22.14 | SSIM: 0.851 | loss=0.294488
(16/03/2025 07:49:14) Epoch 874 | GT-PSNR: 26.13 | PSNR: 22.03 | SSIM: 0.851 | loss=0.189522
(16/03/2025 07:49:52) Epoch 875 | GT-PSNR: 26.09 | PSNR: 22.08 | SSIM: 0.851 | loss=0.209236
(16/03/2025 07:50:29) Epoch 876 | GT-PSNR: 26.22 | PSNR: 22.20 | SSIM: 0.851 | loss=0.392992
(16/03/2025 07:51:07) Epoch 877 | GT-PSNR: 26.13 | PSNR: 22.05 | SSIM: 0.851 | loss=0.130955
(16/03/2025 07:51:44) Epoch 878 | GT-PSNR: 26.09 | PSNR: 22.06 | SSIM: 0.851 | loss=0.265391
(16/03/2025 07:52:21) Epoch 879 | GT-PSNR: 26.15 | PSNR: 22.10 | SSIM: 0.851 | loss=0.441109
(16/03/2025 07:52:59) Epoch 880 | GT-PSNR: 26.14 | PSNR: 22.06 | SSIM: 0.852 | loss=0.415444
(16/03/2025 07:53:36) Epoch 881 | GT-PSNR: 26.13 | PSNR: 22.06 | SSIM: 0.851 | loss=0.204814
(16/03/2025 07:54:13) Epoch 882 | GT-PSNR: 26.14 | PSNR: 22.01 | SSIM: 0.852 | loss=0.305796
(16/03/2025 07:54:51) Epoch 883 | GT-PSNR: 26.13 | PSNR: 21.97 | SSIM: 0.850 | loss=0.221363
(16/03/2025 07:55:28) Epoch 884 | GT-PSNR: 26.07 | PSNR: 21.99 | SSIM: 0.851 | loss=0.172126
(16/03/2025 07:56:06) Epoch 885 | GT-PSNR: 26.13 | PSNR: 22.05 | SSIM: 0.851 | loss=0.264505
(16/03/2025 07:56:43) Epoch 886 | GT-PSNR: 26.14 | PSNR: 22.18 | SSIM: 0.851 | loss=0.217360
(16/03/2025 07:57:21) Epoch 887 | GT-PSNR: 26.12 | PSNR: 22.06 | SSIM: 0.851 | loss=0.251028
(16/03/2025 07:57:58) Epoch 888 | GT-PSNR: 26.07 | PSNR: 21.99 | SSIM: 0.850 | loss=0.125486
(16/03/2025 07:58:35) Epoch 889 | GT-PSNR: 26.16 | PSNR: 22.20 | SSIM: 0.852 | loss=0.313825
(16/03/2025 07:59:13) Epoch 890 | GT-PSNR: 26.20 | PSNR: 22.16 | SSIM: 0.851 | loss=0.325111
(16/03/2025 07:59:51) Epoch 891 | GT-PSNR: 26.16 | PSNR: 22.11 | SSIM: 0.851 | loss=0.190512
(16/03/2025 08:00:28) Epoch 892 | GT-PSNR: 26.18 | PSNR: 22.11 | SSIM: 0.851 | loss=0.281295
(16/03/2025 08:01:06) Epoch 893 | GT-PSNR: 26.15 | PSNR: 22.20 | SSIM: 0.852 | loss=0.314089
(16/03/2025 08:01:43) Epoch 894 | GT-PSNR: 26.14 | PSNR: 22.11 | SSIM: 0.851 | loss=0.274296
(16/03/2025 08:02:21) Epoch 895 | GT-PSNR: 26.05 | PSNR: 21.99 | SSIM: 0.851 | loss=0.132285
(16/03/2025 08:02:58) Epoch 896 | GT-PSNR: 26.15 | PSNR: 22.07 | SSIM: 0.851 | loss=0.285471
(16/03/2025 08:03:36) Epoch 897 | GT-PSNR: 26.15 | PSNR: 22.10 | SSIM: 0.851 | loss=0.281052
(16/03/2025 08:04:13) Epoch 898 | GT-PSNR: 26.11 | PSNR: 22.02 | SSIM: 0.850 | loss=0.417156
(16/03/2025 08:04:50) Epoch 899 | GT-PSNR: 26.09 | PSNR: 21.98 | SSIM: 0.851 | loss=0.356998
(16/03/2025 08:05:28) Epoch 900 | GT-PSNR: 26.13 | PSNR: 22.10 | SSIM: 0.852 | loss=0.244239
(16/03/2025 08:06:05) Epoch 901 | GT-PSNR: 26.08 | PSNR: 22.01 | SSIM: 0.851 | loss=0.270231
(16/03/2025 08:06:43) Epoch 902 | GT-PSNR: 26.18 | PSNR: 22.13 | SSIM: 0.851 | loss=0.302299
(16/03/2025 08:07:21) Epoch 903 | GT-PSNR: 26.14 | PSNR: 22.14 | SSIM: 0.852 | loss=0.292803
(16/03/2025 08:07:58) Epoch 904 | GT-PSNR: 26.18 | PSNR: 22.15 | SSIM: 0.851 | loss=0.124485
(16/03/2025 08:08:36) Epoch 905 | GT-PSNR: 26.12 | PSNR: 22.11 | SSIM: 0.852 | loss=0.367090
(16/03/2025 08:09:13) Epoch 906 | GT-PSNR: 26.17 | PSNR: 22.15 | SSIM: 0.851 | loss=0.469958
(16/03/2025 08:09:51) Epoch 907 | GT-PSNR: 26.07 | PSNR: 21.98 | SSIM: 0.851 | loss=0.355448
(16/03/2025 08:10:29) Epoch 908 | GT-PSNR: 26.09 | PSNR: 21.96 | SSIM: 0.851 | loss=0.151319
(16/03/2025 08:11:06) Epoch 909 | GT-PSNR: 26.11 | PSNR: 22.07 | SSIM: 0.851 | loss=0.314108
(16/03/2025 08:11:44) Epoch 910 | GT-PSNR: 26.14 | PSNR: 22.04 | SSIM: 0.851 | loss=0.374408
(16/03/2025 08:12:22) Epoch 911 | GT-PSNR: 26.07 | PSNR: 21.98 | SSIM: 0.851 | loss=0.381050
(16/03/2025 08:12:59) Epoch 912 | GT-PSNR: 26.11 | PSNR: 22.12 | SSIM: 0.851 | loss=0.258813
(16/03/2025 08:13:37) Epoch 913 | GT-PSNR: 26.10 | PSNR: 22.08 | SSIM: 0.851 | loss=0.308256
(16/03/2025 08:14:15) Epoch 914 | GT-PSNR: 26.11 | PSNR: 22.10 | SSIM: 0.851 | loss=0.259517
(16/03/2025 08:14:52) Epoch 915 | GT-PSNR: 26.15 | PSNR: 22.16 | SSIM: 0.851 | loss=0.158255
(16/03/2025 08:15:30) Epoch 916 | GT-PSNR: 26.13 | PSNR: 22.08 | SSIM: 0.851 | loss=0.295711
(16/03/2025 08:16:07) Epoch 917 | GT-PSNR: 26.05 | PSNR: 22.02 | SSIM: 0.851 | loss=0.272824
(16/03/2025 08:16:45) Epoch 918 | GT-PSNR: 26.15 | PSNR: 22.13 | SSIM: 0.851 | loss=0.281948
(16/03/2025 08:17:22) Epoch 919 | GT-PSNR: 26.15 | PSNR: 22.12 | SSIM: 0.851 | loss=0.165553
(16/03/2025 08:18:00) Epoch 920 | GT-PSNR: 26.09 | PSNR: 22.07 | SSIM: 0.851 | loss=0.373193
(16/03/2025 08:18:37) Epoch 921 | GT-PSNR: 26.15 | PSNR: 22.19 | SSIM: 0.851 | loss=0.298665
(16/03/2025 08:19:15) Epoch 922 | GT-PSNR: 26.12 | PSNR: 22.09 | SSIM: 0.851 | loss=0.294808
(16/03/2025 08:19:52) Epoch 923 | GT-PSNR: 26.17 | PSNR: 22.15 | SSIM: 0.851 | loss=0.275259
(16/03/2025 08:20:30) Epoch 924 | GT-PSNR: 26.15 | PSNR: 22.15 | SSIM: 0.851 | loss=0.289210
(16/03/2025 08:21:07) Epoch 925 | GT-PSNR: 26.10 | PSNR: 22.06 | SSIM: 0.852 | loss=0.204284
(16/03/2025 08:21:45) Epoch 926 | GT-PSNR: 26.09 | PSNR: 22.00 | SSIM: 0.851 | loss=0.301020
(16/03/2025 08:22:23) Epoch 927 | GT-PSNR: 26.12 | PSNR: 21.99 | SSIM: 0.851 | loss=0.374572
(16/03/2025 08:23:00) Epoch 928 | GT-PSNR: 26.09 | PSNR: 21.99 | SSIM: 0.851 | loss=0.306993
(16/03/2025 08:23:38) Epoch 929 | GT-PSNR: 26.11 | PSNR: 21.98 | SSIM: 0.851 | loss=0.360277
(16/03/2025 08:24:16) Epoch 930 | GT-PSNR: 26.12 | PSNR: 22.08 | SSIM: 0.851 | loss=0.309634
(16/03/2025 08:24:54) Epoch 931 | GT-PSNR: 26.09 | PSNR: 22.01 | SSIM: 0.851 | loss=0.265939
(16/03/2025 08:25:32) Epoch 932 | GT-PSNR: 26.12 | PSNR: 22.07 | SSIM: 0.851 | loss=0.195011
(16/03/2025 08:26:09) Epoch 933 | GT-PSNR: 26.12 | PSNR: 22.08 | SSIM: 0.851 | loss=0.319840
(16/03/2025 08:26:47) Epoch 934 | GT-PSNR: 26.13 | PSNR: 22.06 | SSIM: 0.852 | loss=0.230106
(16/03/2025 08:27:24) Epoch 935 | GT-PSNR: 26.14 | PSNR: 22.07 | SSIM: 0.851 | loss=0.366108
(16/03/2025 08:28:02) Epoch 936 | GT-PSNR: 26.11 | PSNR: 22.02 | SSIM: 0.851 | loss=0.411309
(16/03/2025 08:28:40) Epoch 937 | GT-PSNR: 26.16 | PSNR: 22.09 | SSIM: 0.851 | loss=0.310400
(16/03/2025 08:29:18) Epoch 938 | GT-PSNR: 26.11 | PSNR: 22.04 | SSIM: 0.851 | loss=0.305006
(16/03/2025 08:29:56) Epoch 939 | GT-PSNR: 26.09 | PSNR: 21.95 | SSIM: 0.850 | loss=0.377959
(16/03/2025 08:30:33) Epoch 940 | GT-PSNR: 26.12 | PSNR: 22.02 | SSIM: 0.851 | loss=0.255474
(16/03/2025 08:31:11) Epoch 941 | GT-PSNR: 26.12 | PSNR: 22.01 | SSIM: 0.851 | loss=0.294071
(16/03/2025 08:31:48) Epoch 942 | GT-PSNR: 26.12 | PSNR: 22.04 | SSIM: 0.851 | loss=0.163096
(16/03/2025 08:32:26) Epoch 943 | GT-PSNR: 26.14 | PSNR: 22.11 | SSIM: 0.851 | loss=0.219527
(16/03/2025 08:33:03) Epoch 944 | GT-PSNR: 26.11 | PSNR: 22.05 | SSIM: 0.851 | loss=0.299025
(16/03/2025 08:33:41) Epoch 945 | GT-PSNR: 26.10 | PSNR: 21.99 | SSIM: 0.851 | loss=0.411953
(16/03/2025 08:34:19) Epoch 946 | GT-PSNR: 26.11 | PSNR: 22.00 | SSIM: 0.851 | loss=0.309500
(16/03/2025 08:34:57) Epoch 947 | GT-PSNR: 26.15 | PSNR: 22.07 | SSIM: 0.851 | loss=0.267762
(16/03/2025 08:35:35) Epoch 948 | GT-PSNR: 26.13 | PSNR: 22.09 | SSIM: 0.851 | loss=0.306675
(16/03/2025 08:36:13) Epoch 949 | GT-PSNR: 26.13 | PSNR: 22.06 | SSIM: 0.851 | loss=0.214211
(16/03/2025 08:36:51) Epoch 950 | GT-PSNR: 26.13 | PSNR: 22.09 | SSIM: 0.851 | loss=1.256556
(16/03/2025 08:37:29) Epoch 951 | GT-PSNR: 26.14 | PSNR: 22.10 | SSIM: 0.851 | loss=0.242156
(16/03/2025 08:38:08) Epoch 952 | GT-PSNR: 26.13 | PSNR: 22.09 | SSIM: 0.851 | loss=0.368134
(16/03/2025 08:38:46) Epoch 953 | GT-PSNR: 26.14 | PSNR: 22.13 | SSIM: 0.851 | loss=0.212637
(16/03/2025 08:39:24) Epoch 954 | GT-PSNR: 26.15 | PSNR: 22.13 | SSIM: 0.851 | loss=0.154099
(16/03/2025 08:40:02) Epoch 955 | GT-PSNR: 26.13 | PSNR: 22.14 | SSIM: 0.851 | loss=0.400747
(16/03/2025 08:40:40) Epoch 956 | GT-PSNR: 26.11 | PSNR: 22.10 | SSIM: 0.852 | loss=0.232762
(16/03/2025 08:41:18) Epoch 957 | GT-PSNR: 26.13 | PSNR: 22.13 | SSIM: 0.851 | loss=0.333346
(16/03/2025 08:41:56) Epoch 958 | GT-PSNR: 26.12 | PSNR: 22.10 | SSIM: 0.852 | loss=0.266530
(16/03/2025 08:42:34) Epoch 959 | GT-PSNR: 26.12 | PSNR: 22.08 | SSIM: 0.851 | loss=0.450302
(16/03/2025 08:43:13) Epoch 960 | GT-PSNR: 26.11 | PSNR: 22.07 | SSIM: 0.851 | loss=0.347887
(16/03/2025 08:43:51) Epoch 961 | GT-PSNR: 26.11 | PSNR: 22.09 | SSIM: 0.851 | loss=0.307096
(16/03/2025 08:44:29) Epoch 962 | GT-PSNR: 26.11 | PSNR: 22.10 | SSIM: 0.851 | loss=0.369569
(16/03/2025 08:45:07) Epoch 963 | GT-PSNR: 26.11 | PSNR: 22.07 | SSIM: 0.851 | loss=0.286900
(16/03/2025 08:45:46) Epoch 964 | GT-PSNR: 26.11 | PSNR: 22.08 | SSIM: 0.851 | loss=0.334053
(16/03/2025 08:46:24) Epoch 965 | GT-PSNR: 26.12 | PSNR: 22.09 | SSIM: 0.851 | loss=0.526883
(16/03/2025 08:47:03) Epoch 966 | GT-PSNR: 26.11 | PSNR: 22.10 | SSIM: 0.851 | loss=0.228173
(16/03/2025 08:47:41) Epoch 967 | GT-PSNR: 26.13 | PSNR: 22.15 | SSIM: 0.851 | loss=0.280339
(16/03/2025 08:48:19) Epoch 968 | GT-PSNR: 26.11 | PSNR: 22.09 | SSIM: 0.851 | loss=0.776589
(16/03/2025 08:48:58) Epoch 969 | GT-PSNR: 26.11 | PSNR: 22.07 | SSIM: 0.851 | loss=0.347675
(16/03/2025 08:49:36) Epoch 970 | GT-PSNR: 26.10 | PSNR: 22.07 | SSIM: 0.851 | loss=0.388099
(16/03/2025 08:50:14) Epoch 971 | GT-PSNR: 26.07 | PSNR: 22.01 | SSIM: 0.851 | loss=0.247764
(16/03/2025 08:50:53) Epoch 972 | GT-PSNR: 26.11 | PSNR: 22.07 | SSIM: 0.851 | loss=0.400767
(16/03/2025 08:51:31) Epoch 973 | GT-PSNR: 26.11 | PSNR: 22.09 | SSIM: 0.851 | loss=0.427084
(16/03/2025 08:52:09) Epoch 974 | GT-PSNR: 26.12 | PSNR: 22.11 | SSIM: 0.851 | loss=0.374638
(16/03/2025 08:52:48) Epoch 975 | GT-PSNR: 26.14 | PSNR: 22.11 | SSIM: 0.851 | loss=0.233740
(16/03/2025 08:53:26) Epoch 976 | GT-PSNR: 26.13 | PSNR: 22.10 | SSIM: 0.851 | loss=0.114194
(16/03/2025 08:54:05) Epoch 977 | GT-PSNR: 26.14 | PSNR: 22.11 | SSIM: 0.851 | loss=0.191057
(16/03/2025 08:54:43) Epoch 978 | GT-PSNR: 26.12 | PSNR: 22.08 | SSIM: 0.851 | loss=0.178794
(16/03/2025 08:55:21) Epoch 979 | GT-PSNR: 26.13 | PSNR: 22.10 | SSIM: 0.851 | loss=0.140580
(16/03/2025 08:56:00) Epoch 980 | GT-PSNR: 26.11 | PSNR: 22.08 | SSIM: 0.851 | loss=0.121312
(16/03/2025 08:56:38) Epoch 981 | GT-PSNR: 26.12 | PSNR: 22.08 | SSIM: 0.851 | loss=0.372521
(16/03/2025 08:57:16) Epoch 982 | GT-PSNR: 26.11 | PSNR: 22.06 | SSIM: 0.851 | loss=0.506341
(16/03/2025 08:57:55) Epoch 983 | GT-PSNR: 26.09 | PSNR: 22.02 | SSIM: 0.851 | loss=0.290118
(16/03/2025 08:58:33) Epoch 984 | GT-PSNR: 26.12 | PSNR: 22.07 | SSIM: 0.851 | loss=0.209937
(16/03/2025 08:59:11) Epoch 985 | GT-PSNR: 26.13 | PSNR: 22.07 | SSIM: 0.851 | loss=0.233644
(16/03/2025 08:59:50) Epoch 986 | GT-PSNR: 26.12 | PSNR: 22.05 | SSIM: 0.851 | loss=0.207959
(16/03/2025 09:00:28) Epoch 987 | GT-PSNR: 26.12 | PSNR: 22.07 | SSIM: 0.851 | loss=0.293509
(16/03/2025 09:01:07) Epoch 988 | GT-PSNR: 26.12 | PSNR: 22.07 | SSIM: 0.851 | loss=0.304946
(16/03/2025 09:01:45) Epoch 989 | GT-PSNR: 26.12 | PSNR: 22.06 | SSIM: 0.851 | loss=0.534300
(16/03/2025 09:02:23) Epoch 990 | GT-PSNR: 26.11 | PSNR: 22.04 | SSIM: 0.851 | loss=0.162476
(16/03/2025 09:03:02) Epoch 991 | GT-PSNR: 26.12 | PSNR: 22.07 | SSIM: 0.851 | loss=0.131551
(16/03/2025 09:03:40) Epoch 992 | GT-PSNR: 26.12 | PSNR: 22.06 | SSIM: 0.851 | loss=0.306446
(16/03/2025 09:04:19) Epoch 993 | GT-PSNR: 26.12 | PSNR: 22.04 | SSIM: 0.851 | loss=0.195758
(16/03/2025 09:04:57) Epoch 994 | GT-PSNR: 26.11 | PSNR: 22.04 | SSIM: 0.851 | loss=0.292581
(16/03/2025 09:05:35) Epoch 995 | GT-PSNR: 26.10 | PSNR: 22.02 | SSIM: 0.851 | loss=0.246476
(16/03/2025 09:06:14) Epoch 996 | GT-PSNR: 26.11 | PSNR: 22.04 | SSIM: 0.851 | loss=0.300046
(16/03/2025 09:06:52) Epoch 997 | GT-PSNR: 26.11 | PSNR: 22.03 | SSIM: 0.851 | loss=0.326473
(16/03/2025 09:07:30) Epoch 998 | GT-PSNR: 26.12 | PSNR: 22.05 | SSIM: 0.851 | loss=0.252392
(16/03/2025 09:08:08) Epoch 999 | GT-PSNR: 26.13 | PSNR: 22.06 | SSIM: 0.851 | loss=0.115788
(16/03/2025 09:08:47) Epoch 1000 | GT-PSNR: 26.14 | PSNR: 22.08 | SSIM: 0.851 | loss=0.105765
