2025-03-14 11:11:54,817 - INFO - Train loader: 485; Test loader: 15
2025-03-14 11:11:54,817 - INFO - LR: 0.0002; Epochs: 1500
2025-03-14 11:11:54,836 - INFO - LYT(
  (process_y): Sequential(
    (0): Conv2d(1, 32, kernel_size=(3, 3), stride=(1, 1), padding=(1, 1))
    (1): ReLU(inplace=True)
  )
  (process_cb): Sequential(
    (0): Conv2d(1, 32, kernel_size=(3, 3), stride=(1, 1), padding=(1, 1))
    (1): ReLU(inplace=True)
  )
  (process_cr): Sequential(
    (0): Conv2d(1, 32, kernel_size=(3, 3), stride=(1, 1), padding=(1, 1))
    (1): ReLU(inplace=True)
  )
  (denoiser_cb): Denoiser(
    (conv1): Conv2d(1, 16, kernel_size=(3, 3), stride=(1, 1), padding=(1, 1))
    (conv2): Conv2d(16, 16, kernel_size=(3, 3), stride=(2, 2), padding=(1, 1))
    (conv3): Conv2d(16, 16, kernel_size=(3, 3), stride=(2, 2), padding=(1, 1))
    (conv4): Conv2d(16, 16, kernel_size=(3, 3), stride=(2, 2), padding=(1, 1))
    (bottleneck): MultiHeadSelfAttention(
      (query_dense): Linear(in_features=16, out_features=16, bias=True)
      (key_dense): Linear(in_features=16, out_features=16, bias=True)
      (value_dense): Linear(in_features=16, out_features=16, bias=True)
      (combine_heads): Linear(in_features=16, out_features=16, bias=True)
    )
    (up2): Upsample(scale_factor=2.0, mode=nearest)
    (up3): Upsample(scale_factor=2.0, mode=nearest)
    (up4): Upsample(scale_factor=2.0, mode=nearest)
    (output_layer): Conv2d(1, 1, kernel_size=(3, 3), stride=(1, 1), padding=(1, 1))
    (res_layer): Conv2d(16, 1, kernel_size=(3, 3), stride=(1, 1), padding=(1, 1))
  )
  (denoiser_cr): Denoiser(
    (conv1): Conv2d(1, 16, kernel_size=(3, 3), stride=(1, 1), padding=(1, 1))
    (conv2): Conv2d(16, 16, kernel_size=(3, 3), stride=(2, 2), padding=(1, 1))
    (conv3): Conv2d(16, 16, kernel_size=(3, 3), stride=(2, 2), padding=(1, 1))
    (conv4): Conv2d(16, 16, kernel_size=(3, 3), stride=(2, 2), padding=(1, 1))
    (bottleneck): MultiHeadSelfAttention(
      (query_dense): Linear(in_features=16, out_features=16, bias=True)
      (key_dense): Linear(in_features=16, out_features=16, bias=True)
      (value_dense): Linear(in_features=16, out_features=16, bias=True)
      (combine_heads): Linear(in_features=16, out_features=16, bias=True)
    )
    (up2): Upsample(scale_factor=2.0, mode=nearest)
    (up3): Upsample(scale_factor=2.0, mode=nearest)
    (up4): Upsample(scale_factor=2.0, mode=nearest)
    (output_layer): Conv2d(1, 1, kernel_size=(3, 3), stride=(1, 1), padding=(1, 1))
    (res_layer): Conv2d(16, 1, kernel_size=(3, 3), stride=(1, 1), padding=(1, 1))
  )
  (lum_pool): MaxPool2d(kernel_size=8, stride=8, padding=0, dilation=1, ceil_mode=False)
  (lum_mhsa): MultiHeadSelfAttention(
    (query_dense): Linear(in_features=32, out_features=32, bias=True)
    (key_dense): Linear(in_features=32, out_features=32, bias=True)
    (value_dense): Linear(in_features=32, out_features=32, bias=True)
    (combine_heads): Linear(in_features=32, out_features=32, bias=True)
  )
  (lum_up): Upsample(scale_factor=8.0, mode=nearest)
  (lum_conv): Conv2d(32, 32, kernel_size=(1, 1), stride=(1, 1))
  (ref_conv): Conv2d(64, 32, kernel_size=(1, 1), stride=(1, 1))
  (msef): MSEFBlock(
    (layer_norm): LayerNormalization(
      (norm): LayerNorm((32,), eps=1e-05, elementwise_affine=True)
    )
    (depthwise_conv): Conv2d(32, 32, kernel_size=(3, 3), stride=(1, 1), padding=(1, 1), groups=32)
    (se_attn): SEBlock(
      (pool): AdaptiveAvgPool2d(output_size=1)
      (fc1): Linear(in_features=32, out_features=2, bias=True)
      (fc2): Linear(in_features=2, out_features=32, bias=True)
    )
  )
  (recombine): Conv2d(64, 32, kernel_size=(3, 3), stride=(1, 1), padding=(1, 1))
  (final_adjustments): Conv2d(32, 3, kernel_size=(3, 3), stride=(1, 1), padding=(1, 1))
  (rgb_hvi): RGB_HVI()
)
2025-03-14 11:11:56,365 - INFO - Training started.
2025-03-14 11:12:49,011 - INFO - Epoch 1/1500, PSNR: 21.345230, SSIM: 0.656794, LR: 2.000e-04
2025-03-14 11:12:49,108 - INFO - Saving model with PSNR: 21.345230
2025-03-14 11:13:37,522 - INFO - Epoch 2/1500, PSNR: 22.422865, SSIM: 0.716755, LR: 2.000e-04
2025-03-14 11:13:37,625 - INFO - Saving model with PSNR: 22.422865
2025-03-14 11:14:26,601 - INFO - Epoch 3/1500, PSNR: 21.334630, SSIM: 0.735200, LR: 2.000e-04
2025-03-14 11:15:15,919 - INFO - Epoch 4/1500, PSNR: 22.930037, SSIM: 0.758007, LR: 2.000e-04
2025-03-14 11:15:16,020 - INFO - Saving model with PSNR: 22.930037
2025-03-14 11:16:04,102 - INFO - Epoch 5/1500, PSNR: 22.403910, SSIM: 0.753255, LR: 2.000e-04
2025-03-14 11:16:51,686 - INFO - Epoch 6/1500, PSNR: 23.561288, SSIM: 0.772078, LR: 2.000e-04
2025-03-14 11:16:51,789 - INFO - Saving model with PSNR: 23.561288
2025-03-14 11:17:39,816 - INFO - Epoch 7/1500, PSNR: 23.580993, SSIM: 0.773664, LR: 2.000e-04
2025-03-14 11:17:39,913 - INFO - Saving model with PSNR: 23.580993
2025-03-14 11:18:27,932 - INFO - Epoch 8/1500, PSNR: 23.702415, SSIM: 0.771830, LR: 2.000e-04
2025-03-14 11:18:28,036 - INFO - Saving model with PSNR: 23.702415
2025-03-14 11:19:16,071 - INFO - Epoch 9/1500, PSNR: 23.873479, SSIM: 0.776750, LR: 2.000e-04
2025-03-14 11:19:16,172 - INFO - Saving model with PSNR: 23.873479
2025-03-14 11:20:03,769 - INFO - Epoch 10/1500, PSNR: 24.388724, SSIM: 0.782812, LR: 2.000e-04
2025-03-14 11:20:03,873 - INFO - Saving model with PSNR: 24.388724
2025-03-14 11:20:51,622 - INFO - Epoch 11/1500, PSNR: 24.501362, SSIM: 0.783215, LR: 2.000e-04
2025-03-14 11:20:51,721 - INFO - Saving model with PSNR: 24.501362
2025-03-14 11:21:39,694 - INFO - Epoch 12/1500, PSNR: 23.962420, SSIM: 0.782274, LR: 2.000e-04
2025-03-14 11:22:27,401 - INFO - Epoch 13/1500, PSNR: 24.371438, SSIM: 0.786865, LR: 2.000e-04
2025-03-14 11:23:15,045 - INFO - Epoch 14/1500, PSNR: 24.280825, SSIM: 0.778772, LR: 2.000e-04
2025-03-14 11:24:02,937 - INFO - Epoch 15/1500, PSNR: 24.143936, SSIM: 0.782486, LR: 2.000e-04
2025-03-14 11:24:50,232 - INFO - Epoch 16/1500, PSNR: 24.604908, SSIM: 0.784467, LR: 2.000e-04
2025-03-14 11:24:50,335 - INFO - Saving model with PSNR: 24.604908
2025-03-14 11:25:38,235 - INFO - Epoch 17/1500, PSNR: 24.951409, SSIM: 0.791618, LR: 2.000e-04
2025-03-14 11:25:38,337 - INFO - Saving model with PSNR: 24.951409
2025-03-14 11:26:25,973 - INFO - Epoch 18/1500, PSNR: 24.504700, SSIM: 0.788284, LR: 2.000e-04
2025-03-14 11:27:13,577 - INFO - Epoch 19/1500, PSNR: 24.573091, SSIM: 0.788457, LR: 2.000e-04
2025-03-14 11:28:01,192 - INFO - Epoch 20/1500, PSNR: 24.622603, SSIM: 0.792995, LR: 2.000e-04
2025-03-14 11:28:48,815 - INFO - Epoch 21/1500, PSNR: 24.555525, SSIM: 0.791734, LR: 2.000e-04
2025-03-14 11:29:36,085 - INFO - Epoch 22/1500, PSNR: 24.988601, SSIM: 0.794486, LR: 2.000e-04
2025-03-14 11:29:36,184 - INFO - Saving model with PSNR: 24.988601
2025-03-14 11:30:23,556 - INFO - Epoch 23/1500, PSNR: 24.952120, SSIM: 0.796194, LR: 2.000e-04
2025-03-14 11:31:10,975 - INFO - Epoch 24/1500, PSNR: 24.955049, SSIM: 0.796370, LR: 2.000e-04
2025-03-14 11:31:58,209 - INFO - Epoch 25/1500, PSNR: 24.876808, SSIM: 0.796757, LR: 2.000e-04
2025-03-14 11:32:45,560 - INFO - Epoch 26/1500, PSNR: 24.921247, SSIM: 0.800492, LR: 2.000e-04
2025-03-14 11:33:33,083 - INFO - Epoch 27/1500, PSNR: 25.268783, SSIM: 0.799507, LR: 2.000e-04
2025-03-14 11:33:33,188 - INFO - Saving model with PSNR: 25.268783
2025-03-14 11:34:20,671 - INFO - Epoch 28/1500, PSNR: 25.141083, SSIM: 0.800439, LR: 2.000e-04
2025-03-14 11:35:08,088 - INFO - Epoch 29/1500, PSNR: 24.653414, SSIM: 0.796263, LR: 2.000e-04
2025-03-14 11:35:55,754 - INFO - Epoch 30/1500, PSNR: 24.946373, SSIM: 0.800348, LR: 2.000e-04
2025-03-14 11:36:43,412 - INFO - Epoch 31/1500, PSNR: 25.063511, SSIM: 0.801611, LR: 2.000e-04
2025-03-14 11:37:30,896 - INFO - Epoch 32/1500, PSNR: 25.338110, SSIM: 0.801425, LR: 2.000e-04
2025-03-14 11:37:30,992 - INFO - Saving model with PSNR: 25.338110
2025-03-14 11:38:18,677 - INFO - Epoch 33/1500, PSNR: 25.148532, SSIM: 0.801575, LR: 2.000e-04
2025-03-14 11:39:06,777 - INFO - Epoch 34/1500, PSNR: 25.030554, SSIM: 0.802474, LR: 2.000e-04
2025-03-14 11:39:54,211 - INFO - Epoch 35/1500, PSNR: 25.281573, SSIM: 0.804925, LR: 2.000e-04
2025-03-14 11:40:41,544 - INFO - Epoch 36/1500, PSNR: 25.009781, SSIM: 0.797245, LR: 2.000e-04
2025-03-14 11:41:29,446 - INFO - Epoch 37/1500, PSNR: 25.235826, SSIM: 0.804852, LR: 2.000e-04
2025-03-14 11:42:17,574 - INFO - Epoch 38/1500, PSNR: 25.366777, SSIM: 0.806137, LR: 2.000e-04
2025-03-14 11:42:17,671 - INFO - Saving model with PSNR: 25.366777
2025-03-14 11:43:05,553 - INFO - Epoch 39/1500, PSNR: 24.138996, SSIM: 0.801268, LR: 2.000e-04
2025-03-14 11:43:53,508 - INFO - Epoch 40/1500, PSNR: 24.971207, SSIM: 0.795428, LR: 2.000e-04
2025-03-14 11:44:41,005 - INFO - Epoch 41/1500, PSNR: 24.977719, SSIM: 0.806094, LR: 2.000e-04
2025-03-14 11:45:29,058 - INFO - Epoch 42/1500, PSNR: 25.353553, SSIM: 0.804416, LR: 2.000e-04
2025-03-14 11:46:16,300 - INFO - Epoch 43/1500, PSNR: 24.791690, SSIM: 0.806303, LR: 2.000e-04
2025-03-14 11:47:03,870 - INFO - Epoch 44/1500, PSNR: 25.031141, SSIM: 0.805430, LR: 2.000e-04
2025-03-14 11:47:51,817 - INFO - Epoch 45/1500, PSNR: 24.895915, SSIM: 0.806966, LR: 2.000e-04
2025-03-14 11:48:39,682 - INFO - Epoch 46/1500, PSNR: 25.630339, SSIM: 0.810447, LR: 2.000e-04
2025-03-14 11:48:39,781 - INFO - Saving model with PSNR: 25.630339
2025-03-14 11:49:27,677 - INFO - Epoch 47/1500, PSNR: 25.159371, SSIM: 0.807435, LR: 2.000e-04
2025-03-14 11:50:15,877 - INFO - Epoch 48/1500, PSNR: 25.118397, SSIM: 0.809277, LR: 2.000e-04
2025-03-14 11:51:03,811 - INFO - Epoch 49/1500, PSNR: 25.613172, SSIM: 0.811495, LR: 2.000e-04
2025-03-14 11:51:51,024 - INFO - Epoch 50/1500, PSNR: 25.491769, SSIM: 0.809071, LR: 2.000e-04
2025-03-14 11:52:38,737 - INFO - Epoch 51/1500, PSNR: 24.967339, SSIM: 0.807507, LR: 2.000e-04
2025-03-14 11:53:26,520 - INFO - Epoch 52/1500, PSNR: 25.322868, SSIM: 0.810347, LR: 2.000e-04
2025-03-14 11:54:14,444 - INFO - Epoch 53/1500, PSNR: 24.911263, SSIM: 0.810247, LR: 2.000e-04
2025-03-14 11:55:02,114 - INFO - Epoch 54/1500, PSNR: 23.923421, SSIM: 0.801262, LR: 2.000e-04
2025-03-14 11:55:50,197 - INFO - Epoch 55/1500, PSNR: 25.087508, SSIM: 0.809256, LR: 2.000e-04
2025-03-14 11:56:38,336 - INFO - Epoch 56/1500, PSNR: 25.758966, SSIM: 0.811037, LR: 2.000e-04
2025-03-14 11:56:38,440 - INFO - Saving model with PSNR: 25.758966
2025-03-14 11:57:26,654 - INFO - Epoch 57/1500, PSNR: 25.367250, SSIM: 0.811032, LR: 2.000e-04
2025-03-14 11:58:14,448 - INFO - Epoch 58/1500, PSNR: 25.619033, SSIM: 0.813917, LR: 2.000e-04
2025-03-14 11:59:02,541 - INFO - Epoch 59/1500, PSNR: 24.564523, SSIM: 0.808579, LR: 2.000e-04
2025-03-14 11:59:50,646 - INFO - Epoch 60/1500, PSNR: 25.515899, SSIM: 0.813533, LR: 2.000e-04
2025-03-14 12:00:38,459 - INFO - Epoch 61/1500, PSNR: 24.980132, SSIM: 0.807230, LR: 2.000e-04
2025-03-14 12:01:25,915 - INFO - Epoch 62/1500, PSNR: 25.241404, SSIM: 0.809425, LR: 2.000e-04
2025-03-14 12:02:14,021 - INFO - Epoch 63/1500, PSNR: 25.268797, SSIM: 0.813608, LR: 2.000e-04
2025-03-14 12:03:01,777 - INFO - Epoch 64/1500, PSNR: 24.433586, SSIM: 0.812687, LR: 2.000e-04
2025-03-14 12:03:49,022 - INFO - Epoch 65/1500, PSNR: 24.527039, SSIM: 0.805570, LR: 2.000e-04
2025-03-14 12:04:36,494 - INFO - Epoch 66/1500, PSNR: 25.500297, SSIM: 0.811527, LR: 2.000e-04
2025-03-14 12:05:23,802 - INFO - Epoch 67/1500, PSNR: 25.147346, SSIM: 0.809769, LR: 2.000e-04
2025-03-14 12:06:12,078 - INFO - Epoch 68/1500, PSNR: 25.142447, SSIM: 0.812917, LR: 2.000e-04
2025-03-14 12:07:00,243 - INFO - Epoch 69/1500, PSNR: 25.165858, SSIM: 0.811984, LR: 2.000e-04
2025-03-14 12:07:48,116 - INFO - Epoch 70/1500, PSNR: 25.399488, SSIM: 0.815635, LR: 2.000e-04
2025-03-14 12:08:35,493 - INFO - Epoch 71/1500, PSNR: 25.235308, SSIM: 0.813925, LR: 2.000e-04
2025-03-14 12:09:22,694 - INFO - Epoch 72/1500, PSNR: 25.257261, SSIM: 0.810894, LR: 2.000e-04
2025-03-14 12:10:10,335 - INFO - Epoch 73/1500, PSNR: 25.198364, SSIM: 0.814722, LR: 2.000e-04
2025-03-14 12:10:57,589 - INFO - Epoch 74/1500, PSNR: 25.415431, SSIM: 0.813630, LR: 2.000e-04
2025-03-14 12:11:45,052 - INFO - Epoch 75/1500, PSNR: 25.396061, SSIM: 0.816189, LR: 2.000e-04
2025-03-14 12:12:33,079 - INFO - Epoch 76/1500, PSNR: 25.562403, SSIM: 0.812093, LR: 2.000e-04
2025-03-14 12:13:20,527 - INFO - Epoch 77/1500, PSNR: 25.222277, SSIM: 0.815020, LR: 2.000e-04
2025-03-14 12:14:08,323 - INFO - Epoch 78/1500, PSNR: 25.137117, SSIM: 0.809961, LR: 2.000e-04
2025-03-14 12:14:56,235 - INFO - Epoch 79/1500, PSNR: 24.978129, SSIM: 0.812499, LR: 2.000e-04
2025-03-14 12:15:44,384 - INFO - Epoch 80/1500, PSNR: 25.635375, SSIM: 0.815641, LR: 2.000e-04
2025-03-14 12:16:32,507 - INFO - Epoch 81/1500, PSNR: 25.605243, SSIM: 0.816430, LR: 2.000e-04
2025-03-14 12:17:20,700 - INFO - Epoch 82/1500, PSNR: 25.253391, SSIM: 0.816072, LR: 2.000e-04
2025-03-14 12:18:08,897 - INFO - Epoch 83/1500, PSNR: 24.864986, SSIM: 0.814019, LR: 2.000e-04
2025-03-14 12:18:56,258 - INFO - Epoch 84/1500, PSNR: 25.357376, SSIM: 0.817293, LR: 2.000e-04
2025-03-14 12:19:44,564 - INFO - Epoch 85/1500, PSNR: 25.680903, SSIM: 0.817649, LR: 2.000e-04
2025-03-14 12:20:32,409 - INFO - Epoch 86/1500, PSNR: 25.695689, SSIM: 0.816554, LR: 2.000e-04
2025-03-14 12:21:20,208 - INFO - Epoch 87/1500, PSNR: 25.309414, SSIM: 0.816995, LR: 2.000e-04
2025-03-14 12:22:08,114 - INFO - Epoch 88/1500, PSNR: 24.900540, SSIM: 0.817552, LR: 2.000e-04
2025-03-14 12:22:56,310 - INFO - Epoch 89/1500, PSNR: 25.483405, SSIM: 0.814422, LR: 2.000e-04
2025-03-14 12:23:44,143 - INFO - Epoch 90/1500, PSNR: 25.028584, SSIM: 0.816292, LR: 2.000e-04
2025-03-14 12:24:32,091 - INFO - Epoch 91/1500, PSNR: 25.224945, SSIM: 0.815934, LR: 2.000e-04
2025-03-14 12:25:19,537 - INFO - Epoch 92/1500, PSNR: 25.375537, SSIM: 0.818387, LR: 2.000e-04
2025-03-14 12:26:07,257 - INFO - Epoch 93/1500, PSNR: 25.101357, SSIM: 0.813782, LR: 2.000e-04
2025-03-14 12:26:54,432 - INFO - Epoch 94/1500, PSNR: 25.056349, SSIM: 0.816303, LR: 2.000e-04
2025-03-14 12:27:42,011 - INFO - Epoch 95/1500, PSNR: 25.263367, SSIM: 0.817258, LR: 2.000e-04
2025-03-14 12:28:30,294 - INFO - Epoch 96/1500, PSNR: 25.179526, SSIM: 0.817351, LR: 2.000e-04
2025-03-14 12:29:18,353 - INFO - Epoch 97/1500, PSNR: 25.253851, SSIM: 0.821266, LR: 2.000e-04
2025-03-14 12:30:06,367 - INFO - Epoch 98/1500, PSNR: 25.419087, SSIM: 0.814813, LR: 2.000e-04
2025-03-14 12:30:54,247 - INFO - Epoch 99/1500, PSNR: 25.509092, SSIM: 0.819831, LR: 2.000e-04
2025-03-14 12:31:42,284 - INFO - Epoch 100/1500, PSNR: 25.461378, SSIM: 0.819441, LR: 2.000e-04
2025-03-14 12:32:30,021 - INFO - Epoch 101/1500, PSNR: 24.993057, SSIM: 0.817189, LR: 2.000e-04
2025-03-14 12:33:17,789 - INFO - Epoch 102/1500, PSNR: 24.797472, SSIM: 0.817420, LR: 2.000e-04
2025-03-14 12:34:05,686 - INFO - Epoch 103/1500, PSNR: 24.811249, SSIM: 0.811575, LR: 2.000e-04
2025-03-14 12:34:53,886 - INFO - Epoch 104/1500, PSNR: 24.832390, SSIM: 0.818285, LR: 2.000e-04
2025-03-14 12:35:42,235 - INFO - Epoch 105/1500, PSNR: 25.574261, SSIM: 0.816958, LR: 2.000e-04
2025-03-14 12:36:30,285 - INFO - Epoch 106/1500, PSNR: 25.131189, SSIM: 0.818864, LR: 2.000e-04
2025-03-14 12:37:17,466 - INFO - Epoch 107/1500, PSNR: 25.535646, SSIM: 0.818306, LR: 2.000e-04
2025-03-14 12:38:05,045 - INFO - Epoch 108/1500, PSNR: 25.291728, SSIM: 0.820731, LR: 2.000e-04
2025-03-14 12:38:52,505 - INFO - Epoch 109/1500, PSNR: 25.558241, SSIM: 0.818236, LR: 2.000e-04
2025-03-14 12:39:40,095 - INFO - Epoch 110/1500, PSNR: 25.649981, SSIM: 0.821076, LR: 2.000e-04
2025-03-14 12:40:29,097 - INFO - Epoch 111/1500, PSNR: 25.648688, SSIM: 0.819253, LR: 2.000e-04
2025-03-14 12:41:18,219 - INFO - Epoch 112/1500, PSNR: 24.194940, SSIM: 0.816311, LR: 2.000e-04
2025-03-14 12:42:07,256 - INFO - Epoch 113/1500, PSNR: 25.401082, SSIM: 0.820316, LR: 2.000e-04
2025-03-14 12:42:56,125 - INFO - Epoch 114/1500, PSNR: 25.512924, SSIM: 0.821131, LR: 2.000e-04
2025-03-14 12:43:44,164 - INFO - Epoch 115/1500, PSNR: 24.541362, SSIM: 0.818287, LR: 2.000e-04
2025-03-14 12:44:33,002 - INFO - Epoch 116/1500, PSNR: 25.308776, SSIM: 0.822351, LR: 2.000e-04
2025-03-14 12:45:22,208 - INFO - Epoch 117/1500, PSNR: 25.220910, SSIM: 0.820475, LR: 2.000e-04
2025-03-14 12:46:10,664 - INFO - Epoch 118/1500, PSNR: 25.322989, SSIM: 0.818583, LR: 2.000e-04
2025-03-14 12:46:58,902 - INFO - Epoch 119/1500, PSNR: 25.369996, SSIM: 0.820176, LR: 2.000e-04
2025-03-14 12:47:47,275 - INFO - Epoch 120/1500, PSNR: 25.396858, SSIM: 0.821066, LR: 2.000e-04
2025-03-14 12:48:35,098 - INFO - Epoch 121/1500, PSNR: 24.806769, SSIM: 0.820287, LR: 2.000e-04
2025-03-14 12:49:22,545 - INFO - Epoch 122/1500, PSNR: 25.322391, SSIM: 0.820035, LR: 2.000e-04
2025-03-14 12:50:11,598 - INFO - Epoch 123/1500, PSNR: 24.765012, SSIM: 0.816400, LR: 2.000e-04
2025-03-14 12:50:59,589 - INFO - Epoch 124/1500, PSNR: 25.831252, SSIM: 0.822489, LR: 2.000e-04
2025-03-14 12:50:59,693 - INFO - Saving model with PSNR: 25.831252
2025-03-14 12:51:47,080 - INFO - Epoch 125/1500, PSNR: 25.238146, SSIM: 0.820155, LR: 2.000e-04
2025-03-14 12:52:35,246 - INFO - Epoch 126/1500, PSNR: 25.068355, SSIM: 0.822662, LR: 2.000e-04
2025-03-14 12:53:23,309 - INFO - Epoch 127/1500, PSNR: 25.052910, SSIM: 0.821165, LR: 2.000e-04
2025-03-14 12:54:11,785 - INFO - Epoch 128/1500, PSNR: 25.286757, SSIM: 0.818470, LR: 2.000e-04
2025-03-14 12:54:59,800 - INFO - Epoch 129/1500, PSNR: 25.185721, SSIM: 0.821723, LR: 2.000e-04
2025-03-14 12:55:47,978 - INFO - Epoch 130/1500, PSNR: 25.478695, SSIM: 0.822057, LR: 2.000e-04
2025-03-14 12:56:36,241 - INFO - Epoch 131/1500, PSNR: 25.523213, SSIM: 0.818412, LR: 2.000e-04
2025-03-14 12:57:24,102 - INFO - Epoch 132/1500, PSNR: 25.475746, SSIM: 0.820255, LR: 2.000e-04
2025-03-14 12:58:11,690 - INFO - Epoch 133/1500, PSNR: 25.404371, SSIM: 0.821142, LR: 2.000e-04
2025-03-14 12:58:59,617 - INFO - Epoch 134/1500, PSNR: 25.470201, SSIM: 0.821594, LR: 2.000e-04
2025-03-14 12:59:47,690 - INFO - Epoch 135/1500, PSNR: 25.206249, SSIM: 0.821020, LR: 2.000e-04
2025-03-14 13:00:35,423 - INFO - Epoch 136/1500, PSNR: 25.203364, SSIM: 0.820604, LR: 2.000e-04
2025-03-14 13:01:22,800 - INFO - Epoch 137/1500, PSNR: 25.842909, SSIM: 0.820243, LR: 2.000e-04
2025-03-14 13:01:22,896 - INFO - Saving model with PSNR: 25.842909
2025-03-14 13:02:10,432 - INFO - Epoch 138/1500, PSNR: 24.775707, SSIM: 0.816986, LR: 2.000e-04
2025-03-14 13:02:58,706 - INFO - Epoch 139/1500, PSNR: 25.672034, SSIM: 0.822955, LR: 2.000e-04
2025-03-14 13:03:46,140 - INFO - Epoch 140/1500, PSNR: 25.693157, SSIM: 0.822818, LR: 2.000e-04
2025-03-14 13:04:33,396 - INFO - Epoch 141/1500, PSNR: 25.570032, SSIM: 0.822963, LR: 2.000e-04
2025-03-14 13:05:21,128 - INFO - Epoch 142/1500, PSNR: 25.382953, SSIM: 0.821844, LR: 2.000e-04
2025-03-14 13:06:09,168 - INFO - Epoch 143/1500, PSNR: 24.642287, SSIM: 0.820543, LR: 2.000e-04
2025-03-14 13:06:57,323 - INFO - Epoch 144/1500, PSNR: 25.488186, SSIM: 0.822461, LR: 2.000e-04
2025-03-14 13:07:45,547 - INFO - Epoch 145/1500, PSNR: 25.545958, SSIM: 0.823184, LR: 2.000e-04
2025-03-14 13:08:33,637 - INFO - Epoch 146/1500, PSNR: 25.645060, SSIM: 0.820929, LR: 2.000e-04
2025-03-14 13:09:21,626 - INFO - Epoch 147/1500, PSNR: 25.404364, SSIM: 0.823508, LR: 2.000e-04
2025-03-14 13:10:09,723 - INFO - Epoch 148/1500, PSNR: 25.056072, SSIM: 0.822666, LR: 2.000e-04
2025-03-14 13:10:57,383 - INFO - Epoch 149/1500, PSNR: 25.438383, SSIM: 0.820163, LR: 2.000e-04
2025-03-14 13:11:45,350 - INFO - Epoch 150/1500, PSNR: 25.230120, SSIM: 0.822702, LR: 2.000e-04
2025-03-14 13:12:33,533 - INFO - Epoch 151/1500, PSNR: 24.851606, SSIM: 0.823248, LR: 2.000e-04
2025-03-14 13:13:21,198 - INFO - Epoch 152/1500, PSNR: 25.314146, SSIM: 0.822746, LR: 2.000e-04
2025-03-14 13:14:09,163 - INFO - Epoch 153/1500, PSNR: 25.063851, SSIM: 0.823986, LR: 2.000e-04
2025-03-14 13:14:57,176 - INFO - Epoch 154/1500, PSNR: 25.498400, SSIM: 0.824668, LR: 2.000e-04
2025-03-14 13:15:44,502 - INFO - Epoch 155/1500, PSNR: 25.568003, SSIM: 0.823580, LR: 2.000e-04
2025-03-14 13:16:32,301 - INFO - Epoch 156/1500, PSNR: 25.150604, SSIM: 0.818183, LR: 2.000e-04
2025-03-14 13:17:20,843 - INFO - Epoch 157/1500, PSNR: 25.303859, SSIM: 0.824860, LR: 2.000e-04
2025-03-14 13:18:09,132 - INFO - Epoch 158/1500, PSNR: 25.228657, SSIM: 0.824395, LR: 2.000e-04
2025-03-14 13:18:57,398 - INFO - Epoch 159/1500, PSNR: 25.275339, SSIM: 0.823272, LR: 2.000e-04
2025-03-14 13:19:45,301 - INFO - Epoch 160/1500, PSNR: 25.168115, SSIM: 0.824770, LR: 2.000e-04
2025-03-14 13:20:32,827 - INFO - Epoch 161/1500, PSNR: 25.175339, SSIM: 0.823723, LR: 2.000e-04
2025-03-14 13:21:20,522 - INFO - Epoch 162/1500, PSNR: 25.415573, SSIM: 0.821368, LR: 2.000e-04
2025-03-14 13:22:07,801 - INFO - Epoch 163/1500, PSNR: 25.645996, SSIM: 0.823413, LR: 2.000e-04
2025-03-14 13:22:55,440 - INFO - Epoch 164/1500, PSNR: 25.801940, SSIM: 0.824380, LR: 2.000e-04
2025-03-14 13:23:43,166 - INFO - Epoch 165/1500, PSNR: 25.248835, SSIM: 0.821479, LR: 2.000e-04
2025-03-14 13:24:31,042 - INFO - Epoch 166/1500, PSNR: 24.976714, SSIM: 0.823998, LR: 2.000e-04
2025-03-14 13:25:18,715 - INFO - Epoch 167/1500, PSNR: 25.234579, SSIM: 0.825044, LR: 2.000e-04
2025-03-14 13:26:06,530 - INFO - Epoch 168/1500, PSNR: 25.155525, SSIM: 0.822499, LR: 2.000e-04
2025-03-14 13:26:54,027 - INFO - Epoch 169/1500, PSNR: 25.535718, SSIM: 0.826540, LR: 2.000e-04
2025-03-14 13:27:41,771 - INFO - Epoch 170/1500, PSNR: 25.622799, SSIM: 0.823290, LR: 2.000e-04
2025-03-14 13:28:29,505 - INFO - Epoch 171/1500, PSNR: 25.499353, SSIM: 0.823798, LR: 2.000e-04
2025-03-14 13:29:17,188 - INFO - Epoch 172/1500, PSNR: 25.485134, SSIM: 0.823999, LR: 2.000e-04
2025-03-14 13:30:04,704 - INFO - Epoch 173/1500, PSNR: 25.505478, SSIM: 0.823470, LR: 2.000e-04
2025-03-14 13:30:52,064 - INFO - Epoch 174/1500, PSNR: 25.626491, SSIM: 0.823627, LR: 2.000e-04
2025-03-14 13:31:39,607 - INFO - Epoch 175/1500, PSNR: 25.288233, SSIM: 0.824501, LR: 2.000e-04
2025-03-14 13:32:27,248 - INFO - Epoch 176/1500, PSNR: 25.738716, SSIM: 0.825824, LR: 2.000e-04
2025-03-14 13:33:15,439 - INFO - Epoch 177/1500, PSNR: 25.006650, SSIM: 0.826909, LR: 2.000e-04
2025-03-14 13:34:03,181 - INFO - Epoch 178/1500, PSNR: 25.431077, SSIM: 0.823174, LR: 2.000e-04
2025-03-14 13:34:50,988 - INFO - Epoch 179/1500, PSNR: 25.004299, SSIM: 0.822360, LR: 2.000e-04
2025-03-14 13:35:38,537 - INFO - Epoch 180/1500, PSNR: 25.197441, SSIM: 0.825700, LR: 2.000e-04
2025-03-14 13:36:26,176 - INFO - Epoch 181/1500, PSNR: 24.424603, SSIM: 0.820469, LR: 2.000e-04
2025-03-14 13:37:14,406 - INFO - Epoch 182/1500, PSNR: 25.224495, SSIM: 0.823360, LR: 2.000e-04
2025-03-14 13:38:02,620 - INFO - Epoch 183/1500, PSNR: 25.271178, SSIM: 0.825234, LR: 2.000e-04
2025-03-14 13:38:50,966 - INFO - Epoch 184/1500, PSNR: 25.290683, SSIM: 0.825970, LR: 2.000e-04
2025-03-14 13:39:39,252 - INFO - Epoch 185/1500, PSNR: 25.567195, SSIM: 0.825960, LR: 2.000e-04
2025-03-14 13:40:27,161 - INFO - Epoch 186/1500, PSNR: 25.579632, SSIM: 0.825118, LR: 2.000e-04
2025-03-14 13:41:14,836 - INFO - Epoch 187/1500, PSNR: 25.538108, SSIM: 0.826483, LR: 2.000e-04
2025-03-14 13:42:03,079 - INFO - Epoch 188/1500, PSNR: 24.981251, SSIM: 0.824947, LR: 2.000e-04
2025-03-14 13:42:51,336 - INFO - Epoch 189/1500, PSNR: 25.427734, SSIM: 0.825436, LR: 2.000e-04
2025-03-14 13:43:39,295 - INFO - Epoch 190/1500, PSNR: 25.575523, SSIM: 0.826632, LR: 2.000e-04
2025-03-14 13:44:27,273 - INFO - Epoch 191/1500, PSNR: 25.482843, SSIM: 0.821118, LR: 2.000e-04
2025-03-14 13:45:15,612 - INFO - Epoch 192/1500, PSNR: 25.303135, SSIM: 0.825074, LR: 2.000e-04
2025-03-14 13:46:04,008 - INFO - Epoch 193/1500, PSNR: 25.449500, SSIM: 0.826846, LR: 2.000e-04
2025-03-14 13:46:51,549 - INFO - Epoch 194/1500, PSNR: 25.734667, SSIM: 0.823540, LR: 2.000e-04
2025-03-14 13:47:38,988 - INFO - Epoch 195/1500, PSNR: 25.303937, SSIM: 0.824741, LR: 2.000e-04
2025-03-14 13:48:27,088 - INFO - Epoch 196/1500, PSNR: 25.429092, SSIM: 0.825749, LR: 2.000e-04
2025-03-14 13:49:15,046 - INFO - Epoch 197/1500, PSNR: 25.599024, SSIM: 0.825228, LR: 2.000e-04
2025-03-14 13:50:02,708 - INFO - Epoch 198/1500, PSNR: 25.448758, SSIM: 0.825619, LR: 2.000e-04
2025-03-14 13:50:50,305 - INFO - Epoch 199/1500, PSNR: 25.174583, SSIM: 0.824206, LR: 2.000e-04
2025-03-14 13:51:37,701 - INFO - Epoch 200/1500, PSNR: 25.745774, SSIM: 0.828440, LR: 2.000e-04
2025-03-14 13:52:25,251 - INFO - Epoch 201/1500, PSNR: 25.247996, SSIM: 0.826459, LR: 2.000e-04
2025-03-14 13:53:12,541 - INFO - Epoch 202/1500, PSNR: 25.067197, SSIM: 0.821120, LR: 2.000e-04
2025-03-14 13:54:00,438 - INFO - Epoch 203/1500, PSNR: 25.595741, SSIM: 0.824919, LR: 2.000e-04
2025-03-14 13:54:47,827 - INFO - Epoch 204/1500, PSNR: 25.714100, SSIM: 0.825221, LR: 2.000e-04
2025-03-14 13:55:35,063 - INFO - Epoch 205/1500, PSNR: 25.015339, SSIM: 0.825557, LR: 2.000e-04
2025-03-14 13:56:23,083 - INFO - Epoch 206/1500, PSNR: 25.352529, SSIM: 0.825703, LR: 2.000e-04
2025-03-14 13:57:11,043 - INFO - Epoch 207/1500, PSNR: 25.327782, SSIM: 0.826374, LR: 2.000e-04
2025-03-14 13:57:58,230 - INFO - Epoch 208/1500, PSNR: 25.034785, SSIM: 0.825315, LR: 2.000e-04
2025-03-14 13:58:45,891 - INFO - Epoch 209/1500, PSNR: 25.911885, SSIM: 0.827652, LR: 2.000e-04
2025-03-14 13:58:45,988 - INFO - Saving model with PSNR: 25.911885
2025-03-14 13:59:33,611 - INFO - Epoch 210/1500, PSNR: 25.735382, SSIM: 0.823454, LR: 2.000e-04
2025-03-14 14:00:20,746 - INFO - Epoch 211/1500, PSNR: 25.331263, SSIM: 0.824554, LR: 2.000e-04
2025-03-14 14:01:08,849 - INFO - Epoch 212/1500, PSNR: 25.691617, SSIM: 0.825128, LR: 2.000e-04
2025-03-14 14:01:56,790 - INFO - Epoch 213/1500, PSNR: 25.698338, SSIM: 0.828090, LR: 2.000e-04
2025-03-14 14:02:44,796 - INFO - Epoch 214/1500, PSNR: 25.663304, SSIM: 0.826807, LR: 2.000e-04
2025-03-14 14:03:32,354 - INFO - Epoch 215/1500, PSNR: 25.014301, SSIM: 0.822994, LR: 2.000e-04
2025-03-14 14:04:20,333 - INFO - Epoch 216/1500, PSNR: 24.919232, SSIM: 0.820945, LR: 2.000e-04
2025-03-14 14:05:08,304 - INFO - Epoch 217/1500, PSNR: 25.413907, SSIM: 0.824388, LR: 2.000e-04
2025-03-14 14:05:56,144 - INFO - Epoch 218/1500, PSNR: 25.180842, SSIM: 0.825974, LR: 2.000e-04
2025-03-14 14:06:43,360 - INFO - Epoch 219/1500, PSNR: 25.175385, SSIM: 0.822959, LR: 2.000e-04
2025-03-14 14:07:30,532 - INFO - Epoch 220/1500, PSNR: 25.600574, SSIM: 0.826216, LR: 2.000e-04
2025-03-14 14:08:17,855 - INFO - Epoch 221/1500, PSNR: 25.564186, SSIM: 0.818217, LR: 2.000e-04
2025-03-14 14:09:05,407 - INFO - Epoch 222/1500, PSNR: 25.883004, SSIM: 0.826639, LR: 2.000e-04
2025-03-14 14:09:53,550 - INFO - Epoch 223/1500, PSNR: 25.162103, SSIM: 0.828292, LR: 2.000e-04
2025-03-14 14:10:41,232 - INFO - Epoch 224/1500, PSNR: 25.573956, SSIM: 0.824418, LR: 2.000e-04
2025-03-14 14:11:29,477 - INFO - Epoch 225/1500, PSNR: 25.215193, SSIM: 0.827400, LR: 2.000e-04
2025-03-14 14:12:17,360 - INFO - Epoch 226/1500, PSNR: 25.324768, SSIM: 0.826364, LR: 2.000e-04
2025-03-14 14:13:04,802 - INFO - Epoch 227/1500, PSNR: 25.621086, SSIM: 0.828163, LR: 2.000e-04
2025-03-14 14:13:52,558 - INFO - Epoch 228/1500, PSNR: 25.524587, SSIM: 0.822496, LR: 2.000e-04
2025-03-14 14:14:40,699 - INFO - Epoch 229/1500, PSNR: 25.468047, SSIM: 0.826794, LR: 2.000e-04
2025-03-14 14:15:27,854 - INFO - Epoch 230/1500, PSNR: 25.218075, SSIM: 0.824174, LR: 2.000e-04
2025-03-14 14:16:15,937 - INFO - Epoch 231/1500, PSNR: 25.460826, SSIM: 0.826049, LR: 2.000e-04
2025-03-14 14:17:04,075 - INFO - Epoch 232/1500, PSNR: 25.535473, SSIM: 0.827139, LR: 2.000e-04
2025-03-14 14:17:52,202 - INFO - Epoch 233/1500, PSNR: 25.671207, SSIM: 0.827425, LR: 2.000e-04
2025-03-14 14:18:39,956 - INFO - Epoch 234/1500, PSNR: 25.388783, SSIM: 0.821935, LR: 2.000e-04
2025-03-14 14:19:27,769 - INFO - Epoch 235/1500, PSNR: 25.588936, SSIM: 0.826777, LR: 2.000e-04
2025-03-14 14:20:15,826 - INFO - Epoch 236/1500, PSNR: 25.321554, SSIM: 0.828245, LR: 2.000e-04
2025-03-14 14:21:03,765 - INFO - Epoch 237/1500, PSNR: 25.615870, SSIM: 0.827575, LR: 2.000e-04
2025-03-14 14:21:51,564 - INFO - Epoch 238/1500, PSNR: 25.361813, SSIM: 0.827578, LR: 2.000e-04
2025-03-14 14:22:39,730 - INFO - Epoch 239/1500, PSNR: 24.985098, SSIM: 0.826776, LR: 2.000e-04
2025-03-14 14:23:27,266 - INFO - Epoch 240/1500, PSNR: 25.640545, SSIM: 0.826745, LR: 2.000e-04
2025-03-14 14:24:14,535 - INFO - Epoch 241/1500, PSNR: 25.568341, SSIM: 0.828443, LR: 2.000e-04
2025-03-14 14:25:02,299 - INFO - Epoch 242/1500, PSNR: 25.801385, SSIM: 0.826644, LR: 2.000e-04
2025-03-14 14:25:49,700 - INFO - Epoch 243/1500, PSNR: 25.246689, SSIM: 0.822932, LR: 2.000e-04
2025-03-14 14:26:36,923 - INFO - Epoch 244/1500, PSNR: 25.619925, SSIM: 0.825056, LR: 2.000e-04
2025-03-14 14:27:24,176 - INFO - Epoch 245/1500, PSNR: 25.356036, SSIM: 0.828100, LR: 2.000e-04
2025-03-14 14:28:12,098 - INFO - Epoch 246/1500, PSNR: 25.096092, SSIM: 0.827163, LR: 2.000e-04
2025-03-14 14:28:59,308 - INFO - Epoch 247/1500, PSNR: 25.822653, SSIM: 0.826800, LR: 2.000e-04
2025-03-14 14:29:47,665 - INFO - Epoch 248/1500, PSNR: 25.814095, SSIM: 0.824865, LR: 2.000e-04
2025-03-14 14:30:35,632 - INFO - Epoch 249/1500, PSNR: 25.801231, SSIM: 0.827626, LR: 2.000e-04
2025-03-14 14:31:23,729 - INFO - Epoch 250/1500, PSNR: 25.462253, SSIM: 0.827076, LR: 2.000e-04
2025-03-14 14:32:11,489 - INFO - Epoch 251/1500, PSNR: 25.456520, SSIM: 0.826666, LR: 2.000e-04
2025-03-14 14:32:58,961 - INFO - Epoch 252/1500, PSNR: 25.336951, SSIM: 0.824263, LR: 2.000e-04
2025-03-14 14:33:47,016 - INFO - Epoch 253/1500, PSNR: 25.689248, SSIM: 0.827461, LR: 2.000e-04
2025-03-14 14:34:34,773 - INFO - Epoch 254/1500, PSNR: 25.349945, SSIM: 0.828020, LR: 2.000e-04
2025-03-14 14:35:22,760 - INFO - Epoch 255/1500, PSNR: 25.498516, SSIM: 0.828083, LR: 2.000e-04
2025-03-14 14:36:11,054 - INFO - Epoch 256/1500, PSNR: 25.248017, SSIM: 0.819028, LR: 2.000e-04
2025-03-14 14:36:58,885 - INFO - Epoch 257/1500, PSNR: 25.731398, SSIM: 0.827674, LR: 2.000e-04
2025-03-14 14:37:46,822 - INFO - Epoch 258/1500, PSNR: 25.237885, SSIM: 0.822101, LR: 2.000e-04
2025-03-14 14:38:34,557 - INFO - Epoch 259/1500, PSNR: 25.394746, SSIM: 0.826292, LR: 2.000e-04
2025-03-14 14:39:22,630 - INFO - Epoch 260/1500, PSNR: 25.502016, SSIM: 0.828396, LR: 2.000e-04
2025-03-14 14:40:10,538 - INFO - Epoch 261/1500, PSNR: 25.721234, SSIM: 0.826033, LR: 2.000e-04
2025-03-14 14:40:58,741 - INFO - Epoch 262/1500, PSNR: 25.889836, SSIM: 0.829686, LR: 2.000e-04
2025-03-14 14:41:46,397 - INFO - Epoch 263/1500, PSNR: 25.872341, SSIM: 0.826838, LR: 2.000e-04
2025-03-14 14:42:34,400 - INFO - Epoch 264/1500, PSNR: 25.792391, SSIM: 0.829785, LR: 2.000e-04
2025-03-14 14:43:22,062 - INFO - Epoch 265/1500, PSNR: 25.196742, SSIM: 0.827232, LR: 2.000e-04
2025-03-14 14:44:10,252 - INFO - Epoch 266/1500, PSNR: 25.220702, SSIM: 0.826944, LR: 2.000e-04
2025-03-14 14:44:58,090 - INFO - Epoch 267/1500, PSNR: 25.191696, SSIM: 0.825753, LR: 2.000e-04
2025-03-14 14:45:46,003 - INFO - Epoch 268/1500, PSNR: 25.647307, SSIM: 0.828610, LR: 2.000e-04
2025-03-14 14:46:34,199 - INFO - Epoch 269/1500, PSNR: 25.479541, SSIM: 0.828694, LR: 2.000e-04
2025-03-14 14:47:21,813 - INFO - Epoch 270/1500, PSNR: 25.242447, SSIM: 0.825831, LR: 2.000e-04
